Archive member included to satisfy reference by file (symbol)

c:/stm32toolchain/gcc-arm-none-eabi-10.3-2021.10/bin/../lib/gcc/arm-none-eabi/10.3.1/thumb/v7e-m/nofp\libgcc.a(_arm_mulsf3.o)
                              CMakeFiles/XHB.elf.dir/Core/Src/UltraSound.c.obj (__aeabi_fmul)
c:/stm32toolchain/gcc-arm-none-eabi-10.3-2021.10/bin/../lib/gcc/arm-none-eabi/10.3.1/thumb/v7e-m/nofp\libgcc.a(_arm_addsubsf3.o)
                              CMakeFiles/XHB.elf.dir/Core/Src/UltraSound.c.obj (__aeabi_ui2f)
c:/stm32toolchain/gcc-arm-none-eabi-10.3-2021.10/bin/../lib/gcc/arm-none-eabi/10.3.1/thumb/v7e-m/nofp\libgcc.a(_arm_muldivsf3.o)
                              CMakeFiles/XHB.elf.dir/Core/Src/UltraSound.c.obj (__aeabi_fdiv)
c:/stm32toolchain/gcc-arm-none-eabi-10.3-2021.10/bin/../lib/gcc/arm-none-eabi/10.3.1/thumb/v7e-m/nofp\libgcc.a(_aeabi_uldivmod.o)
                              CMakeFiles/XHB.elf.dir/Drivers/STM32F4xx_HAL_Driver/Src/stm32f4xx_hal_rcc.c.obj (__aeabi_uldivmod)
c:/stm32toolchain/gcc-arm-none-eabi-10.3-2021.10/bin/../lib/gcc/arm-none-eabi/10.3.1/thumb/v7e-m/nofp\libgcc.a(_udivmoddi4.o)
                              c:/stm32toolchain/gcc-arm-none-eabi-10.3-2021.10/bin/../lib/gcc/arm-none-eabi/10.3.1/thumb/v7e-m/nofp\libgcc.a(_aeabi_uldivmod.o) (__udivmoddi4)
c:/stm32toolchain/gcc-arm-none-eabi-10.3-2021.10/bin/../lib/gcc/arm-none-eabi/10.3.1/thumb/v7e-m/nofp\libgcc.a(_dvmd_tls.o)
                              c:/stm32toolchain/gcc-arm-none-eabi-10.3-2021.10/bin/../lib/gcc/arm-none-eabi/10.3.1/thumb/v7e-m/nofp\libgcc.a(_aeabi_uldivmod.o) (__aeabi_ldiv0)
c:/stm32toolchain/gcc-arm-none-eabi-10.3-2021.10/bin/../lib/gcc/arm-none-eabi/10.3.1/../../../../arm-none-eabi/lib/thumb/v7e-m/nofp\libg.a(lib_a-errno.o)
                              CMakeFiles/XHB.elf.dir/Core/Src/retarget.c.obj (__errno)
c:/stm32toolchain/gcc-arm-none-eabi-10.3-2021.10/bin/../lib/gcc/arm-none-eabi/10.3.1/../../../../arm-none-eabi/lib/thumb/v7e-m/nofp\libg.a(lib_a-exit.o)
                              c:/stm32toolchain/gcc-arm-none-eabi-10.3-2021.10/bin/../lib/gcc/arm-none-eabi/10.3.1/../../../../arm-none-eabi/lib/thumb/v7e-m/nofp/crt0.o (exit)
c:/stm32toolchain/gcc-arm-none-eabi-10.3-2021.10/bin/../lib/gcc/arm-none-eabi/10.3.1/../../../../arm-none-eabi/lib/thumb/v7e-m/nofp\libg.a(lib_a-impure.o)
                              c:/stm32toolchain/gcc-arm-none-eabi-10.3-2021.10/bin/../lib/gcc/arm-none-eabi/10.3.1/../../../../arm-none-eabi/lib/thumb/v7e-m/nofp\libg.a(lib_a-exit.o) (_global_impure_ptr)
c:/stm32toolchain/gcc-arm-none-eabi-10.3-2021.10/bin/../lib/gcc/arm-none-eabi/10.3.1/../../../../arm-none-eabi/lib/thumb/v7e-m/nofp\libg.a(lib_a-init.o)
                              c:/stm32toolchain/gcc-arm-none-eabi-10.3-2021.10/bin/../lib/gcc/arm-none-eabi/10.3.1/../../../../arm-none-eabi/lib/thumb/v7e-m/nofp/crt0.o (__libc_init_array)
c:/stm32toolchain/gcc-arm-none-eabi-10.3-2021.10/bin/../lib/gcc/arm-none-eabi/10.3.1/../../../../arm-none-eabi/lib/thumb/v7e-m/nofp\libg.a(lib_a-memset.o)
                              c:/stm32toolchain/gcc-arm-none-eabi-10.3-2021.10/bin/../lib/gcc/arm-none-eabi/10.3.1/../../../../arm-none-eabi/lib/thumb/v7e-m/nofp/crt0.o (memset)
c:/stm32toolchain/gcc-arm-none-eabi-10.3-2021.10/bin/../lib/gcc/arm-none-eabi/10.3.1/../../../../arm-none-eabi/lib/thumb/v7e-m/nofp\libg.a(lib_a-printf.o)
                              CMakeFiles/XHB.elf.dir/Core/Src/GreySensor.c.obj (printf)
c:/stm32toolchain/gcc-arm-none-eabi-10.3-2021.10/bin/../lib/gcc/arm-none-eabi/10.3.1/../../../../arm-none-eabi/lib/thumb/v7e-m/nofp\libg.a(lib_a-putchar.o)
                              CMakeFiles/XHB.elf.dir/Core/Src/GreySensor.c.obj (putchar)
c:/stm32toolchain/gcc-arm-none-eabi-10.3-2021.10/bin/../lib/gcc/arm-none-eabi/10.3.1/../../../../arm-none-eabi/lib/thumb/v7e-m/nofp\libg.a(lib_a-setvbuf.o)
                              CMakeFiles/XHB.elf.dir/Core/Src/retarget.c.obj (setvbuf)
c:/stm32toolchain/gcc-arm-none-eabi-10.3-2021.10/bin/../lib/gcc/arm-none-eabi/10.3.1/../../../../arm-none-eabi/lib/thumb/v7e-m/nofp\libg.a(lib_a-vfprintf.o)
                              c:/stm32toolchain/gcc-arm-none-eabi-10.3-2021.10/bin/../lib/gcc/arm-none-eabi/10.3.1/../../../../arm-none-eabi/lib/thumb/v7e-m/nofp\libg.a(lib_a-printf.o) (_vfprintf_r)
c:/stm32toolchain/gcc-arm-none-eabi-10.3-2021.10/bin/../lib/gcc/arm-none-eabi/10.3.1/../../../../arm-none-eabi/lib/thumb/v7e-m/nofp\libg.a(lib_a-wsetup.o)
                              c:/stm32toolchain/gcc-arm-none-eabi-10.3-2021.10/bin/../lib/gcc/arm-none-eabi/10.3.1/../../../../arm-none-eabi/lib/thumb/v7e-m/nofp\libg.a(lib_a-vfprintf.o) (__swsetup_r)
c:/stm32toolchain/gcc-arm-none-eabi-10.3-2021.10/bin/../lib/gcc/arm-none-eabi/10.3.1/../../../../arm-none-eabi/lib/thumb/v7e-m/nofp\libg.a(lib_a-__call_atexit.o)
                              c:/stm32toolchain/gcc-arm-none-eabi-10.3-2021.10/bin/../lib/gcc/arm-none-eabi/10.3.1/../../../../arm-none-eabi/lib/thumb/v7e-m/nofp\libg.a(lib_a-exit.o) (__call_exitprocs)
[...]
Memory Configuration

Name             Origin             Length             Attributes
RAM              0x20000000         0x00020000         xrw
FLASH            0x08000000         0x00080000         xr
*default*        0x00000000         0xffffffff

Linker script and memory map

LOAD c:/stm32toolchain/gcc-arm-none-eabi-10.3-2021.10/bin/../lib/gcc/arm-none-eabi/10.3.1/thumb/v7e-m/nofp/crti.o
LOAD c:/stm32toolchain/gcc-arm-none-eabi-10.3-2021.10/bin/../lib/gcc/arm-none-eabi/10.3.1/thumb/v7e-m/nofp/crtbegin.o
LOAD c:/stm32toolchain/gcc-arm-none-eabi-10.3-2021.10/bin/../lib/gcc/arm-none-eabi/10.3.1/../../../../arm-none-eabi/lib/thumb/v7e-m/nofp/crt0.o
LOAD CMakeFiles/XHB.elf.dir/Core/Src/GreySensor.c.obj
LOAD CMakeFiles/XHB.elf.dir/Core/Src/UltraSound.c.obj
LOAD CMakeFiles/XHB.elf.dir/Core/Src/gpio.c.obj
LOAD CMakeFiles/XHB.elf.dir/Core/Src/i2c.c.obj
LOAD CMakeFiles/XHB.elf.dir/Core/Src/main.c.obj
LOAD CMakeFiles/XHB.elf.dir/Core/Src/motor.c.obj
LOAD CMakeFiles/XHB.elf.dir/Core/Src/oled.c.obj
LOAD CMakeFiles/XHB.elf.dir/Core/Src/retarget.c.obj
LOAD CMakeFiles/XHB.elf.dir/Core/Src/stm32f4xx_hal_msp.c.obj
LOAD CMakeFiles/XHB.elf.dir/Core/Src/stm32f4xx_it.c.obj
LOAD CMakeFiles/XHB.elf.dir/Core/Src/syscalls.c.obj
LOAD CMakeFiles/XHB.elf.dir/Core/Src/sysmem.c.obj
LOAD CMakeFiles/XHB.elf.dir/Core/Src/system_stm32f4xx.c.obj
LOAD CMakeFiles/XHB.elf.dir/Core/Src/tim.c.obj
LOAD CMakeFiles/XHB.elf.dir/Core/Src/usart.c.obj
LOAD CMakeFiles/XHB.elf.dir/Core/Startup/startup_stm32f411ceux.s.obj
LOAD CMakeFiles/XHB.elf.dir/Drivers/STM32F4xx_HAL_Driver/Src/stm32f4xx_hal.c.obj
LOAD CMakeFiles/XHB.elf.dir/Drivers/STM32F4xx_HAL_Driver/Src/stm32f4xx_hal_cortex.c.obj
LOAD CMakeFiles/XHB.elf.dir/Drivers/STM32F4xx_HAL_Driver/Src/stm32f4xx_hal_dma.c.obj
LOAD CMakeFiles/XHB.elf.dir/Drivers/STM32F4xx_HAL_Driver/Src/stm32f4xx_hal_dma_ex.c.obj
LOAD CMakeFiles/XHB.elf.dir/Drivers/STM32F4xx_HAL_Driver/Src/stm32f4xx_hal_exti.c.obj
LOAD CMakeFiles/XHB.elf.dir/Drivers/STM32F4xx_HAL_Driver/Src/stm32f4xx_hal_flash.c.obj
LOAD CMakeFiles/XHB.elf.dir/Drivers/STM32F4xx_HAL_Driver/Src/stm32f4xx_hal_flash_ex.c.obj
LOAD CMakeFiles/XHB.elf.dir/Drivers/STM32F4xx_HAL_Driver/Src/stm32f4xx_hal_flash_ramfunc.c.obj
LOAD CMakeFiles/XHB.elf.dir/Drivers/STM32F4xx_HAL_Driver/Src/stm32f4xx_hal_gpio.c.obj
LOAD CMakeFiles/XHB.elf.dir/Drivers/STM32F4xx_HAL_Driver/Src/stm32f4xx_hal_i2c.c.obj
LOAD CMakeFiles/XHB.elf.dir/Drivers/STM32F4xx_HAL_Driver/Src/stm32f4xx_hal_i2c_ex.c.obj
LOAD CMakeFiles/XHB.elf.dir/Drivers/STM32F4xx_HAL_Driver/Src/stm32f4xx_hal_pwr.c.obj
LOAD CMakeFiles/XHB.elf.dir/Drivers/STM32F4xx_HAL_Driver/Src/stm32f4xx_hal_pwr_ex.c.obj
LOAD CMakeFiles/XHB.elf.dir/Drivers/STM32F4xx_HAL_Driver/Src/stm32f4xx_hal_rcc.c.obj
LOAD CMakeFiles/XHB.elf.dir/Drivers/STM32F4xx_HAL_Driver/Src/stm32f4xx_hal_rcc_ex.c.obj
LOAD CMakeFiles/XHB.elf.dir/Drivers/STM32F4xx_HAL_Driver/Src/stm32f4xx_hal_tim.c.obj
LOAD CMakeFiles/XHB.elf.dir/Drivers/STM32F4xx_HAL_Driver/Src/stm32f4xx_hal_tim_ex.c.obj
LOAD CMakeFiles/XHB.elf.dir/Drivers/STM32F4xx_HAL_Driver/Src/stm32f4xx_hal_uart.c.obj
START GROUP
LOAD c:/stm32toolchain/gcc-arm-none-eabi-10.3-2021.10/bin/../lib/gcc/arm-none-eabi/10.3.1/thumb/v7e-m/nofp\libgcc.a
LOAD c:/stm32toolchain/gcc-arm-none-eabi-10.3-2021.10/bin/../lib/gcc/arm-none-eabi/10.3.1/../../../../arm-none-eabi/lib/thumb/v7e-m/nofp\libg.a
LOAD c:/stm32toolchain/gcc-arm-none-eabi-10.3-2021.10/bin/../lib/gcc/arm-none-eabi/10.3.1/../../../../arm-none-eabi/lib/thumb/v7e-m/nofp\libc.a
END GROUP
LOAD c:/stm32toolchain/gcc-arm-none-eabi-10.3-2021.10/bin/../lib/gcc/arm-none-eabi/10.3.1/thumb/v7e-m/nofp/crtend.o
LOAD c:/stm32toolchain/gcc-arm-none-eabi-10.3-2021.10/bin/../lib/gcc/arm-none-eabi/10.3.1/thumb/v7e-m/nofp/crtn.o
                0x20020000                _estack = (ORIGIN (RAM) + LENGTH (RAM))
                0x00000200                _Min_Heap_Size = 0x200
                0x00000400                _Min_Stack_Size = 0x400

.isr_vector     0x08000000      0x198
                0x08000000                . = ALIGN (0x4)
 *(.isr_vector)
 .isr_vector    0x08000000      0x198 CMakeFiles/XHB.elf.dir/Core/Startup/startup_stm32f411ceux.s.obj
                0x08000000                g_pfnVectors
                0x08000198                . = ALIGN (0x4)

.text           0x080001c0     0xad14
                0x080001c0                . = ALIGN (0x4)
 *(.text)
 .text          0x080001c0       0x40 c:/stm32toolchain/gcc-arm-none-eabi-10.3-2021.10/bin/../lib/gcc/arm-none-eabi/10.3.1/thumb/v7e-m/nofp/crtbegin.o
 .text          0x08000200       0x30 c:/stm32toolchain/gcc-arm-none-eabi-10.3-2021.10/bin/../lib/gcc/arm-none-eabi/10.3.1/thumb/v7e-m/nofp\libgcc.a(_aeabi_uldivmod.o)
                0x08000200                __aeabi_uldivmod
 .text          0x08000230      0x2d0 c:/stm32toolchain/gcc-arm-none-eabi-10.3-2021.10/bin/../lib/gcc/arm-none-eabi/10.3.1/thumb/v7e-m/nofp\libgcc.a(_udivmoddi4.o)
                0x08000230                __udivmoddi4
 .text          0x08000500        0x4 c:/stm32toolchain/gcc-arm-none-eabi-10.3-2021.10/bin/../lib/gcc/arm-none-eabi/10.3.1/thumb/v7e-m/nofp\libgcc.a(_dvmd_tls.o)
                0x08000500                __aeabi_idiv0
                0x08000500                __aeabi_ldiv0
 *fill*         0x08000504        0xc 
 .text          0x08000510       0xa0 c:/stm32toolchain/gcc-arm-none-eabi-10.3-2021.10/bin/../lib/gcc/arm-none-eabi/10.3.1/../../../../arm-none-eabi/lib/thumb/v7e-m/nofp\libg.a(lib_a-memchr.o)
                0x08000510                memchr
 .text          0x080005b0      0x134 c:/stm32toolchain/gcc-arm-none-eabi-10.3-2021.10/bin/../lib/gcc/arm-none-eabi/10.3.1/../../../../arm-none-eabi/lib/thumb/v7e-m/nofp\libg.a(lib_a-memcpy.o)
                0x080005b0                memcpy
 *fill*         0x080006e4       0x1c 
 .text          0x08000700       0xdc c:/stm32toolchain/gcc-arm-none-eabi-10.3-2021.10/bin/../lib/gcc/arm-none-eabi/10.3.1/../../../../arm-none-eabi/lib/thumb/v7e-m/nofp\libg.a(lib_a-strlen.o)
                0x08000700                strlen
 .text          0x080007dc      0x378 c:/stm32toolchain/gcc-arm-none-eabi-10.3-2021.10/bin/../lib/gcc/arm-none-eabi/10.3.1/thumb/v7e-m/nofp\libgcc.a(_arm_addsubdf3.o)
                0x080007dc                __aeabi_drsub
                0x080007e4                __aeabi_dsub
                0x080007e4                __subdf3
                0x080007e8                __aeabi_dadd
                0x080007e8                __adddf3
                0x08000a60                __floatunsidf
                0x08000a60                __aeabi_ui2d
                0x08000a80                __floatsidf
                0x08000a80                __aeabi_i2d
                0x08000aa4                __aeabi_f2d
                0x08000aa4                __extendsfdf2
                0x08000ae8                __floatundidf
                0x08000ae8                __aeabi_ul2d
                0x08000af8                __floatdidf
                0x08000af8                __aeabi_l2d
 .text          0x08000b54      0x424 c:/stm32toolchain/gcc-arm-none-eabi-10.3-2021.10/bin/../lib/gcc/arm-none-eabi/10.3.1/thumb/v7e-m/nofp\libgcc.a(_arm_muldivdf3.o)
                0x08000b54                __aeabi_dmul
                0x08000b54                __muldf3
                0x08000da8                __divdf3
                0x08000da8                __aeabi_ddiv
 .text          0x08000f78      0x110 c:/stm32toolchain/gcc-arm-none-eabi-10.3-2021.10/bin/../lib/gcc/arm-none-eabi/10.3.1/thumb/v7e-m/nofp\libgcc.a(_arm_cmpdf2.o)
                0x08000f78                __gtdf2
                0x08000f78                __gedf2
                0x08000f80                __ltdf2
                0x08000f80                __ledf2
                0x08000f88                __nedf2
                0x08000f88                __eqdf2
                0x08000f88                __cmpdf2
                0x08001004                __aeabi_cdrcmple
                0x08001014                __aeabi_cdcmpeq
                0x08001014                __aeabi_cdcmple
                0x08001024                __aeabi_dcmpeq
                0x08001038                __aeabi_dcmplt
                0x0800104c                __aeabi_dcmple
                0x08001060                __aeabi_dcmpge
                0x08001074                __aeabi_dcmpgt
 .text          0x08001088       0x2c c:/stm32toolchain/gcc-arm-none-eabi-10.3-2021.10/bin/../lib/gcc/arm-none-eabi/10.3.1/thumb/v7e-m/nofp\libgcc.a(_arm_unorddf2.o)
                0x08001088                __unorddf2
                0x08001088                __aeabi_dcmpun
 .text          0x080010b4       0x50 c:/stm32toolchain/gcc-arm-none-eabi-10.3-2021.10/bin/../lib/gcc/arm-none-eabi/10.3.1/thumb/v7e-m/nofp\libgcc.a(_arm_fixdfsi.o)
                0x080010b4                __aeabi_d2iz
                0x080010b4                __fixdfsi
 *(.text*)
 .text.GreySensor_Init
                0x08001104        0xc CMakeFiles/XHB.elf.dir/Core/Src/GreySensor.c.obj
                0x08001104                GreySensor_Init
 .text.GreySensor_Update
                0x08001110      0x140 CMakeFiles/XHB.elf.dir/Core/Src/GreySensor.c.obj
                0x08001110                GreySensor_Update
 .text.GreySensor_GetADC
                0x08001250       0x58 CMakeFiles/XHB.elf.dir/Core/Src/GreySensor.c.obj
                0x08001250                GreySensor_GetADC
 .text.UltraSound_Init
                0x080012a8       0x14 CMakeFiles/XHB.elf.dir/Core/Src/UltraSound.c.obj
                0x080012a8                UltraSound_Init
 .text.MX_GPIO_Init
                0x080012bc       0xc4 CMakeFiles/XHB.elf.dir/Core/Src/gpio.c.obj
                0x080012bc                MX_GPIO_Init
 .text.MX_I2C1_Init
                0x08001380       0x3c CMakeFiles/XHB.elf.dir/Core/Src/i2c.c.obj
                0x08001380                MX_I2C1_Init
 .text.HAL_I2C_MspInit
                0x080013bc       0x70 CMakeFiles/XHB.elf.dir/Core/Src/i2c.c.obj
                0x080013bc                HAL_I2C_MspInit
 .text.HAL_I2C_MspDeInit
                0x0800142c       0x38 CMakeFiles/XHB.elf.dir/Core/Src/i2c.c.obj
                0x0800142c                HAL_I2C_MspDeInit
 .text.HAL_UART_RxCpltCallback
                0x08001464       0x20 CMakeFiles/XHB.elf.dir/Core/Src/main.c.obj
                0x08001464                HAL_UART_RxCpltCallback
 .text.HAL_TIM_IC_CaptureCallback
                0x08001484       0x58 CMakeFiles/XHB.elf.dir/Core/Src/main.c.obj
                0x08001484                HAL_TIM_IC_CaptureCallback
 .text.Error_Handler
                0x080014dc        0x4 CMakeFiles/XHB.elf.dir/Core/Src/main.c.obj
                0x080014dc                Error_Handler
 .text.SystemClock_Config
                0x080014e0       0xa4 CMakeFiles/XHB.elf.dir/Core/Src/main.c.obj
                0x080014e0                SystemClock_Config
 .text.main     0x08001584       0xcc CMakeFiles/XHB.elf.dir/Core/Src/main.c.obj
                0x08001584                main
 .text.IN1_2_FWD
                0x08001650       0x10 CMakeFiles/XHB.elf.dir/Core/Src/motor.c.obj
                0x08001650                IN1_2_FWD
 .text.IN1_2_REV
                0x08001660       0x10 CMakeFiles/XHB.elf.dir/Core/Src/motor.c.obj
                0x08001660                IN1_2_REV
 .text.IN3_4_FWD
                0x08001670       0x10 CMakeFiles/XHB.elf.dir/Core/Src/motor.c.obj
                0x08001670                IN3_4_FWD
 .text.IN3_4_REV
                0x08001680       0x10 CMakeFiles/XHB.elf.dir/Core/Src/motor.c.obj
                0x08001680                IN3_4_REV
 .text.INa_b_FWD
                0x08001690       0x18 CMakeFiles/XHB.elf.dir/Core/Src/motor.c.obj
                0x08001690                INa_b_FWD
 .text.INa_b_REV
                0x080016a8       0x18 CMakeFiles/XHB.elf.dir/Core/Src/motor.c.obj
                0x080016a8                INa_b_REV
 .text.INc_d_FWD
                0x080016c0       0x10 CMakeFiles/XHB.elf.dir/Core/Src/motor.c.obj
                0x080016c0                INc_d_FWD
 .text.INc_d_REV
                0x080016d0       0x10 CMakeFiles/XHB.elf.dir/Core/Src/motor.c.obj
                0x080016d0                INc_d_REV
 .text.IN_L_FWD
                0x080016e0        0xc CMakeFiles/XHB.elf.dir/Core/Src/motor.c.obj
                0x080016e0                IN_L_FWD
 .text.IN_R_FWD
                0x080016ec        0xc CMakeFiles/XHB.elf.dir/Core/Src/motor.c.obj
                0x080016ec                IN_R_FWD
 .text.IN_L_REV
                0x080016f8        0xc CMakeFiles/XHB.elf.dir/Core/Src/motor.c.obj
                0x080016f8                IN_L_REV
 .text.IN_R_REV
                0x08001704        0xc CMakeFiles/XHB.elf.dir/Core/Src/motor.c.obj
                0x08001704                IN_R_REV
 .text.IN1_2_SPD
                0x08001710       0x10 CMakeFiles/XHB.elf.dir/Core/Src/motor.c.obj
                0x08001710                IN1_2_SPD
 .text.IN3_4_SPD
                0x08001720       0x10 CMakeFiles/XHB.elf.dir/Core/Src/motor.c.obj
                0x08001720                IN3_4_SPD
 .text.INa_b_SPD
                0x08001730       0x10 CMakeFiles/XHB.elf.dir/Core/Src/motor.c.obj
                0x08001730                INa_b_SPD
 .text.INc_d_SPD
                0x08001740       0x10 CMakeFiles/XHB.elf.dir/Core/Src/motor.c.obj
                0x08001740                INc_d_SPD
 .text.IN_GoStraight
                0x08001750       0x24 CMakeFiles/XHB.elf.dir/Core/Src/motor.c.obj
                0x08001750                IN_GoStraight
 .text.IN_TurnLeft_s
                0x08001774       0x24 CMakeFiles/XHB.elf.dir/Core/Src/motor.c.obj
                0x08001774                IN_TurnLeft_s
 .text.IN_TurnLeft_m
                0x08001798       0x24 CMakeFiles/XHB.elf.dir/Core/Src/motor.c.obj
                0x08001798                IN_TurnLeft_m
 .text.IN_TurnLeft_l
                0x080017bc       0x24 CMakeFiles/XHB.elf.dir/Core/Src/motor.c.obj
                0x080017bc                IN_TurnLeft_l
 .text.IN_TurnRight_s
                0x080017e0       0x24 CMakeFiles/XHB.elf.dir/Core/Src/motor.c.obj
                0x080017e0                IN_TurnRight_s
 .text.IN_TurnRight_m
                0x08001804       0x24 CMakeFiles/XHB.elf.dir/Core/Src/motor.c.obj
                0x08001804                IN_TurnRight_m
 .text.IN_TurnRight_l
                0x08001828       0x24 CMakeFiles/XHB.elf.dir/Core/Src/motor.c.obj
                0x08001828                IN_TurnRight_l
 .text.IN_AI_Control
                0x0800184c       0xa8 CMakeFiles/XHB.elf.dir/Core/Src/motor.c.obj
                0x0800184c                IN_AI_Control
 .text.I2C_Error_Check
                0x080018f4       0x68 CMakeFiles/XHB.elf.dir/Core/Src/oled.c.obj
                0x080018f4                I2C_Error_Check
 .text.OLED_WR_Byte
                0x0800195c       0x2c CMakeFiles/XHB.elf.dir/Core/Src/oled.c.obj
                0x0800195c                OLED_WR_Byte
 .text.OLED_ColorTurn
                0x08001988       0x20 CMakeFiles/XHB.elf.dir/Core/Src/oled.c.obj
                0x08001988                OLED_ColorTurn
 .text.OLED_SetBrightness
                0x080019a8       0x30 CMakeFiles/XHB.elf.dir/Core/Src/oled.c.obj
                0x080019a8                OLED_SetBrightness
 .text.OLED_DisplayTurn
                0x080019d8       0x30 CMakeFiles/XHB.elf.dir/Core/Src/oled.c.obj
                0x080019d8                OLED_DisplayTurn
 .text.OLED_Refresh
                0x08001a08       0x74 CMakeFiles/XHB.elf.dir/Core/Src/oled.c.obj
                0x08001a08                OLED_Refresh
 .text.OLED_Clear
                0x08001a7c       0x30 CMakeFiles/XHB.elf.dir/Core/Src/oled.c.obj
                0x08001a7c                OLED_Clear
 .text.OLED_Init
                0x08001aac       0xe4 CMakeFiles/XHB.elf.dir/Core/Src/oled.c.obj
                0x08001aac                OLED_Init
 .text.RetargetInit
                0x08001b90       0x20 CMakeFiles/XHB.elf.dir/Core/Src/retarget.c.obj
                0x08001b90                RetargetInit
 .text._isatty  0x08001bb0       0x16 CMakeFiles/XHB.elf.dir/Core/Src/retarget.c.obj
                0x08001bb0                _isatty
 *fill*         0x08001bc6        0x2 
 .text._write   0x08001bc8       0x34 CMakeFiles/XHB.elf.dir/Core/Src/retarget.c.obj
                0x08001bc8                _write
 .text._close   0x08001bfc       0x18 CMakeFiles/XHB.elf.dir/Core/Src/retarget.c.obj
                0x08001bfc                _close
 .text._lseek   0x08001c14       0x10 CMakeFiles/XHB.elf.dir/Core/Src/retarget.c.obj
                0x08001c14                _lseek
 .text._read    0x08001c24       0x30 CMakeFiles/XHB.elf.dir/Core/Src/retarget.c.obj
                0x08001c24                _read
 .text._fstat   0x08001c54       0x1a CMakeFiles/XHB.elf.dir/Core/Src/retarget.c.obj
                0x08001c54                _fstat
 *fill*         0x08001c6e        0x2 
 .text.HAL_MspInit
                0x08001c70       0x38 CMakeFiles/XHB.elf.dir/Core/Src/stm32f4xx_hal_msp.c.obj
                0x08001c70                HAL_MspInit
 .text.NMI_Handler
                0x08001ca8        0x2 CMakeFiles/XHB.elf.dir/Core/Src/stm32f4xx_it.c.obj
                0x08001ca8                NMI_Handler
 .text.HardFault_Handler
                0x08001caa        0x2 CMakeFiles/XHB.elf.dir/Core/Src/stm32f4xx_it.c.obj
                0x08001caa                HardFault_Handler
 .text.MemManage_Handler
                0x08001cac        0x2 CMakeFiles/XHB.elf.dir/Core/Src/stm32f4xx_it.c.obj
                0x08001cac                MemManage_Handler
 .text.BusFault_Handler
                0x08001cae        0x2 CMakeFiles/XHB.elf.dir/Core/Src/stm32f4xx_it.c.obj
                0x08001cae                BusFault_Handler
 .text.UsageFault_Handler
                0x08001cb0        0x2 CMakeFiles/XHB.elf.dir/Core/Src/stm32f4xx_it.c.obj
                0x08001cb0                UsageFault_Handler
 .text.SVC_Handler
                0x08001cb2        0x2 CMakeFiles/XHB.elf.dir/Core/Src/stm32f4xx_it.c.obj
                0x08001cb2                SVC_Handler
 .text.DebugMon_Handler
                0x08001cb4        0x2 CMakeFiles/XHB.elf.dir/Core/Src/stm32f4xx_it.c.obj
                0x08001cb4                DebugMon_Handler
 .text.PendSV_Handler
                0x08001cb6        0x2 CMakeFiles/XHB.elf.dir/Core/Src/stm32f4xx_it.c.obj
                0x08001cb6                PendSV_Handler
 .text.SysTick_Handler
                0x08001cb8        0x8 CMakeFiles/XHB.elf.dir/Core/Src/stm32f4xx_it.c.obj
                0x08001cb8                SysTick_Handler
 .text.TIM1_BRK_TIM9_IRQHandler
                0x08001cc0       0x10 CMakeFiles/XHB.elf.dir/Core/Src/stm32f4xx_it.c.obj
                0x08001cc0                TIM1_BRK_TIM9_IRQHandler
 .text.TIM1_UP_TIM10_IRQHandler
                0x08001cd0       0x10 CMakeFiles/XHB.elf.dir/Core/Src/stm32f4xx_it.c.obj
                0x08001cd0                TIM1_UP_TIM10_IRQHandler
 .text.TIM1_TRG_COM_TIM11_IRQHandler
                0x08001ce0       0x10 CMakeFiles/XHB.elf.dir/Core/Src/stm32f4xx_it.c.obj
                0x08001ce0                TIM1_TRG_COM_TIM11_IRQHandler
 .text.TIM1_CC_IRQHandler
                0x08001cf0       0x10 CMakeFiles/XHB.elf.dir/Core/Src/stm32f4xx_it.c.obj
                0x08001cf0                TIM1_CC_IRQHandler
 .text.TIM2_IRQHandler
                0x08001d00       0x10 CMakeFiles/XHB.elf.dir/Core/Src/stm32f4xx_it.c.obj
                0x08001d00                TIM2_IRQHandler
 .text.TIM3_IRQHandler
                0x08001d10       0x10 CMakeFiles/XHB.elf.dir/Core/Src/stm32f4xx_it.c.obj
                0x08001d10                TIM3_IRQHandler
 .text.USART2_IRQHandler
                0x08001d20       0x10 CMakeFiles/XHB.elf.dir/Core/Src/stm32f4xx_it.c.obj
                0x08001d20                USART2_IRQHandler
 .text._getpid  0x08001d30        0x4 CMakeFiles/XHB.elf.dir/Core/Src/syscalls.c.obj
                0x08001d30                _getpid
 .text._kill    0x08001d34       0x10 CMakeFiles/XHB.elf.dir/Core/Src/syscalls.c.obj
                0x08001d34                _kill
 .text._exit    0x08001d44        0xc CMakeFiles/XHB.elf.dir/Core/Src/syscalls.c.obj
                0x08001d44                _exit
 .text._sbrk    0x08001d50       0x48 CMakeFiles/XHB.elf.dir/Core/Src/sysmem.c.obj
                0x08001d50                _sbrk
 .text.SystemInit
                0x08001d98        0x2 CMakeFiles/XHB.elf.dir/Core/Src/system_stm32f4xx.c.obj
                0x08001d98                SystemInit
 *fill*         0x08001d9a        0x2 
 .text.MX_TIM1_Init
                0x08001d9c       0xe4 CMakeFiles/XHB.elf.dir/Core/Src/tim.c.obj
                0x08001d9c                MX_TIM1_Init
 .text.HAL_TIM_Base_MspInit
                0x08001e80      0x10c CMakeFiles/XHB.elf.dir/Core/Src/tim.c.obj
                0x08001e80                HAL_TIM_Base_MspInit
 .text.HAL_TIM_MspPostInit
                0x08001f8c       0xb8 CMakeFiles/XHB.elf.dir/Core/Src/tim.c.obj
                0x08001f8c                HAL_TIM_MspPostInit
 .text.MX_TIM2_Init
                0x08002044       0xd4 CMakeFiles/XHB.elf.dir/Core/Src/tim.c.obj
                0x08002044                MX_TIM2_Init
 .text.MX_TIM3_Init
                0x08002118      0x110 CMakeFiles/XHB.elf.dir/Core/Src/tim.c.obj
                0x08002118                MX_TIM3_Init
 .text.MX_USART2_UART_Init
                0x08002228       0x34 CMakeFiles/XHB.elf.dir/Core/Src/usart.c.obj
                0x08002228                MX_USART2_UART_Init
 .text.HAL_UART_MspInit
                0x0800225c       0x7c CMakeFiles/XHB.elf.dir/Core/Src/usart.c.obj
                0x0800225c                HAL_UART_MspInit
 .text.Reset_Handler
                0x080022d8       0x50 CMakeFiles/XHB.elf.dir/Core/Startup/startup_stm32f411ceux.s.obj
                0x080022d8                Reset_Handler
 .text.Default_Handler
                0x08002328        0x2 CMakeFiles/XHB.elf.dir/Core/Startup/startup_stm32f411ceux.s.obj
                0x08002328                RTC_Alarm_IRQHandler
                0x08002328                EXTI2_IRQHandler
                0x08002328                SPI4_IRQHandler
                0x08002328                DMA2_Stream5_IRQHandler
                0x08002328                DMA1_Stream5_IRQHandler
                0x08002328                PVD_IRQHandler
                0x08002328                SDIO_IRQHandler
                0x08002328                TAMP_STAMP_IRQHandler
                0x08002328                EXTI3_IRQHandler
                0x08002328                I2C3_ER_IRQHandler
                0x08002328                EXTI0_IRQHandler
                0x08002328                I2C2_EV_IRQHandler
                0x08002328                DMA1_Stream2_IRQHandler
                0x08002328                FPU_IRQHandler
                0x08002328                DMA2_Stream2_IRQHandler
                0x08002328                SPI1_IRQHandler
                0x08002328                DMA2_Stream3_IRQHandler
                0x08002328                USART6_IRQHandler
                0x08002328                DMA2_Stream0_IRQHandler
                0x08002328                TIM4_IRQHandler
                0x08002328                I2C1_EV_IRQHandler
                0x08002328                DMA1_Stream6_IRQHandler
                0x08002328                DMA1_Stream1_IRQHandler
                0x08002328                RCC_IRQHandler
                0x08002328                Default_Handler
                0x08002328                EXTI15_10_IRQHandler
                0x08002328                ADC_IRQHandler
                0x08002328                DMA1_Stream7_IRQHandler
                0x08002328                SPI5_IRQHandler
                0x08002328                TIM5_IRQHandler
                0x08002328                DMA2_Stream7_IRQHandler
                0x08002328                I2C3_EV_IRQHandler
                0x08002328                EXTI9_5_IRQHandler
                0x08002328                RTC_WKUP_IRQHandler
                0x08002328                SPI2_IRQHandler
                0x08002328                DMA1_Stream0_IRQHandler
                0x08002328                EXTI4_IRQHandler
                0x08002328                WWDG_IRQHandler
                0x08002328                OTG_FS_WKUP_IRQHandler
                0x08002328                EXTI1_IRQHandler
                0x08002328                I2C2_ER_IRQHandler
                0x08002328                DMA2_Stream1_IRQHandler
                0x08002328                FLASH_IRQHandler
                0x08002328                DMA2_Stream4_IRQHandler
                0x08002328                USART1_IRQHandler
                0x08002328                OTG_FS_IRQHandler
                0x08002328                SPI3_IRQHandler
                0x08002328                DMA1_Stream4_IRQHandler
                0x08002328                I2C1_ER_IRQHandler
                0x08002328                DMA2_Stream6_IRQHandler
                0x08002328                DMA1_Stream3_IRQHandler
 *fill*         0x0800232a        0x2 
 .text.HAL_InitTick
                0x0800232c       0x4c CMakeFiles/XHB.elf.dir/Drivers/STM32F4xx_HAL_Driver/Src/stm32f4xx_hal.c.obj
                0x0800232c                HAL_InitTick
 .text.HAL_Init
                0x08002378       0x34 CMakeFiles/XHB.elf.dir/Drivers/STM32F4xx_HAL_Driver/Src/stm32f4xx_hal.c.obj
                0x08002378                HAL_Init
 .text.HAL_IncTick
                0x080023ac       0x18 CMakeFiles/XHB.elf.dir/Drivers/STM32F4xx_HAL_Driver/Src/stm32f4xx_hal.c.obj
                0x080023ac                HAL_IncTick
 .text.HAL_GetTick
                0x080023c4        0xc CMakeFiles/XHB.elf.dir/Drivers/STM32F4xx_HAL_Driver/Src/stm32f4xx_hal.c.obj
                0x080023c4                HAL_GetTick
 .text.HAL_Delay
                0x080023d0       0x28 CMakeFiles/XHB.elf.dir/Drivers/STM32F4xx_HAL_Driver/Src/stm32f4xx_hal.c.obj
                0x080023d0                HAL_Delay
 .text.HAL_NVIC_SetPriorityGrouping
                0x080023f8       0x24 CMakeFiles/XHB.elf.dir/Drivers/STM32F4xx_HAL_Driver/Src/stm32f4xx_hal_cortex.c.obj
                0x080023f8                HAL_NVIC_SetPriorityGrouping
 .text.HAL_NVIC_SetPriority
                0x0800241c       0x70 CMakeFiles/XHB.elf.dir/Drivers/STM32F4xx_HAL_Driver/Src/stm32f4xx_hal_cortex.c.obj
                0x0800241c                HAL_NVIC_SetPriority
 .text.HAL_NVIC_EnableIRQ
                0x0800248c       0x1c CMakeFiles/XHB.elf.dir/Drivers/STM32F4xx_HAL_Driver/Src/stm32f4xx_hal_cortex.c.obj
                0x0800248c                HAL_NVIC_EnableIRQ
 .text.HAL_SYSTICK_Config
                0x080024a8       0x28 CMakeFiles/XHB.elf.dir/Drivers/STM32F4xx_HAL_Driver/Src/stm32f4xx_hal_cortex.c.obj
                0x080024a8                HAL_SYSTICK_Config
 .text.HAL_DMA_Abort
                0x080024d0       0x94 CMakeFiles/XHB.elf.dir/Drivers/STM32F4xx_HAL_Driver/Src/stm32f4xx_hal_dma.c.obj
                0x080024d0                HAL_DMA_Abort
 .text.HAL_DMA_Abort_IT
                0x08002564       0x26 CMakeFiles/XHB.elf.dir/Drivers/STM32F4xx_HAL_Driver/Src/stm32f4xx_hal_dma.c.obj
                0x08002564                HAL_DMA_Abort_IT
 *fill*         0x0800258a        0x2 
 .text.HAL_GPIO_Init
                0x0800258c      0x1c0 CMakeFiles/XHB.elf.dir/Drivers/STM32F4xx_HAL_Driver/Src/stm32f4xx_hal_gpio.c.obj
                0x0800258c                HAL_GPIO_Init
 .text.HAL_GPIO_DeInit
                0x0800274c      0x110 CMakeFiles/XHB.elf.dir/Drivers/STM32F4xx_HAL_Driver/Src/stm32f4xx_hal_gpio.c.obj
                0x0800274c                HAL_GPIO_DeInit
 .text.HAL_GPIO_ReadPin
                0x0800285c        0xe CMakeFiles/XHB.elf.dir/Drivers/STM32F4xx_HAL_Driver/Src/stm32f4xx_hal_gpio.c.obj
                0x0800285c                HAL_GPIO_ReadPin
 .text.HAL_GPIO_WritePin
                0x0800286a        0xc CMakeFiles/XHB.elf.dir/Drivers/STM32F4xx_HAL_Driver/Src/stm32f4xx_hal_gpio.c.obj
                0x0800286a                HAL_GPIO_WritePin
 .text.HAL_GPIO_TogglePin
                0x08002876       0x12 CMakeFiles/XHB.elf.dir/Drivers/STM32F4xx_HAL_Driver/Src/stm32f4xx_hal_gpio.c.obj
                0x08002876                HAL_GPIO_TogglePin
 .text.I2C_IsAcknowledgeFailed
                0x08002888       0x32 CMakeFiles/XHB.elf.dir/Drivers/STM32F4xx_HAL_Driver/Src/stm32f4xx_hal_i2c.c.obj
 .text.I2C_WaitOnFlagUntilTimeout
                0x080028ba       0x7c CMakeFiles/XHB.elf.dir/Drivers/STM32F4xx_HAL_Driver/Src/stm32f4xx_hal_i2c.c.obj
 .text.I2C_WaitOnMasterAddressFlagUntilTimeout
                0x08002936       0xaa CMakeFiles/XHB.elf.dir/Drivers/STM32F4xx_HAL_Driver/Src/stm32f4xx_hal_i2c.c.obj
 .text.I2C_MasterRequestWrite
                0x080029e0       0xb4 CMakeFiles/XHB.elf.dir/Drivers/STM32F4xx_HAL_Driver/Src/stm32f4xx_hal_i2c.c.obj
 .text.I2C_WaitOnTXEFlagUntilTimeout
                0x08002a94       0x54 CMakeFiles/XHB.elf.dir/Drivers/STM32F4xx_HAL_Driver/Src/stm32f4xx_hal_i2c.c.obj
 .text.I2C_RequestMemoryWrite
                0x08002ae8       0xd8 CMakeFiles/XHB.elf.dir/Drivers/STM32F4xx_HAL_Driver/Src/stm32f4xx_hal_i2c.c.obj
 .text.I2C_WaitOnBTFFlagUntilTimeout
                0x08002bc0       0x54 CMakeFiles/XHB.elf.dir/Drivers/STM32F4xx_HAL_Driver/Src/stm32f4xx_hal_i2c.c.obj
 .text.HAL_I2C_Init
                0x08002c14      0x1bc CMakeFiles/XHB.elf.dir/Drivers/STM32F4xx_HAL_Driver/Src/stm32f4xx_hal_i2c.c.obj
                0x08002c14                HAL_I2C_Init
 .text.HAL_I2C_DeInit
                0x08002dd0       0x32 CMakeFiles/XHB.elf.dir/Drivers/STM32F4xx_HAL_Driver/Src/stm32f4xx_hal_i2c.c.obj
                0x08002dd0                HAL_I2C_DeInit
 *fill*         0x08002e02        0x2 
 .text.HAL_I2C_Master_Transmit
                0x08002e04      0x178 CMakeFiles/XHB.elf.dir/Drivers/STM32F4xx_HAL_Driver/Src/stm32f4xx_hal_i2c.c.obj
                0x08002e04                HAL_I2C_Master_Transmit
 .text.HAL_I2C_Mem_Write
                0x08002f7c      0x164 CMakeFiles/XHB.elf.dir/Drivers/STM32F4xx_HAL_Driver/Src/stm32f4xx_hal_i2c.c.obj
                0x08002f7c                HAL_I2C_Mem_Write
 .text.HAL_RCC_OscConfig
                0x080030e0      0x3f8 CMakeFiles/XHB.elf.dir/Drivers/STM32F4xx_HAL_Driver/Src/stm32f4xx_hal_rcc.c.obj
                0x080030e0                HAL_RCC_OscConfig
 .text.HAL_RCC_GetSysClockFreq
                0x080034d8       0xa4 CMakeFiles/XHB.elf.dir/Drivers/STM32F4xx_HAL_Driver/Src/stm32f4xx_hal_rcc.c.obj
                0x080034d8                HAL_RCC_GetSysClockFreq
 .text.HAL_RCC_ClockConfig
                0x0800357c      0x160 CMakeFiles/XHB.elf.dir/Drivers/STM32F4xx_HAL_Driver/Src/stm32f4xx_hal_rcc.c.obj
                0x0800357c                HAL_RCC_ClockConfig
 .text.HAL_RCC_GetHCLKFreq
                0x080036dc        0xc CMakeFiles/XHB.elf.dir/Drivers/STM32F4xx_HAL_Driver/Src/stm32f4xx_hal_rcc.c.obj
                0x080036dc                HAL_RCC_GetHCLKFreq
 .text.HAL_RCC_GetPCLK1Freq
                0x080036e8       0x20 CMakeFiles/XHB.elf.dir/Drivers/STM32F4xx_HAL_Driver/Src/stm32f4xx_hal_rcc.c.obj
                0x080036e8                HAL_RCC_GetPCLK1Freq
 .text.HAL_RCC_GetPCLK2Freq
                0x08003708       0x20 CMakeFiles/XHB.elf.dir/Drivers/STM32F4xx_HAL_Driver/Src/stm32f4xx_hal_rcc.c.obj
                0x08003708                HAL_RCC_GetPCLK2Freq
 .text.TIM_OC1_SetConfig
                0x08003728       0x5c CMakeFiles/XHB.elf.dir/Drivers/STM32F4xx_HAL_Driver/Src/stm32f4xx_hal_tim.c.obj
 .text.TIM_OC3_SetConfig
                0x08003784       0x64 CMakeFiles/XHB.elf.dir/Drivers/STM32F4xx_HAL_Driver/Src/stm32f4xx_hal_tim.c.obj
 .text.TIM_OC4_SetConfig
                0x080037e8       0x48 CMakeFiles/XHB.elf.dir/Drivers/STM32F4xx_HAL_Driver/Src/stm32f4xx_hal_tim.c.obj
 .text.TIM_TI1_ConfigInputStage
                0x08003830       0x24 CMakeFiles/XHB.elf.dir/Drivers/STM32F4xx_HAL_Driver/Src/stm32f4xx_hal_tim.c.obj
 .text.TIM_TI2_SetConfig
                0x08003854       0x36 CMakeFiles/XHB.elf.dir/Drivers/STM32F4xx_HAL_Driver/Src/stm32f4xx_hal_tim.c.obj
 .text.TIM_TI2_ConfigInputStage
                0x0800388a       0x26 CMakeFiles/XHB.elf.dir/Drivers/STM32F4xx_HAL_Driver/Src/stm32f4xx_hal_tim.c.obj
 .text.TIM_TI3_SetConfig
                0x080038b0       0x36 CMakeFiles/XHB.elf.dir/Drivers/STM32F4xx_HAL_Driver/Src/stm32f4xx_hal_tim.c.obj
 .text.TIM_TI4_SetConfig
                0x080038e6       0x36 CMakeFiles/XHB.elf.dir/Drivers/STM32F4xx_HAL_Driver/Src/stm32f4xx_hal_tim.c.obj
 .text.TIM_ITRx_SetConfig
                0x0800391c       0x10 CMakeFiles/XHB.elf.dir/Drivers/STM32F4xx_HAL_Driver/Src/stm32f4xx_hal_tim.c.obj
 .text.HAL_TIM_PWM_MspInit
                0x0800392c        0x2 CMakeFiles/XHB.elf.dir/Drivers/STM32F4xx_HAL_Driver/Src/stm32f4xx_hal_tim.c.obj
                0x0800392c                HAL_TIM_PWM_MspInit
 .text.HAL_TIM_IC_MspInit
                0x0800392e        0x2 CMakeFiles/XHB.elf.dir/Drivers/STM32F4xx_HAL_Driver/Src/stm32f4xx_hal_tim.c.obj
                0x0800392e                HAL_TIM_IC_MspInit
 .text.HAL_TIM_PeriodElapsedCallback
                0x08003930        0x2 CMakeFiles/XHB.elf.dir/Drivers/STM32F4xx_HAL_Driver/Src/stm32f4xx_hal_tim.c.obj
                0x08003930                HAL_TIM_PeriodElapsedCallback
 .text.HAL_TIM_OC_DelayElapsedCallback
                0x08003932        0x2 CMakeFiles/XHB.elf.dir/Drivers/STM32F4xx_HAL_Driver/Src/stm32f4xx_hal_tim.c.obj
                0x08003932                HAL_TIM_OC_DelayElapsedCallback
 .text.HAL_TIM_PWM_PulseFinishedCallback
                0x08003934        0x2 CMakeFiles/XHB.elf.dir/Drivers/STM32F4xx_HAL_Driver/Src/stm32f4xx_hal_tim.c.obj
                0x08003934                HAL_TIM_PWM_PulseFinishedCallback
 .text.HAL_TIM_TriggerCallback
                0x08003936        0x2 CMakeFiles/XHB.elf.dir/Drivers/STM32F4xx_HAL_Driver/Src/stm32f4xx_hal_tim.c.obj
                0x08003936                HAL_TIM_TriggerCallback
 .text.HAL_TIM_IRQHandler
                0x08003938      0x17a CMakeFiles/XHB.elf.dir/Drivers/STM32F4xx_HAL_Driver/Src/stm32f4xx_hal_tim.c.obj
                0x08003938                HAL_TIM_IRQHandler
 *fill*         0x08003ab2        0x2 
 .text.TIM_Base_SetConfig
                0x08003ab4       0x9c CMakeFiles/XHB.elf.dir/Drivers/STM32F4xx_HAL_Driver/Src/stm32f4xx_hal_tim.c.obj
                0x08003ab4                TIM_Base_SetConfig
 .text.HAL_TIM_Base_Init
                0x08003b50       0x58 CMakeFiles/XHB.elf.dir/Drivers/STM32F4xx_HAL_Driver/Src/stm32f4xx_hal_tim.c.obj
                0x08003b50                HAL_TIM_Base_Init
 .text.HAL_TIM_PWM_Init
                0x08003ba8       0x58 CMakeFiles/XHB.elf.dir/Drivers/STM32F4xx_HAL_Driver/Src/stm32f4xx_hal_tim.c.obj
                0x08003ba8                HAL_TIM_PWM_Init
 .text.HAL_TIM_IC_Init
                0x08003c00       0x58 CMakeFiles/XHB.elf.dir/Drivers/STM32F4xx_HAL_Driver/Src/stm32f4xx_hal_tim.c.obj
                0x08003c00                HAL_TIM_IC_Init
 .text.TIM_OC2_SetConfig
                0x08003c58       0x64 CMakeFiles/XHB.elf.dir/Drivers/STM32F4xx_HAL_Driver/Src/stm32f4xx_hal_tim.c.obj
                0x08003c58                TIM_OC2_SetConfig
 .text.HAL_TIM_PWM_ConfigChannel
                0x08003cbc       0xdc CMakeFiles/XHB.elf.dir/Drivers/STM32F4xx_HAL_Driver/Src/stm32f4xx_hal_tim.c.obj
                0x08003cbc                HAL_TIM_PWM_ConfigChannel
 .text.TIM_TI1_SetConfig
                0x08003d98       0x68 CMakeFiles/XHB.elf.dir/Drivers/STM32F4xx_HAL_Driver/Src/stm32f4xx_hal_tim.c.obj
                0x08003d98                TIM_TI1_SetConfig
 .text.HAL_TIM_IC_ConfigChannel
                0x08003e00       0xc4 CMakeFiles/XHB.elf.dir/Drivers/STM32F4xx_HAL_Driver/Src/stm32f4xx_hal_tim.c.obj
                0x08003e00                HAL_TIM_IC_ConfigChannel
 .text.TIM_ETR_SetConfig
                0x08003ec4       0x18 CMakeFiles/XHB.elf.dir/Drivers/STM32F4xx_HAL_Driver/Src/stm32f4xx_hal_tim.c.obj
                0x08003ec4                TIM_ETR_SetConfig
 .text.HAL_TIM_ConfigClockSource
                0x08003edc       0xfe CMakeFiles/XHB.elf.dir/Drivers/STM32F4xx_HAL_Driver/Src/stm32f4xx_hal_tim.c.obj
                0x08003edc                HAL_TIM_ConfigClockSource
 .text.TIM_CCxChannelCmd
                0x08003fda       0x1e CMakeFiles/XHB.elf.dir/Drivers/STM32F4xx_HAL_Driver/Src/stm32f4xx_hal_tim.c.obj
                0x08003fda                TIM_CCxChannelCmd
 .text.HAL_TIM_PWM_Start
                0x08003ff8       0xf0 CMakeFiles/XHB.elf.dir/Drivers/STM32F4xx_HAL_Driver/Src/stm32f4xx_hal_tim.c.obj
                0x08003ff8                HAL_TIM_PWM_Start
 .text.HAL_TIM_IC_Start
                0x080040e8      0x11c CMakeFiles/XHB.elf.dir/Drivers/STM32F4xx_HAL_Driver/Src/stm32f4xx_hal_tim.c.obj
                0x080040e8                HAL_TIM_IC_Start
 .text.HAL_TIM_IC_Stop
                0x08004204       0x80 CMakeFiles/XHB.elf.dir/Drivers/STM32F4xx_HAL_Driver/Src/stm32f4xx_hal_tim.c.obj
                0x08004204                HAL_TIM_IC_Stop
 .text.HAL_TIM_IC_Start_IT
                0x08004284      0x164 CMakeFiles/XHB.elf.dir/Drivers/STM32F4xx_HAL_Driver/Src/stm32f4xx_hal_tim.c.obj
                0x08004284                HAL_TIM_IC_Start_IT
 .text.HAL_TIMEx_MasterConfigSynchronization
                0x080043e8       0x7c CMakeFiles/XHB.elf.dir/Drivers/STM32F4xx_HAL_Driver/Src/stm32f4xx_hal_tim_ex.c.obj
                0x080043e8                HAL_TIMEx_MasterConfigSynchronization
 .text.HAL_TIMEx_ConfigBreakDeadTime
                0x08004464       0x52 CMakeFiles/XHB.elf.dir/Drivers/STM32F4xx_HAL_Driver/Src/stm32f4xx_hal_tim_ex.c.obj
                0x08004464                HAL_TIMEx_ConfigBreakDeadTime
 .text.HAL_TIMEx_CommutCallback
                0x080044b6        0x2 CMakeFiles/XHB.elf.dir/Drivers/STM32F4xx_HAL_Driver/Src/stm32f4xx_hal_tim_ex.c.obj
                0x080044b6                HAL_TIMEx_CommutCallback
 .text.HAL_TIMEx_BreakCallback
                0x080044b8        0x2 CMakeFiles/XHB.elf.dir/Drivers/STM32F4xx_HAL_Driver/Src/stm32f4xx_hal_tim_ex.c.obj
                0x080044b8                HAL_TIMEx_BreakCallback
 .text.UART_EndRxTransfer
                0x080044ba       0x5c CMakeFiles/XHB.elf.dir/Drivers/STM32F4xx_HAL_Driver/Src/stm32f4xx_hal_uart.c.obj
 .text.UART_Transmit_IT
                0x08004516       0x60 CMakeFiles/XHB.elf.dir/Drivers/STM32F4xx_HAL_Driver/Src/stm32f4xx_hal_uart.c.obj
 *fill*         0x08004576        0x2 
 .text.UART_SetConfig
                0x08004578      0x110 CMakeFiles/XHB.elf.dir/Drivers/STM32F4xx_HAL_Driver/Src/stm32f4xx_hal_uart.c.obj
 .text.UART_WaitOnFlagUntilTimeout
                0x08004688       0x88 CMakeFiles/XHB.elf.dir/Drivers/STM32F4xx_HAL_Driver/Src/stm32f4xx_hal_uart.c.obj
 .text.HAL_UART_Init
                0x08004710       0x5e CMakeFiles/XHB.elf.dir/Drivers/STM32F4xx_HAL_Driver/Src/stm32f4xx_hal_uart.c.obj
                0x08004710                HAL_UART_Init
 .text.HAL_UART_Transmit
                0x0800476e       0xd8 CMakeFiles/XHB.elf.dir/Drivers/STM32F4xx_HAL_Driver/Src/stm32f4xx_hal_uart.c.obj
                0x0800476e                HAL_UART_Transmit
 .text.HAL_UART_Receive
                0x08004846       0xe4 CMakeFiles/XHB.elf.dir/Drivers/STM32F4xx_HAL_Driver/Src/stm32f4xx_hal_uart.c.obj
                0x08004846                HAL_UART_Receive
 .text.HAL_UART_TxCpltCallback
                0x0800492a        0x2 CMakeFiles/XHB.elf.dir/Drivers/STM32F4xx_HAL_Driver/Src/stm32f4xx_hal_uart.c.obj
                0x0800492a                HAL_UART_TxCpltCallback
 .text.UART_EndTransmit_IT
                0x0800492c       0x1a CMakeFiles/XHB.elf.dir/Drivers/STM32F4xx_HAL_Driver/Src/stm32f4xx_hal_uart.c.obj
 .text.HAL_UART_ErrorCallback
                0x08004946        0x2 CMakeFiles/XHB.elf.dir/Drivers/STM32F4xx_HAL_Driver/Src/stm32f4xx_hal_uart.c.obj
                0x08004946                HAL_UART_ErrorCallback
 .text.UART_DMAAbortOnError
                0x08004948       0x10 CMakeFiles/XHB.elf.dir/Drivers/STM32F4xx_HAL_Driver/Src/stm32f4xx_hal_uart.c.obj
 .text.HAL_UARTEx_RxEventCallback
                0x08004958        0x2 CMakeFiles/XHB.elf.dir/Drivers/STM32F4xx_HAL_Driver/Src/stm32f4xx_hal_uart.c.obj
                0x08004958                HAL_UARTEx_RxEventCallback
 .text.UART_Receive_IT
                0x0800495a       0xe2 CMakeFiles/XHB.elf.dir/Drivers/STM32F4xx_HAL_Driver/Src/stm32f4xx_hal_uart.c.obj
 .text.HAL_UART_IRQHandler
                0x08004a3c      0x280 CMakeFiles/XHB.elf.dir/Drivers/STM32F4xx_HAL_Driver/Src/stm32f4xx_hal_uart.c.obj
                0x08004a3c                HAL_UART_IRQHandler
 .text.UART_Start_Receive_IT
                0x08004cbc       0x3a CMakeFiles/XHB.elf.dir/Drivers/STM32F4xx_HAL_Driver/Src/stm32f4xx_hal_uart.c.obj
                0x08004cbc                UART_Start_Receive_IT
 .text.HAL_UART_Receive_IT
                0x08004cf6       0x38 CMakeFiles/XHB.elf.dir/Drivers/STM32F4xx_HAL_Driver/Src/stm32f4xx_hal_uart.c.obj
                0x08004cf6                HAL_UART_Receive_IT
 *fill*         0x08004d2e        0x2 
 .text.__errno  0x08004d30        0xc c:/stm32toolchain/gcc-arm-none-eabi-10.3-2021.10/bin/../lib/gcc/arm-none-eabi/10.3.1/../../../../arm-none-eabi/lib/thumb/v7e-m/nofp\libg.a(lib_a-errno.o)
                0x08004d30                __errno
 .text.__libc_init_array
                0x08004d3c       0x48 c:/stm32toolchain/gcc-arm-none-eabi-10.3-2021.10/bin/../lib/gcc/arm-none-eabi/10.3.1/../../../../arm-none-eabi/lib/thumb/v7e-m/nofp\libg.a(lib_a-init.o)
                0x08004d3c                __libc_init_array
 .text.memset   0x08004d84       0xa4 c:/stm32toolchain/gcc-arm-none-eabi-10.3-2021.10/bin/../lib/gcc/arm-none-eabi/10.3.1/../../../../arm-none-eabi/lib/thumb/v7e-m/nofp\libg.a(lib_a-memset.o)
                0x08004d84                memset
 .text.printf   0x08004e28       0x28 c:/stm32toolchain/gcc-arm-none-eabi-10.3-2021.10/bin/../lib/gcc/arm-none-eabi/10.3.1/../../../../arm-none-eabi/lib/thumb/v7e-m/nofp\libg.a(lib_a-printf.o)
                0x08004e28                printf
 .text.putchar  0x08004e50       0x10 c:/stm32toolchain/gcc-arm-none-eabi-10.3-2021.10/bin/../lib/gcc/arm-none-eabi/10.3.1/../../../../arm-none-eabi/lib/thumb/v7e-m/nofp\libg.a(lib_a-putchar.o)
                0x08004e50                putchar
 .text.setvbuf  0x08004e60      0x1b0 c:/stm32toolchain/gcc-arm-none-eabi-10.3-2021.10/bin/../lib/gcc/arm-none-eabi/10.3.1/../../../../arm-none-eabi/lib/thumb/v7e-m/nofp\libg.a(lib_a-setvbuf.o)
                0x08004e60                setvbuf
 .text._vfprintf_r
                0x08005010     0x1ad4 c:/stm32toolchain/gcc-arm-none-eabi-10.3-2021.10/bin/../lib/gcc/arm-none-eabi/10.3.1/../../../../arm-none-eabi/lib/thumb/v7e-m/nofp\libg.a(lib_a-vfprintf.o)
                0x08005010                _vfprintf_r
 .text.__sbprintf
                0x08006ae4       0x80 c:/stm32toolchain/gcc-arm-none-eabi-10.3-2021.10/bin/../lib/gcc/arm-none-eabi/10.3.1/../../../../arm-none-eabi/lib/thumb/v7e-m/nofp\libg.a(lib_a-vfprintf.o)
 .text.__swsetup_r
                0x08006b64       0xd4 c:/stm32toolchain/gcc-arm-none-eabi-10.3-2021.10/bin/../lib/gcc/arm-none-eabi/10.3.1/../../../../arm-none-eabi/lib/thumb/v7e-m/nofp\libg.a(lib_a-wsetup.o)
                0x08006b64                __swsetup_r
 .text.startup.register_fini
                0x08006c38       0x14 c:/stm32toolchain/gcc-arm-none-eabi-10.3-2021.10/bin/../lib/gcc/arm-none-eabi/10.3.1/../../../../arm-none-eabi/lib/thumb/v7e-m/nofp\libg.a(lib_a-__call_atexit.o)
 .text.atexit   0x08006c4c        0xc c:/stm32toolchain/gcc-arm-none-eabi-10.3-2021.10/bin/../lib/gcc/arm-none-eabi/10.3.1/../../../../arm-none-eabi/lib/thumb/v7e-m/nofp\libg.a(lib_a-atexit.o)
                0x08006c4c                atexit
 .text.quorem   0x08006c58      0x124 c:/stm32toolchain/gcc-arm-none-eabi-10.3-2021.10/bin/../lib/gcc/arm-none-eabi/10.3.1/../../../../arm-none-eabi/lib/thumb/v7e-m/nofp\libg.a(lib_a-dtoa.o)
 *fill*         0x08006d7c        0x4 
 .text._dtoa_r  0x08006d80      0xec4 c:/stm32toolchain/gcc-arm-none-eabi-10.3-2021.10/bin/../lib/gcc/arm-none-eabi/10.3.1/../../../../arm-none-eabi/lib/thumb/v7e-m/nofp\libg.a(lib_a-dtoa.o)
                0x08006d80                _dtoa_r
 .text.__sflush_r
                0x08007c44      0x120 c:/stm32toolchain/gcc-arm-none-eabi-10.3-2021.10/bin/../lib/gcc/arm-none-eabi/10.3.1/../../../../arm-none-eabi/lib/thumb/v7e-m/nofp\libg.a(lib_a-fflush.o)
                0x08007c44                __sflush_r
 .text._fflush_r
                0x08007d64       0x5c c:/stm32toolchain/gcc-arm-none-eabi-10.3-2021.10/bin/../lib/gcc/arm-none-eabi/10.3.1/../../../../arm-none-eabi/lib/thumb/v7e-m/nofp\libg.a(lib_a-fflush.o)
                0x08007d64                _fflush_r
 .text._cleanup_r
                0x08007dc0        0xc c:/stm32toolchain/gcc-arm-none-eabi-10.3-2021.10/bin/../lib/gcc/arm-none-eabi/10.3.1/../../../../arm-none-eabi/lib/thumb/v7e-m/nofp\libg.a(lib_a-findfp.o)
                0x08007dc0                _cleanup_r
 .text.__sinit  0x08007dcc      0x10c c:/stm32toolchain/gcc-arm-none-eabi-10.3-2021.10/bin/../lib/gcc/arm-none-eabi/10.3.1/../../../../arm-none-eabi/lib/thumb/v7e-m/nofp\libg.a(lib_a-findfp.o)
                0x08007dcc                __sinit
 .text.__sfp_lock_acquire
                0x08007ed8        0xc c:/stm32toolchain/gcc-arm-none-eabi-10.3-2021.10/bin/../lib/gcc/arm-none-eabi/10.3.1/../../../../arm-none-eabi/lib/thumb/v7e-m/nofp\libg.a(lib_a-findfp.o)
                0x08007ed8                __sfp_lock_acquire
 .text.__sfp_lock_release
                0x08007ee4        0xc c:/stm32toolchain/gcc-arm-none-eabi-10.3-2021.10/bin/../lib/gcc/arm-none-eabi/10.3.1/../../../../arm-none-eabi/lib/thumb/v7e-m/nofp\libg.a(lib_a-findfp.o)
                0x08007ee4                __sfp_lock_release
 .text.__libc_fini_array
                0x08007ef0       0x2c c:/stm32toolchain/gcc-arm-none-eabi-10.3-2021.10/bin/../lib/gcc/arm-none-eabi/10.3.1/../../../../arm-none-eabi/lib/thumb/v7e-m/nofp\libg.a(lib_a-fini.o)
                0x08007ef0                __libc_fini_array
 .text._malloc_trim_r
                0x08007f1c       0xa0 c:/stm32toolchain/gcc-arm-none-eabi-10.3-2021.10/bin/../lib/gcc/arm-none-eabi/10.3.1/../../../../arm-none-eabi/lib/thumb/v7e-m/nofp\libg.a(lib_a-freer.o)
                0x08007f1c                _malloc_trim_r
 .text._free_r  0x08007fbc      0x20c c:/stm32toolchain/gcc-arm-none-eabi-10.3-2021.10/bin/../lib/gcc/arm-none-eabi/10.3.1/../../../../arm-none-eabi/lib/thumb/v7e-m/nofp\libg.a(lib_a-freer.o)
                0x08007fbc                _free_r
 .text._fwalk_reent
                0x080081c8       0x48 c:/stm32toolchain/gcc-arm-none-eabi-10.3-2021.10/bin/../lib/gcc/arm-none-eabi/10.3.1/../../../../arm-none-eabi/lib/thumb/v7e-m/nofp\libg.a(lib_a-fwalk.o)
                0x080081c8                _fwalk_reent
 .text._localeconv_r
                0x08008210        0x8 c:/stm32toolchain/gcc-arm-none-eabi-10.3-2021.10/bin/../lib/gcc/arm-none-eabi/10.3.1/../../../../arm-none-eabi/lib/thumb/v7e-m/nofp\libg.a(lib_a-localeconv.o)
                0x08008210                _localeconv_r
 .text.__retarget_lock_init_recursive
                0x08008218        0x4 c:/stm32toolchain/gcc-arm-none-eabi-10.3-2021.10/bin/../lib/gcc/arm-none-eabi/10.3.1/../../../../arm-none-eabi/lib/thumb/v7e-m/nofp\libg.a(lib_a-lock.o)
                0x08008218                __retarget_lock_init_recursive
 .text.__retarget_lock_close_recursive
                0x0800821c        0x4 c:/stm32toolchain/gcc-arm-none-eabi-10.3-2021.10/bin/../lib/gcc/arm-none-eabi/10.3.1/../../../../arm-none-eabi/lib/thumb/v7e-m/nofp\libg.a(lib_a-lock.o)
                0x0800821c                __retarget_lock_close_recursive
 .text.__retarget_lock_acquire_recursive
                0x08008220        0x4 c:/stm32toolchain/gcc-arm-none-eabi-10.3-2021.10/bin/../lib/gcc/arm-none-eabi/10.3.1/../../../../arm-none-eabi/lib/thumb/v7e-m/nofp\libg.a(lib_a-lock.o)
                0x08008220                __retarget_lock_acquire_recursive
 .text.__retarget_lock_release_recursive
                0x08008224        0x4 c:/stm32toolchain/gcc-arm-none-eabi-10.3-2021.10/bin/../lib/gcc/arm-none-eabi/10.3.1/../../../../arm-none-eabi/lib/thumb/v7e-m/nofp\libg.a(lib_a-lock.o)
                0x08008224                __retarget_lock_release_recursive
 .text.__smakebuf_r
                0x08008228       0xe0 c:/stm32toolchain/gcc-arm-none-eabi-10.3-2021.10/bin/../lib/gcc/arm-none-eabi/10.3.1/../../../../arm-none-eabi/lib/thumb/v7e-m/nofp\libg.a(lib_a-makebuf.o)
                0x08008228                __smakebuf_r
 .text.__swhatbuf_r
                0x08008308       0x60 c:/stm32toolchain/gcc-arm-none-eabi-10.3-2021.10/bin/../lib/gcc/arm-none-eabi/10.3.1/../../../../arm-none-eabi/lib/thumb/v7e-m/nofp\libg.a(lib_a-makebuf.o)
                0x08008308                __swhatbuf_r
 .text.malloc   0x08008368       0x10 c:/stm32toolchain/gcc-arm-none-eabi-10.3-2021.10/bin/../lib/gcc/arm-none-eabi/10.3.1/../../../../arm-none-eabi/lib/thumb/v7e-m/nofp\libg.a(lib_a-malloc.o)
                0x08008368                malloc
 .text._malloc_r
                0x08008378      0x560 c:/stm32toolchain/gcc-arm-none-eabi-10.3-2021.10/bin/../lib/gcc/arm-none-eabi/10.3.1/../../../../arm-none-eabi/lib/thumb/v7e-m/nofp\libg.a(lib_a-mallocr.o)
                0x08008378                _malloc_r
 .text.__malloc_lock
                0x080088d8        0xc c:/stm32toolchain/gcc-arm-none-eabi-10.3-2021.10/bin/../lib/gcc/arm-none-eabi/10.3.1/../../../../arm-none-eabi/lib/thumb/v7e-m/nofp\libg.a(lib_a-mlock.o)
                0x080088d8                __malloc_lock
 .text.__malloc_unlock
                0x080088e4        0xc c:/stm32toolchain/gcc-arm-none-eabi-10.3-2021.10/bin/../lib/gcc/arm-none-eabi/10.3.1/../../../../arm-none-eabi/lib/thumb/v7e-m/nofp\libg.a(lib_a-mlock.o)
                0x080088e4                __malloc_unlock
 .text._Balloc  0x080088f0       0x4c c:/stm32toolchain/gcc-arm-none-eabi-10.3-2021.10/bin/../lib/gcc/arm-none-eabi/10.3.1/../../../../arm-none-eabi/lib/thumb/v7e-m/nofp\libg.a(lib_a-mprec.o)
                0x080088f0                _Balloc
 .text._Bfree   0x0800893c       0x14 c:/stm32toolchain/gcc-arm-none-eabi-10.3-2021.10/bin/../lib/gcc/arm-none-eabi/10.3.1/../../../../arm-none-eabi/lib/thumb/v7e-m/nofp\libg.a(lib_a-mprec.o)
                0x0800893c                _Bfree
 .text.__multadd
                0x08008950       0xa0 c:/stm32toolchain/gcc-arm-none-eabi-10.3-2021.10/bin/../lib/gcc/arm-none-eabi/10.3.1/../../../../arm-none-eabi/lib/thumb/v7e-m/nofp\libg.a(lib_a-mprec.o)
                0x08008950                __multadd
 .text.__hi0bits
                0x080089f0       0x40 c:/stm32toolchain/gcc-arm-none-eabi-10.3-2021.10/bin/../lib/gcc/arm-none-eabi/10.3.1/../../../../arm-none-eabi/lib/thumb/v7e-m/nofp\libg.a(lib_a-mprec.o)
                0x080089f0                __hi0bits
 .text.__lo0bits
                0x08008a30       0x5c c:/stm32toolchain/gcc-arm-none-eabi-10.3-2021.10/bin/../lib/gcc/arm-none-eabi/10.3.1/../../../../arm-none-eabi/lib/thumb/v7e-m/nofp\libg.a(lib_a-mprec.o)
                0x08008a30                __lo0bits
 .text.__i2b    0x08008a8c       0x5c c:/stm32toolchain/gcc-arm-none-eabi-10.3-2021.10/bin/../lib/gcc/arm-none-eabi/10.3.1/../../../../arm-none-eabi/lib/thumb/v7e-m/nofp\libg.a(lib_a-mprec.o)
                0x08008a8c                __i2b
 .text.__multiply
                0x08008ae8      0x15c c:/stm32toolchain/gcc-arm-none-eabi-10.3-2021.10/bin/../lib/gcc/arm-none-eabi/10.3.1/../../../../arm-none-eabi/lib/thumb/v7e-m/nofp\libg.a(lib_a-mprec.o)
                0x08008ae8                __multiply
 .text.__pow5mult
                0x08008c44       0xc0 c:/stm32toolchain/gcc-arm-none-eabi-10.3-2021.10/bin/../lib/gcc/arm-none-eabi/10.3.1/../../../../arm-none-eabi/lib/thumb/v7e-m/nofp\libg.a(lib_a-mprec.o)
                0x08008c44                __pow5mult
 .text.__lshift
                0x08008d04       0xf0 c:/stm32toolchain/gcc-arm-none-eabi-10.3-2021.10/bin/../lib/gcc/arm-none-eabi/10.3.1/../../../../arm-none-eabi/lib/thumb/v7e-m/nofp\libg.a(lib_a-mprec.o)
                0x08008d04                __lshift
 .text.__mcmp   0x08008df4       0x40 c:/stm32toolchain/gcc-arm-none-eabi-10.3-2021.10/bin/../lib/gcc/arm-none-eabi/10.3.1/../../../../arm-none-eabi/lib/thumb/v7e-m/nofp\libg.a(lib_a-mprec.o)
                0x08008df4                __mcmp
 .text.__mdiff  0x08008e34      0x14c c:/stm32toolchain/gcc-arm-none-eabi-10.3-2021.10/bin/../lib/gcc/arm-none-eabi/10.3.1/../../../../arm-none-eabi/lib/thumb/v7e-m/nofp\libg.a(lib_a-mprec.o)
                0x08008e34                __mdiff
 .text.__d2b    0x08008f80       0xc4 c:/stm32toolchain/gcc-arm-none-eabi-10.3-2021.10/bin/../lib/gcc/arm-none-eabi/10.3.1/../../../../arm-none-eabi/lib/thumb/v7e-m/nofp\libg.a(lib_a-mprec.o)
                0x08008f80                __d2b
 .text._putc_r  0x08009044       0x74 c:/stm32toolchain/gcc-arm-none-eabi-10.3-2021.10/bin/../lib/gcc/arm-none-eabi/10.3.1/../../../../arm-none-eabi/lib/thumb/v7e-m/nofp\libg.a(lib_a-putc.o)
                0x08009044                _putc_r
 .text.frexp    0x080090b8       0x70 c:/stm32toolchain/gcc-arm-none-eabi-10.3-2021.10/bin/../lib/gcc/arm-none-eabi/10.3.1/../../../../arm-none-eabi/lib/thumb/v7e-m/nofp\libg.a(lib_a-s_frexp.o)
                0x080090b8                frexp
 .text._sbrk_r  0x08009128       0x24 c:/stm32toolchain/gcc-arm-none-eabi-10.3-2021.10/bin/../lib/gcc/arm-none-eabi/10.3.1/../../../../arm-none-eabi/lib/thumb/v7e-m/nofp\libg.a(lib_a-sbrkr.o)
                0x08009128                _sbrk_r
 .text.__sread  0x0800914c       0x24 c:/stm32toolchain/gcc-arm-none-eabi-10.3-2021.10/bin/../lib/gcc/arm-none-eabi/10.3.1/../../../../arm-none-eabi/lib/thumb/v7e-m/nofp\libg.a(lib_a-stdio.o)
                0x0800914c                __sread
 .text.__swrite
                0x08009170       0x40 c:/stm32toolchain/gcc-arm-none-eabi-10.3-2021.10/bin/../lib/gcc/arm-none-eabi/10.3.1/../../../../arm-none-eabi/lib/thumb/v7e-m/nofp\libg.a(lib_a-stdio.o)
                0x08009170                __swrite
 .text.__sseek  0x080091b0       0x20 c:/stm32toolchain/gcc-arm-none-eabi-10.3-2021.10/bin/../lib/gcc/arm-none-eabi/10.3.1/../../../../arm-none-eabi/lib/thumb/v7e-m/nofp\libg.a(lib_a-stdio.o)
                0x080091b0                __sseek
 .text.__sclose
                0x080091d0        0x8 c:/stm32toolchain/gcc-arm-none-eabi-10.3-2021.10/bin/../lib/gcc/arm-none-eabi/10.3.1/../../../../arm-none-eabi/lib/thumb/v7e-m/nofp\libg.a(lib_a-stdio.o)
                0x080091d0                __sclose
 .text.strncpy  0x080091d8       0x64 c:/stm32toolchain/gcc-arm-none-eabi-10.3-2021.10/bin/../lib/gcc/arm-none-eabi/10.3.1/../../../../arm-none-eabi/lib/thumb/v7e-m/nofp\libg.a(lib_a-strncpy.o)
                0x080091d8                strncpy
 .text.__sprint_r.part.0
                0x0800923c       0x78 c:/stm32toolchain/gcc-arm-none-eabi-10.3-2021.10/bin/../lib/gcc/arm-none-eabi/10.3.1/../../../../arm-none-eabi/lib/thumb/v7e-m/nofp\libg.a(lib_a-vfiprintf.o)
 .text.__sprint_r
                0x080092b4       0x14 c:/stm32toolchain/gcc-arm-none-eabi-10.3-2021.10/bin/../lib/gcc/arm-none-eabi/10.3.1/../../../../arm-none-eabi/lib/thumb/v7e-m/nofp\libg.a(lib_a-vfiprintf.o)
                0x080092b4                __sprint_r
 .text._vfiprintf_r
                0x080092c8      0xda0 c:/stm32toolchain/gcc-arm-none-eabi-10.3-2021.10/bin/../lib/gcc/arm-none-eabi/10.3.1/../../../../arm-none-eabi/lib/thumb/v7e-m/nofp\libg.a(lib_a-vfiprintf.o)
                0x080092c8                _vfiprintf_r
 .text.__sbprintf
                0x0800a068       0x80 c:/stm32toolchain/gcc-arm-none-eabi-10.3-2021.10/bin/../lib/gcc/arm-none-eabi/10.3.1/../../../../arm-none-eabi/lib/thumb/v7e-m/nofp\libg.a(lib_a-vfiprintf.o)
 .text.__swbuf_r
                0x0800a0e8       0xb0 c:/stm32toolchain/gcc-arm-none-eabi-10.3-2021.10/bin/../lib/gcc/arm-none-eabi/10.3.1/../../../../arm-none-eabi/lib/thumb/v7e-m/nofp\libg.a(lib_a-wbuf.o)
                0x0800a0e8                __swbuf_r
 .text._write_r
                0x0800a198       0x2c c:/stm32toolchain/gcc-arm-none-eabi-10.3-2021.10/bin/../lib/gcc/arm-none-eabi/10.3.1/../../../../arm-none-eabi/lib/thumb/v7e-m/nofp\libg.a(lib_a-writer.o)
                0x0800a198                _write_r
 .text.__register_exitproc
                0x0800a1c4       0x8c c:/stm32toolchain/gcc-arm-none-eabi-10.3-2021.10/bin/../lib/gcc/arm-none-eabi/10.3.1/../../../../arm-none-eabi/lib/thumb/v7e-m/nofp\libg.a(lib_a-__atexit.o)
                0x0800a1c4                __register_exitproc
 .text.__assert_func
                0x0800a250       0x40 c:/stm32toolchain/gcc-arm-none-eabi-10.3-2021.10/bin/../lib/gcc/arm-none-eabi/10.3.1/../../../../arm-none-eabi/lib/thumb/v7e-m/nofp\libg.a(lib_a-assert.o)
                0x0800a250                __assert_func
 .text._calloc_r
                0x0800a290       0x78 c:/stm32toolchain/gcc-arm-none-eabi-10.3-2021.10/bin/../lib/gcc/arm-none-eabi/10.3.1/../../../../arm-none-eabi/lib/thumb/v7e-m/nofp\libg.a(lib_a-callocr.o)
                0x0800a290                _calloc_r
 .text._close_r
                0x0800a308       0x24 c:/stm32toolchain/gcc-arm-none-eabi-10.3-2021.10/bin/../lib/gcc/arm-none-eabi/10.3.1/../../../../arm-none-eabi/lib/thumb/v7e-m/nofp\libg.a(lib_a-closer.o)
                0x0800a308                _close_r
 .text._fclose_r
                0x0800a32c       0xcc c:/stm32toolchain/gcc-arm-none-eabi-10.3-2021.10/bin/../lib/gcc/arm-none-eabi/10.3.1/../../../../arm-none-eabi/lib/thumb/v7e-m/nofp\libg.a(lib_a-fclose.o)
                0x0800a32c                _fclose_r
 .text.fiprintf
                0x0800a3f8       0x28 c:/stm32toolchain/gcc-arm-none-eabi-10.3-2021.10/bin/../lib/gcc/arm-none-eabi/10.3.1/../../../../arm-none-eabi/lib/thumb/v7e-m/nofp\libg.a(lib_a-fiprintf.o)
                0x0800a3f8                fiprintf
 .text.__fputwc
                0x0800a420       0xa8 c:/stm32toolchain/gcc-arm-none-eabi-10.3-2021.10/bin/../lib/gcc/arm-none-eabi/10.3.1/../../../../arm-none-eabi/lib/thumb/v7e-m/nofp\libg.a(lib_a-fputwc.o)
                0x0800a420                __fputwc
 .text._fputwc_r
                0x0800a4c8       0x68 c:/stm32toolchain/gcc-arm-none-eabi-10.3-2021.10/bin/../lib/gcc/arm-none-eabi/10.3.1/../../../../arm-none-eabi/lib/thumb/v7e-m/nofp\libg.a(lib_a-fputwc.o)
                0x0800a4c8                _fputwc_r
 .text._fstat_r
                0x0800a530       0x2c c:/stm32toolchain/gcc-arm-none-eabi-10.3-2021.10/bin/../lib/gcc/arm-none-eabi/10.3.1/../../../../arm-none-eabi/lib/thumb/v7e-m/nofp\libg.a(lib_a-fstatr.o)
                0x0800a530                _fstat_r
 .text.__sfvwrite_r
                0x0800a55c      0x2e8 c:/stm32toolchain/gcc-arm-none-eabi-10.3-2021.10/bin/../lib/gcc/arm-none-eabi/10.3.1/../../../../arm-none-eabi/lib/thumb/v7e-m/nofp\libg.a(lib_a-fvwrite.o)
                0x0800a55c                __sfvwrite_r
 .text._isatty_r
                0x0800a844       0x24 c:/stm32toolchain/gcc-arm-none-eabi-10.3-2021.10/bin/../lib/gcc/arm-none-eabi/10.3.1/../../../../arm-none-eabi/lib/thumb/v7e-m/nofp\libg.a(lib_a-isattyr.o)
                0x0800a844                _isatty_r
 .text.__locale_mb_cur_max
                0x0800a868        0xc c:/stm32toolchain/gcc-arm-none-eabi-10.3-2021.10/bin/../lib/gcc/arm-none-eabi/10.3.1/../../../../arm-none-eabi/lib/thumb/v7e-m/nofp\libg.a(lib_a-locale.o)
                0x0800a868                __locale_mb_cur_max
 .text._lseek_r
                0x0800a874       0x2c c:/stm32toolchain/gcc-arm-none-eabi-10.3-2021.10/bin/../lib/gcc/arm-none-eabi/10.3.1/../../../../arm-none-eabi/lib/thumb/v7e-m/nofp\libg.a(lib_a-lseekr.o)
                0x0800a874                _lseek_r
 .text.__ascii_mbtowc
                0x0800a8a0       0x2c c:/stm32toolchain/gcc-arm-none-eabi-10.3-2021.10/bin/../lib/gcc/arm-none-eabi/10.3.1/../../../../arm-none-eabi/lib/thumb/v7e-m/nofp\libg.a(lib_a-mbtowc_r.o)
                0x0800a8a0                __ascii_mbtowc
 .text.memmove  0x0800a8cc       0xf8 c:/stm32toolchain/gcc-arm-none-eabi-10.3-2021.10/bin/../lib/gcc/arm-none-eabi/10.3.1/../../../../arm-none-eabi/lib/thumb/v7e-m/nofp\libg.a(lib_a-memmove.o)
                0x0800a8cc                memmove
 .text._read_r  0x0800a9c4       0x2c c:/stm32toolchain/gcc-arm-none-eabi-10.3-2021.10/bin/../lib/gcc/arm-none-eabi/10.3.1/../../../../arm-none-eabi/lib/thumb/v7e-m/nofp\libg.a(lib_a-readr.o)
                0x0800a9c4                _read_r
 .text._realloc_r
                0x0800a9f0      0x3d8 c:/stm32toolchain/gcc-arm-none-eabi-10.3-2021.10/bin/../lib/gcc/arm-none-eabi/10.3.1/../../../../arm-none-eabi/lib/thumb/v7e-m/nofp\libg.a(lib_a-reallocr.o)
                0x0800a9f0                _realloc_r
 .text._wcrtomb_r
                0x0800adc8       0x3c c:/stm32toolchain/gcc-arm-none-eabi-10.3-2021.10/bin/../lib/gcc/arm-none-eabi/10.3.1/../../../../arm-none-eabi/lib/thumb/v7e-m/nofp\libg.a(lib_a-wcrtomb.o)
                0x0800adc8                _wcrtomb_r
 .text.__ascii_wctomb
                0x0800ae04       0x1c c:/stm32toolchain/gcc-arm-none-eabi-10.3-2021.10/bin/../lib/gcc/arm-none-eabi/10.3.1/../../../../arm-none-eabi/lib/thumb/v7e-m/nofp\libg.a(lib_a-wctomb_r.o)
                0x0800ae04                __ascii_wctomb
 .text.abort    0x0800ae20       0x10 c:/stm32toolchain/gcc-arm-none-eabi-10.3-2021.10/bin/../lib/gcc/arm-none-eabi/10.3.1/../../../../arm-none-eabi/lib/thumb/v7e-m/nofp\libg.a(lib_a-abort.o)
                0x0800ae20                abort
 .text.raise    0x0800ae30       0x5c c:/stm32toolchain/gcc-arm-none-eabi-10.3-2021.10/bin/../lib/gcc/arm-none-eabi/10.3.1/../../../../arm-none-eabi/lib/thumb/v7e-m/nofp\libg.a(lib_a-signal.o)
                0x0800ae30                raise
 .text._kill_r  0x0800ae8c       0x2c c:/stm32toolchain/gcc-arm-none-eabi-10.3-2021.10/bin/../lib/gcc/arm-none-eabi/10.3.1/../../../../arm-none-eabi/lib/thumb/v7e-m/nofp\libg.a(lib_a-signalr.o)
                0x0800ae8c                _kill_r
 .text._getpid_r
                0x0800aeb8        0x4 c:/stm32toolchain/gcc-arm-none-eabi-10.3-2021.10/bin/../lib/gcc/arm-none-eabi/10.3.1/../../../../arm-none-eabi/lib/thumb/v7e-m/nofp\libg.a(lib_a-signalr.o)
                0x0800aeb8                _getpid_r
 *(.glue_7)
 .glue_7        0x0800aebc        0x0 linker stubs
 *(.glue_7t)
 .glue_7t       0x0800aebc        0x0 linker stubs
 *(.eh_frame)
 .eh_frame      0x0800aebc        0x0 c:/stm32toolchain/gcc-arm-none-eabi-10.3-2021.10/bin/../lib/gcc/arm-none-eabi/10.3.1/thumb/v7e-m/nofp/crtbegin.o
 *(.init)
 .init          0x0800aebc        0x4 c:/stm32toolchain/gcc-arm-none-eabi-10.3-2021.10/bin/../lib/gcc/arm-none-eabi/10.3.1/thumb/v7e-m/nofp/crti.o
                0x0800aebc                _init
 .init          0x0800aec0        0x8 c:/stm32toolchain/gcc-arm-none-eabi-10.3-2021.10/bin/../lib/gcc/arm-none-eabi/10.3.1/thumb/v7e-m/nofp/crtn.o
 *(.fini)
 .fini          0x0800aec8        0x4 c:/stm32toolchain/gcc-arm-none-eabi-10.3-2021.10/bin/../lib/gcc/arm-none-eabi/10.3.1/thumb/v7e-m/nofp/crti.o
                0x0800aec8                _fini
 .fini          0x0800aecc        0x8 c:/stm32toolchain/gcc-arm-none-eabi-10.3-2021.10/bin/../lib/gcc/arm-none-eabi/10.3.1/thumb/v7e-m/nofp/crtn.o
                0x0800aed4                . = ALIGN (0x4)
                0x0800aed4                _etext = .

.vfp11_veneer   0x0800aed4        0x0
 .vfp11_veneer  0x0800aed4        0x0 linker stubs

.v4_bx          0x0800aed4        0x0
 .v4_bx         0x0800aed4        0x0 linker stubs

.iplt           0x0800aed4        0x0
 .iplt          0x0800aed4        0x0 c:/stm32toolchain/gcc-arm-none-eabi-10.3-2021.10/bin/../lib/gcc/arm-none-eabi/10.3.1/thumb/v7e-m/nofp/crtbegin.o

.rodata         0x0800aed8      0x420
                0x0800aed8                . = ALIGN (0x4)
 *(.rodata)
 *(.rodata*)
 .rodata.GreySensor_Update.str1.4
                0x0800aed8        0x7 CMakeFiles/XHB.elf.dir/Core/Src/GreySensor.c.obj
 *fill*         0x0800aedf        0x1 
 .rodata.AHBPrescTable
                0x0800aee0       0x10 CMakeFiles/XHB.elf.dir/Core/Src/system_stm32f4xx.c.obj
                0x0800aee0                AHBPrescTable
 .rodata.APBPrescTable
                0x0800aef0        0x8 CMakeFiles/XHB.elf.dir/Core/Src/system_stm32f4xx.c.obj
                0x0800aef0                APBPrescTable
 .rodata._global_impure_ptr
                0x0800aef8        0x4 c:/stm32toolchain/gcc-arm-none-eabi-10.3-2021.10/bin/../lib/gcc/arm-none-eabi/10.3.1/../../../../arm-none-eabi/lib/thumb/v7e-m/nofp\libg.a(lib_a-impure.o)
                0x0800aef8                _global_impure_ptr
 .rodata._vfprintf_r.str1.4
                0x0800aefc       0x42 c:/stm32toolchain/gcc-arm-none-eabi-10.3-2021.10/bin/../lib/gcc/arm-none-eabi/10.3.1/../../../../arm-none-eabi/lib/thumb/v7e-m/nofp\libg.a(lib_a-vfprintf.o)
 *fill*         0x0800af3e        0x2 
 .rodata.blanks.1
                0x0800af40       0x10 c:/stm32toolchain/gcc-arm-none-eabi-10.3-2021.10/bin/../lib/gcc/arm-none-eabi/10.3.1/../../../../arm-none-eabi/lib/thumb/v7e-m/nofp\libg.a(lib_a-vfprintf.o)
 .rodata.zeroes.0
                0x0800af50       0x10 c:/stm32toolchain/gcc-arm-none-eabi-10.3-2021.10/bin/../lib/gcc/arm-none-eabi/10.3.1/../../../../arm-none-eabi/lib/thumb/v7e-m/nofp\libg.a(lib_a-vfprintf.o)
 .rodata._dtoa_r.str1.4
                0x0800af60       0xa2 c:/stm32toolchain/gcc-arm-none-eabi-10.3-2021.10/bin/../lib/gcc/arm-none-eabi/10.3.1/../../../../arm-none-eabi/lib/thumb/v7e-m/nofp\libg.a(lib_a-dtoa.o)
                                 0xa6 (size before relaxing)
 *fill*         0x0800b002        0x2 
 .rodata.__multadd.str1.4
                0x0800b004       0x7f c:/stm32toolchain/gcc-arm-none-eabi-10.3-2021.10/bin/../lib/gcc/arm-none-eabi/10.3.1/../../../../arm-none-eabi/lib/thumb/v7e-m/nofp\libg.a(lib_a-mprec.o)
                                 0x93 (size before relaxing)
 *fill*         0x0800b083        0x5 
 .rodata.__mprec_bigtens
                0x0800b088       0x28 c:/stm32toolchain/gcc-arm-none-eabi-10.3-2021.10/bin/../lib/gcc/arm-none-eabi/10.3.1/../../../../arm-none-eabi/lib/thumb/v7e-m/nofp\libg.a(lib_a-mprec.o)
                0x0800b088                __mprec_bigtens
 .rodata.__mprec_tens
                0x0800b0b0       0xc8 c:/stm32toolchain/gcc-arm-none-eabi-10.3-2021.10/bin/../lib/gcc/arm-none-eabi/10.3.1/../../../../arm-none-eabi/lib/thumb/v7e-m/nofp\libg.a(lib_a-mprec.o)
                0x0800b0b0                __mprec_tens
 .rodata.p05.0  0x0800b178        0xc c:/stm32toolchain/gcc-arm-none-eabi-10.3-2021.10/bin/../lib/gcc/arm-none-eabi/10.3.1/../../../../arm-none-eabi/lib/thumb/v7e-m/nofp\libg.a(lib_a-mprec.o)
 .rodata._vfiprintf_r.str1.4
                0x0800b184       0x2f c:/stm32toolchain/gcc-arm-none-eabi-10.3-2021.10/bin/../lib/gcc/arm-none-eabi/10.3.1/../../../../arm-none-eabi/lib/thumb/v7e-m/nofp\libg.a(lib_a-vfiprintf.o)
 .rodata.blanks.1
                0x0800b184       0x10 c:/stm32toolchain/gcc-arm-none-eabi-10.3-2021.10/bin/../lib/gcc/arm-none-eabi/10.3.1/../../../../arm-none-eabi/lib/thumb/v7e-m/nofp\libg.a(lib_a-vfiprintf.o)
 .rodata.zeroes.0
                0x0800b194       0x10 c:/stm32toolchain/gcc-arm-none-eabi-10.3-2021.10/bin/../lib/gcc/arm-none-eabi/10.3.1/../../../../arm-none-eabi/lib/thumb/v7e-m/nofp\libg.a(lib_a-vfiprintf.o)
 .rodata.__assert_func.str1.4
                0x0800b1a4       0x3f c:/stm32toolchain/gcc-arm-none-eabi-10.3-2021.10/bin/../lib/gcc/arm-none-eabi/10.3.1/../../../../arm-none-eabi/lib/thumb/v7e-m/nofp\libg.a(lib_a-assert.o)
                                 0x43 (size before relaxing)
 *fill*         0x0800b1e3        0x1 
 .rodata._setlocale_r.str1.4
                0x0800b1e4        0xa c:/stm32toolchain/gcc-arm-none-eabi-10.3-2021.10/bin/../lib/gcc/arm-none-eabi/10.3.1/../../../../arm-none-eabi/lib/thumb/v7e-m/nofp\libg.a(lib_a-locale.o)
                                  0xd (size before relaxing)
 *fill*         0x0800b1ee        0x2 
 .rodata.str1.4
                0x0800b1f0        0x2 c:/stm32toolchain/gcc-arm-none-eabi-10.3-2021.10/bin/../lib/gcc/arm-none-eabi/10.3.1/../../../../arm-none-eabi/lib/thumb/v7e-m/nofp\libg.a(lib_a-locale.o)
 *fill*         0x0800b1f2        0x2 
 .rodata._ctype_
                0x0800b1f4      0x101 c:/stm32toolchain/gcc-arm-none-eabi-10.3-2021.10/bin/../lib/gcc/arm-none-eabi/10.3.1/../../../../arm-none-eabi/lib/thumb/v7e-m/nofp\libg.a(lib_a-ctype_.o)
                0x0800b1f4                _ctype_
                0x0800b2f8                . = ALIGN (0x4)
 *fill*         0x0800b2f5        0x3 

.ARM.extab      0x0800b2f8        0x0
                0x0800b2f8                . = ALIGN (0x4)
 *(.ARM.extab* .gnu.linkonce.armextab.*)
                0x0800b2f8                . = ALIGN (0x4)

.ARM            0x0800b2f8        0x8
                0x0800b2f8                . = ALIGN (0x4)
                0x0800b2f8                __exidx_start = .
 *(.ARM.exidx*)
 .ARM.exidx     0x0800b2f8        0x8 c:/stm32toolchain/gcc-arm-none-eabi-10.3-2021.10/bin/../lib/gcc/arm-none-eabi/10.3.1/thumb/v7e-m/nofp\libgcc.a(_udivmoddi4.o)
                0x0800b300                __exidx_end = .
                0x0800b300                . = ALIGN (0x4)

.rel.dyn        0x0800b300        0x0
 .rel.iplt      0x0800b300        0x0 c:/stm32toolchain/gcc-arm-none-eabi-10.3-2021.10/bin/../lib/gcc/arm-none-eabi/10.3.1/thumb/v7e-m/nofp/crtbegin.o

.preinit_array  0x0800b300        0x0
                0x0800b300                . = ALIGN (0x4)
                0x0800b300                PROVIDE (__preinit_array_start = .)
 *(.preinit_array*)
                0x0800b300                PROVIDE (__preinit_array_end = .)
                0x0800b300                . = ALIGN (0x4)

.init_array     0x0800b300        0x8
                0x0800b300                . = ALIGN (0x4)
                0x0800b300                PROVIDE (__init_array_start = .)
 *(SORT_BY_NAME(.init_array.*))
 .init_array.00000
                0x0800b300        0x4 c:/stm32toolchain/gcc-arm-none-eabi-10.3-2021.10/bin/../lib/gcc/arm-none-eabi/10.3.1/../../../../arm-none-eabi/lib/thumb/v7e-m/nofp\libg.a(lib_a-__call_atexit.o)
 *(.init_array*)
 .init_array    0x0800b304        0x4 c:/stm32toolchain/gcc-arm-none-eabi-10.3-2021.10/bin/../lib/gcc/arm-none-eabi/10.3.1/thumb/v7e-m/nofp/crtbegin.o
                0x0800b308                PROVIDE (__init_array_end = .)
                0x0800b308                . = ALIGN (0x4)

.fini_array     0x0800b308        0x4
                0x0800b308                . = ALIGN (0x4)
                0x0800b308                PROVIDE (__fini_array_start = .)
 *(SORT_BY_NAME(.fini_array.*))
 *(.fini_array*)
 .fini_array    0x0800b308        0x4 c:/stm32toolchain/gcc-arm-none-eabi-10.3-2021.10/bin/../lib/gcc/arm-none-eabi/10.3.1/thumb/v7e-m/nofp/crtbegin.o
                0x0800b30c                PROVIDE (__fini_array_end = .)
                0x0800b30c                . = ALIGN (0x4)
                0x0800b30c                _sidata = LOADADDR (.data)

.data           0x20000000      0x9b8 load address 0x0800b30c
                0x20000000                . = ALIGN (0x4)
                0x20000000                _sdata = .
 *(.data)
 *(.data*)
 .data.SystemCoreClock
                0x20000000        0x4 CMakeFiles/XHB.elf.dir/Core/Src/system_stm32f4xx.c.obj
                0x20000000                SystemCoreClock
 .data.uwTickFreq
                0x20000004        0x1 CMakeFiles/XHB.elf.dir/Drivers/STM32F4xx_HAL_Driver/Src/stm32f4xx_hal.c.obj
                0x20000004                uwTickFreq
 *fill*         0x20000005        0x3 
 .data.uwTickPrio
                0x20000008        0x4 CMakeFiles/XHB.elf.dir/Drivers/STM32F4xx_HAL_Driver/Src/stm32f4xx_hal.c.obj
                0x20000008                uwTickPrio
 .data._impure_ptr
                0x2000000c        0x4 c:/stm32toolchain/gcc-arm-none-eabi-10.3-2021.10/bin/../lib/gcc/arm-none-eabi/10.3.1/../../../../arm-none-eabi/lib/thumb/v7e-m/nofp\libg.a(lib_a-impure.o)
                0x2000000c                _impure_ptr
 .data.impure_data
                0x20000010      0x428 c:/stm32toolchain/gcc-arm-none-eabi-10.3-2021.10/bin/../lib/gcc/arm-none-eabi/10.3.1/../../../../arm-none-eabi/lib/thumb/v7e-m/nofp\libg.a(lib_a-impure.o)
 .data.__atexit_recursive_mutex
                0x20000438        0x4 c:/stm32toolchain/gcc-arm-none-eabi-10.3-2021.10/bin/../lib/gcc/arm-none-eabi/10.3.1/../../../../arm-none-eabi/lib/thumb/v7e-m/nofp\libg.a(lib_a-__call_atexit.o)
                0x20000438                __atexit_recursive_mutex
 .data.__malloc_av_
                0x2000043c      0x408 c:/stm32toolchain/gcc-arm-none-eabi-10.3-2021.10/bin/../lib/gcc/arm-none-eabi/10.3.1/../../../../arm-none-eabi/lib/thumb/v7e-m/nofp\libg.a(lib_a-mallocr.o)
                0x2000043c                __malloc_av_
 .data.__malloc_sbrk_base
                0x20000844        0x4 c:/stm32toolchain/gcc-arm-none-eabi-10.3-2021.10/bin/../lib/gcc/arm-none-eabi/10.3.1/../../../../arm-none-eabi/lib/thumb/v7e-m/nofp\libg.a(lib_a-mallocr.o)
                0x20000844                __malloc_sbrk_base
 .data.__malloc_trim_threshold
                0x20000848        0x4 c:/stm32toolchain/gcc-arm-none-eabi-10.3-2021.10/bin/../lib/gcc/arm-none-eabi/10.3.1/../../../../arm-none-eabi/lib/thumb/v7e-m/nofp\libg.a(lib_a-mallocr.o)
                0x20000848                __malloc_trim_threshold
 .data.__global_locale
                0x2000084c      0x16c c:/stm32toolchain/gcc-arm-none-eabi-10.3-2021.10/bin/../lib/gcc/arm-none-eabi/10.3.1/../../../../arm-none-eabi/lib/thumb/v7e-m/nofp\libg.a(lib_a-locale.o)
                0x2000084c                __global_locale
 *(.RamFunc)
 *(.RamFunc*)
                0x200009b8                . = ALIGN (0x4)
                0x200009b8                _edata = .

.igot.plt       0x200009b8        0x0 load address 0x0800bcc4
 .igot.plt      0x200009b8        0x0 c:/stm32toolchain/gcc-arm-none-eabi-10.3-2021.10/bin/../lib/gcc/arm-none-eabi/10.3.1/thumb/v7e-m/nofp/crtbegin.o
                0x200009b8                . = ALIGN (0x4)

.bss            0x200009b8      0x694 load address 0x0800bcc4
                0x200009b8                _sbss = .
                0x200009b8                __bss_start__ = _sbss
 *(.bss)
 .bss           0x200009b8       0x1c c:/stm32toolchain/gcc-arm-none-eabi-10.3-2021.10/bin/../lib/gcc/arm-none-eabi/10.3.1/thumb/v7e-m/nofp/crtbegin.o
 *(.bss*)
 .bss.RET       0x200009d4        0x2 CMakeFiles/XHB.elf.dir/Core/Src/GreySensor.c.obj
                0x200009d4                RET
 *fill*         0x200009d6        0x2 
 .bss.pADC      0x200009d8        0x4 CMakeFiles/XHB.elf.dir/Core/Src/GreySensor.c.obj
                0x200009d8                pADC
 .bss.cnt       0x200009dc        0x4 CMakeFiles/XHB.elf.dir/Core/Src/UltraSound.c.obj
                0x200009dc                cnt
 .bss.ptr_flag  0x200009e0        0x4 CMakeFiles/XHB.elf.dir/Core/Src/UltraSound.c.obj
                0x200009e0                ptr_flag
 .bss.hi2c1     0x200009e4       0x54 CMakeFiles/XHB.elf.dir/Core/Src/i2c.c.obj
                0x200009e4                hi2c1
 .bss.ADC_ARR   0x20000a38        0xe CMakeFiles/XHB.elf.dir/Core/Src/main.c.obj
                0x20000a38                ADC_ARR
 *fill*         0x20000a46        0x2 
 .bss.CNT       0x20000a48        0x4 CMakeFiles/XHB.elf.dir/Core/Src/main.c.obj
                0x20000a48                CNT
 .bss.UART_REC  0x20000a4c        0x5 CMakeFiles/XHB.elf.dir/Core/Src/main.c.obj
                0x20000a4c                UART_REC
 .bss.flag      0x20000a51        0x1 CMakeFiles/XHB.elf.dir/Core/Src/main.c.obj
                0x20000a51                flag
 *fill*         0x20000a52        0x2 
 .bss.CNT_LEN   0x20000a54        0x4 CMakeFiles/XHB.elf.dir/Core/Src/motor.c.obj
                0x20000a54                CNT_LEN
 .bss.is_1ST_ADC_B
                0x20000a58        0x1 CMakeFiles/XHB.elf.dir/Core/Src/motor.c.obj
                0x20000a58                is_1ST_ADC_B
 .bss.is_1ST_ADC_W
                0x20000a59        0x1 CMakeFiles/XHB.elf.dir/Core/Src/motor.c.obj
                0x20000a59                is_1ST_ADC_W
 *fill*         0x20000a5a        0x2 
 .bss.OLED_GRAM
                0x20000a5c      0x480 CMakeFiles/XHB.elf.dir/Core/Src/oled.c.obj
                0x20000a5c                OLED_GRAM
 .bss.gHuart    0x20000edc        0x4 CMakeFiles/XHB.elf.dir/Core/Src/retarget.c.obj
                0x20000edc                gHuart
 .bss.__sbrk_heap_end
                0x20000ee0        0x4 CMakeFiles/XHB.elf.dir/Core/Src/sysmem.c.obj
 .bss.htim1     0x20000ee4       0x48 CMakeFiles/XHB.elf.dir/Core/Src/tim.c.obj
                0x20000ee4                htim1
 .bss.htim2     0x20000f2c       0x48 CMakeFiles/XHB.elf.dir/Core/Src/tim.c.obj
                0x20000f2c                htim2
 .bss.htim3     0x20000f74       0x48 CMakeFiles/XHB.elf.dir/Core/Src/tim.c.obj
                0x20000f74                htim3
 .bss.huart2    0x20000fbc       0x44 CMakeFiles/XHB.elf.dir/Core/Src/usart.c.obj
                0x20000fbc                huart2
 .bss.uwTick    0x20001000        0x4 CMakeFiles/XHB.elf.dir/Drivers/STM32F4xx_HAL_Driver/Src/stm32f4xx_hal.c.obj
                0x20001000                uwTick
 .bss.__lock___atexit_recursive_mutex
                0x20001004        0x1 c:/stm32toolchain/gcc-arm-none-eabi-10.3-2021.10/bin/../lib/gcc/arm-none-eabi/10.3.1/../../../../arm-none-eabi/lib/thumb/v7e-m/nofp\libg.a(lib_a-lock.o)
                0x20001004                __lock___atexit_recursive_mutex
 *fill*         0x20001005        0x3 
 .bss.__lock___malloc_recursive_mutex
                0x20001008        0x1 c:/stm32toolchain/gcc-arm-none-eabi-10.3-2021.10/bin/../lib/gcc/arm-none-eabi/10.3.1/../../../../arm-none-eabi/lib/thumb/v7e-m/nofp\libg.a(lib_a-lock.o)
                0x20001008                __lock___malloc_recursive_mutex
 *fill*         0x20001009        0x3 
 .bss.__lock___sfp_recursive_mutex
                0x2000100c        0x1 c:/stm32toolchain/gcc-arm-none-eabi-10.3-2021.10/bin/../lib/gcc/arm-none-eabi/10.3.1/../../../../arm-none-eabi/lib/thumb/v7e-m/nofp\libg.a(lib_a-lock.o)
                0x2000100c                __lock___sfp_recursive_mutex
 *fill*         0x2000100d        0x3 
 .bss.__lock___sinit_recursive_mutex
                0x20001010        0x1 c:/stm32toolchain/gcc-arm-none-eabi-10.3-2021.10/bin/../lib/gcc/arm-none-eabi/10.3.1/../../../../arm-none-eabi/lib/thumb/v7e-m/nofp\libg.a(lib_a-lock.o)
                0x20001010                __lock___sinit_recursive_mutex
 *fill*         0x20001011        0x3 
 .bss.__malloc_current_mallinfo
                0x20001014       0x28 c:/stm32toolchain/gcc-arm-none-eabi-10.3-2021.10/bin/../lib/gcc/arm-none-eabi/10.3.1/../../../../arm-none-eabi/lib/thumb/v7e-m/nofp\libg.a(lib_a-mallocr.o)
                0x20001014                __malloc_current_mallinfo
 .bss.__malloc_max_sbrked_mem
                0x2000103c        0x4 c:/stm32toolchain/gcc-arm-none-eabi-10.3-2021.10/bin/../lib/gcc/arm-none-eabi/10.3.1/../../../../arm-none-eabi/lib/thumb/v7e-m/nofp\libg.a(lib_a-mallocr.o)
                0x2000103c                __malloc_max_sbrked_mem
 .bss.__malloc_max_total_mem
                0x20001040        0x4 c:/stm32toolchain/gcc-arm-none-eabi-10.3-2021.10/bin/../lib/gcc/arm-none-eabi/10.3.1/../../../../arm-none-eabi/lib/thumb/v7e-m/nofp\libg.a(lib_a-mallocr.o)
                0x20001040                __malloc_max_total_mem
 .bss.__malloc_top_pad
                0x20001044        0x4 c:/stm32toolchain/gcc-arm-none-eabi-10.3-2021.10/bin/../lib/gcc/arm-none-eabi/10.3.1/../../../../arm-none-eabi/lib/thumb/v7e-m/nofp\libg.a(lib_a-mallocr.o)
                0x20001044                __malloc_top_pad
 .bss.errno     0x20001048        0x4 c:/stm32toolchain/gcc-arm-none-eabi-10.3-2021.10/bin/../lib/gcc/arm-none-eabi/10.3.1/../../../../arm-none-eabi/lib/thumb/v7e-m/nofp\libg.a(lib_a-reent.o)
                0x20001048                errno
 *(COMMON)
                0x2000104c                . = ALIGN (0x4)
                0x2000104c                _ebss = .
                0x2000104c                __bss_end__ = _ebss

._user_heap_stack
                0x2000104c      0x604 load address 0x0800bcc4
                0x20001050                . = ALIGN (0x8)
 *fill*         0x2000104c        0x4 
                [!provide]                PROVIDE (end = .)
                0x20001050                PROVIDE (_end = .)
                0x20001250                . = (. + _Min_Heap_Size)
 *fill*         0x20001050      0x200 
                0x20001650                . = (. + _Min_Stack_Size)
 *fill*         0x20001250      0x400 
                0x20001650                . = ALIGN (0x8)

/DISCARD/
 libc.a(*)
 libm.a(*)
 libgcc.a(*)

.ARM.attributes
                0x00000000       0x2a
 *(.ARM.attributes)
 .ARM.attributes
                0x00000000       0x1e c:/stm32toolchain/gcc-arm-none-eabi-10.3-2021.10/bin/../lib/gcc/arm-none-eabi/10.3.1/thumb/v7e-m/nofp/crti.o
 .ARM.attributes
                0x0000001e       0x2e c:/stm32toolchain/gcc-arm-none-eabi-10.3-2021.10/bin/../lib/gcc/arm-none-eabi/10.3.1/thumb/v7e-m/nofp/crtbegin.o
 .ARM.attributes
                0x0000004c       0x2e CMakeFiles/XHB.elf.dir/Core/Src/GreySensor.c.obj
 .ARM.attributes
                0x0000007a       0x2e CMakeFiles/XHB.elf.dir/Core/Src/UltraSound.c.obj
 .ARM.attributes
                0x000000a8       0x2e CMakeFiles/XHB.elf.dir/Core/Src/gpio.c.obj
 .ARM.attributes
                0x000000d6       0x2e CMakeFiles/XHB.elf.dir/Core/Src/i2c.c.obj
 .ARM.attributes
                0x00000104       0x2e CMakeFiles/XHB.elf.dir/Core/Src/main.c.obj
 .ARM.attributes
                0x00000132       0x2e CMakeFiles/XHB.elf.dir/Core/Src/motor.c.obj
 .ARM.attributes
                0x00000160       0x2e CMakeFiles/XHB.elf.dir/Core/Src/oled.c.obj
 .ARM.attributes
                0x0000018e       0x2e CMakeFiles/XHB.elf.dir/Core/Src/retarget.c.obj
 .ARM.attributes
                0x000001bc       0x2e CMakeFiles/XHB.elf.dir/Core/Src/stm32f4xx_hal_msp.c.obj
 .ARM.attributes
                0x000001ea       0x2e CMakeFiles/XHB.elf.dir/Core/Src/stm32f4xx_it.c.obj
 .ARM.attributes
                0x00000218       0x2e CMakeFiles/XHB.elf.dir/Core/Src/syscalls.c.obj
 .ARM.attributes
                0x00000246       0x2e CMakeFiles/XHB.elf.dir/Core/Src/sysmem.c.obj
 .ARM.attributes
                0x00000274       0x2e CMakeFiles/XHB.elf.dir/Core/Src/system_stm32f4xx.c.obj
 .ARM.attributes
                0x000002a2       0x2e CMakeFiles/XHB.elf.dir/Core/Src/tim.c.obj
 .ARM.attributes
                0x000002d0       0x2e CMakeFiles/XHB.elf.dir/Core/Src/usart.c.obj
 .ARM.attributes
                0x000002fe       0x21 CMakeFiles/XHB.elf.dir/Core/Startup/startup_stm32f411ceux.s.obj
 .ARM.attributes
                0x0000031f       0x2e CMakeFiles/XHB.elf.dir/Drivers/STM32F4xx_HAL_Driver/Src/stm32f4xx_hal.c.obj
 .ARM.attributes
                0x0000034d       0x2e CMakeFiles/XHB.elf.dir/Drivers/STM32F4xx_HAL_Driver/Src/stm32f4xx_hal_cortex.c.obj
 .ARM.attributes
                0x0000037b       0x2e CMakeFiles/XHB.elf.dir/Drivers/STM32F4xx_HAL_Driver/Src/stm32f4xx_hal_dma.c.obj
 .ARM.attributes
                0x000003a9       0x2e CMakeFiles/XHB.elf.dir/Drivers/STM32F4xx_HAL_Driver/Src/stm32f4xx_hal_gpio.c.obj
 .ARM.attributes
                0x000003d7       0x2e CMakeFiles/XHB.elf.dir/Drivers/STM32F4xx_HAL_Driver/Src/stm32f4xx_hal_i2c.c.obj
 .ARM.attributes
                0x00000405       0x2e CMakeFiles/XHB.elf.dir/Drivers/STM32F4xx_HAL_Driver/Src/stm32f4xx_hal_rcc.c.obj
 .ARM.attributes
                0x00000433       0x2e CMakeFiles/XHB.elf.dir/Drivers/STM32F4xx_HAL_Driver/Src/stm32f4xx_hal_tim.c.obj
 .ARM.attributes
                0x00000461       0x2e CMakeFiles/XHB.elf.dir/Drivers/STM32F4xx_HAL_Driver/Src/stm32f4xx_hal_tim_ex.c.obj
 .ARM.attributes
                0x0000048f       0x2e CMakeFiles/XHB.elf.dir/Drivers/STM32F4xx_HAL_Driver/Src/stm32f4xx_hal_uart.c.obj
 .ARM.attributes
                0x000004bd       0x1e c:/stm32toolchain/gcc-arm-none-eabi-10.3-2021.10/bin/../lib/gcc/arm-none-eabi/10.3.1/thumb/v7e-m/nofp\libgcc.a(_aeabi_uldivmod.o)
 .ARM.attributes
                0x000004db       0x2e c:/stm32toolchain/gcc-arm-none-eabi-10.3-2021.10/bin/../lib/gcc/arm-none-eabi/10.3.1/thumb/v7e-m/nofp\libgcc.a(_udivmoddi4.o)
 .ARM.attributes
                0x00000509       0x1e c:/stm32toolchain/gcc-arm-none-eabi-10.3-2021.10/bin/../lib/gcc/arm-none-eabi/10.3.1/thumb/v7e-m/nofp\libgcc.a(_dvmd_tls.o)
 .ARM.attributes
                0x00000527       0x2e c:/stm32toolchain/gcc-arm-none-eabi-10.3-2021.10/bin/../lib/gcc/arm-none-eabi/10.3.1/../../../../arm-none-eabi/lib/thumb/v7e-m/nofp\libg.a(lib_a-errno.o)
 .ARM.attributes
                0x00000555       0x2e c:/stm32toolchain/gcc-arm-none-eabi-10.3-2021.10/bin/../lib/gcc/arm-none-eabi/10.3.1/../../../../arm-none-eabi/lib/thumb/v7e-m/nofp\libg.a(lib_a-impure.o)
 .ARM.attributes
                0x00000583       0x2e c:/stm32toolchain/gcc-arm-none-eabi-10.3-2021.10/bin/../lib/gcc/arm-none-eabi/10.3.1/../../../../arm-none-eabi/lib/thumb/v7e-m/nofp\libg.a(lib_a-init.o)
 .ARM.attributes
                0x000005b1       0x2e c:/stm32toolchain/gcc-arm-none-eabi-10.3-2021.10/bin/../lib/gcc/arm-none-eabi/10.3.1/../../../../arm-none-eabi/lib/thumb/v7e-m/nofp\libg.a(lib_a-memset.o)
 .ARM.attributes
                0x000005df       0x2e c:/stm32toolchain/gcc-arm-none-eabi-10.3-2021.10/bin/../lib/gcc/arm-none-eabi/10.3.1/../../../../arm-none-eabi/lib/thumb/v7e-m/nofp\libg.a(lib_a-printf.o)
 .ARM.attributes
                0x0000060d       0x2e c:/stm32toolchain/gcc-arm-none-eabi-10.3-2021.10/bin/../lib/gcc/arm-none-eabi/10.3.1/../../../../arm-none-eabi/lib/thumb/v7e-m/nofp\libg.a(lib_a-putchar.o)
 .ARM.attributes
                0x0000063b       0x2e c:/stm32toolchain/gcc-arm-none-eabi-10.3-2021.10/bin/../lib/gcc/arm-none-eabi/10.3.1/../../../../arm-none-eabi/lib/thumb/v7e-m/nofp\libg.a(lib_a-setvbuf.o)
 .ARM.attributes
                0x00000669       0x2e c:/stm32toolchain/gcc-arm-none-eabi-10.3-2021.10/bin/../lib/gcc/arm-none-eabi/10.3.1/../../../../arm-none-eabi/lib/thumb/v7e-m/nofp\libg.a(lib_a-vfprintf.o)
 .ARM.attributes
                0x00000697       0x2e c:/stm32toolchain/gcc-arm-none-eabi-10.3-2021.10/bin/../lib/gcc/arm-none-eabi/10.3.1/../../../../arm-none-eabi/lib/thumb/v7e-m/nofp\libg.a(lib_a-wsetup.o)
 .ARM.attributes
                0x000006c5       0x2e c:/stm32toolchain/gcc-arm-none-eabi-10.3-2021.10/bin/../lib/gcc/arm-none-eabi/10.3.1/../../../../arm-none-eabi/lib/thumb/v7e-m/nofp\libg.a(lib_a-__call_atexit.o)
 .ARM.attributes
                0x000006f3       0x2e c:/stm32toolchain/gcc-arm-none-eabi-10.3-2021.10/bin/../lib/gcc/arm-none-eabi/10.3.1/../../../../arm-none-eabi/lib/thumb/v7e-m/nofp\libg.a(lib_a-atexit.o)
 .ARM.attributes
                0x00000721       0x2e c:/stm32toolchain/gcc-arm-none-eabi-10.3-2021.10/bin/../lib/gcc/arm-none-eabi/10.3.1/../../../../arm-none-eabi/lib/thumb/v7e-m/nofp\libg.a(lib_a-dtoa.o)
 .ARM.attributes
                0x0000074f       0x2e c:/stm32toolchain/gcc-arm-none-eabi-10.3-2021.10/bin/../lib/gcc/arm-none-eabi/10.3.1/../../../../arm-none-eabi/lib/thumb/v7e-m/nofp\libg.a(lib_a-fflush.o)
 .ARM.attributes
                0x0000077d       0x2e c:/stm32toolchain/gcc-arm-none-eabi-10.3-2021.10/bin/../lib/gcc/arm-none-eabi/10.3.1/../../../../arm-none-eabi/lib/thumb/v7e-m/nofp\libg.a(lib_a-findfp.o)
 .ARM.attributes
                0x000007ab       0x2e c:/stm32toolchain/gcc-arm-none-eabi-10.3-2021.10/bin/../lib/gcc/arm-none-eabi/10.3.1/../../../../arm-none-eabi/lib/thumb/v7e-m/nofp\libg.a(lib_a-fini.o)
 .ARM.attributes
                0x000007d9       0x2e c:/stm32toolchain/gcc-arm-none-eabi-10.3-2021.10/bin/../lib/gcc/arm-none-eabi/10.3.1/../../../../arm-none-eabi/lib/thumb/v7e-m/nofp\libg.a(lib_a-freer.o)
 .ARM.attributes
                0x00000807       0x2e c:/stm32toolchain/gcc-arm-none-eabi-10.3-2021.10/bin/../lib/gcc/arm-none-eabi/10.3.1/../../../../arm-none-eabi/lib/thumb/v7e-m/nofp\libg.a(lib_a-fwalk.o)
 .ARM.attributes
                0x00000835       0x2e c:/stm32toolchain/gcc-arm-none-eabi-10.3-2021.10/bin/../lib/gcc/arm-none-eabi/10.3.1/../../../../arm-none-eabi/lib/thumb/v7e-m/nofp\libg.a(lib_a-localeconv.o)
 .ARM.attributes
                0x00000863       0x2e c:/stm32toolchain/gcc-arm-none-eabi-10.3-2021.10/bin/../lib/gcc/arm-none-eabi/10.3.1/../../../../arm-none-eabi/lib/thumb/v7e-m/nofp\libg.a(lib_a-lock.o)
 .ARM.attributes
                0x00000891       0x2e c:/stm32toolchain/gcc-arm-none-eabi-10.3-2021.10/bin/../lib/gcc/arm-none-eabi/10.3.1/../../../../arm-none-eabi/lib/thumb/v7e-m/nofp\libg.a(lib_a-makebuf.o)
 .ARM.attributes
                0x000008bf       0x2e c:/stm32toolchain/gcc-arm-none-eabi-10.3-2021.10/bin/../lib/gcc/arm-none-eabi/10.3.1/../../../../arm-none-eabi/lib/thumb/v7e-m/nofp\libg.a(lib_a-malloc.o)
 .ARM.attributes
                0x000008ed       0x2e c:/stm32toolchain/gcc-arm-none-eabi-10.3-2021.10/bin/../lib/gcc/arm-none-eabi/10.3.1/../../../../arm-none-eabi/lib/thumb/v7e-m/nofp\libg.a(lib_a-mallocr.o)
 .ARM.attributes
                0x0000091b       0x1c c:/stm32toolchain/gcc-arm-none-eabi-10.3-2021.10/bin/../lib/gcc/arm-none-eabi/10.3.1/../../../../arm-none-eabi/lib/thumb/v7e-m/nofp\libg.a(lib_a-memchr.o)
 .ARM.attributes
                0x00000937       0x1c c:/stm32toolchain/gcc-arm-none-eabi-10.3-2021.10/bin/../lib/gcc/arm-none-eabi/10.3.1/../../../../arm-none-eabi/lib/thumb/v7e-m/nofp\libg.a(lib_a-memcpy.o)
 .ARM.attributes
                0x00000953       0x2e c:/stm32toolchain/gcc-arm-none-eabi-10.3-2021.10/bin/../lib/gcc/arm-none-eabi/10.3.1/../../../../arm-none-eabi/lib/thumb/v7e-m/nofp\libg.a(lib_a-mlock.o)
 .ARM.attributes
                0x00000981       0x2e c:/stm32toolchain/gcc-arm-none-eabi-10.3-2021.10/bin/../lib/gcc/arm-none-eabi/10.3.1/../../../../arm-none-eabi/lib/thumb/v7e-m/nofp\libg.a(lib_a-mprec.o)
 .ARM.attributes
                0x000009af       0x2e c:/stm32toolchain/gcc-arm-none-eabi-10.3-2021.10/bin/../lib/gcc/arm-none-eabi/10.3.1/../../../../arm-none-eabi/lib/thumb/v7e-m/nofp\libg.a(lib_a-putc.o)
 .ARM.attributes
                0x000009dd       0x2e c:/stm32toolchain/gcc-arm-none-eabi-10.3-2021.10/bin/../lib/gcc/arm-none-eabi/10.3.1/../../../../arm-none-eabi/lib/thumb/v7e-m/nofp\libg.a(lib_a-s_frexp.o)
 .ARM.attributes
                0x00000a0b       0x2e c:/stm32toolchain/gcc-arm-none-eabi-10.3-2021.10/bin/../lib/gcc/arm-none-eabi/10.3.1/../../../../arm-none-eabi/lib/thumb/v7e-m/nofp\libg.a(lib_a-sbrkr.o)
 .ARM.attributes
                0x00000a39       0x2e c:/stm32toolchain/gcc-arm-none-eabi-10.3-2021.10/bin/../lib/gcc/arm-none-eabi/10.3.1/../../../../arm-none-eabi/lib/thumb/v7e-m/nofp\libg.a(lib_a-stdio.o)
 .ARM.attributes
                0x00000a67       0x1c c:/stm32toolchain/gcc-arm-none-eabi-10.3-2021.10/bin/../lib/gcc/arm-none-eabi/10.3.1/../../../../arm-none-eabi/lib/thumb/v7e-m/nofp\libg.a(lib_a-strlen.o)
 .ARM.attributes
                0x00000a83       0x2e c:/stm32toolchain/gcc-arm-none-eabi-10.3-2021.10/bin/../lib/gcc/arm-none-eabi/10.3.1/../../../../arm-none-eabi/lib/thumb/v7e-m/nofp\libg.a(lib_a-strncpy.o)
 .ARM.attributes
                0x00000ab1       0x2e c:/stm32toolchain/gcc-arm-none-eabi-10.3-2021.10/bin/../lib/gcc/arm-none-eabi/10.3.1/../../../../arm-none-eabi/lib/thumb/v7e-m/nofp\libg.a(lib_a-vfiprintf.o)
 .ARM.attributes
                0x00000adf       0x2e c:/stm32toolchain/gcc-arm-none-eabi-10.3-2021.10/bin/../lib/gcc/arm-none-eabi/10.3.1/../../../../arm-none-eabi/lib/thumb/v7e-m/nofp\libg.a(lib_a-wbuf.o)
 .ARM.attributes
                0x00000b0d       0x2e c:/stm32toolchain/gcc-arm-none-eabi-10.3-2021.10/bin/../lib/gcc/arm-none-eabi/10.3.1/../../../../arm-none-eabi/lib/thumb/v7e-m/nofp\libg.a(lib_a-writer.o)
 .ARM.attributes
                0x00000b3b       0x2e c:/stm32toolchain/gcc-arm-none-eabi-10.3-2021.10/bin/../lib/gcc/arm-none-eabi/10.3.1/../../../../arm-none-eabi/lib/thumb/v7e-m/nofp\libg.a(lib_a-__atexit.o)
 .ARM.attributes
                0x00000b69       0x2e c:/stm32toolchain/gcc-arm-none-eabi-10.3-2021.10/bin/../lib/gcc/arm-none-eabi/10.3.1/../../../../arm-none-eabi/lib/thumb/v7e-m/nofp\libg.a(lib_a-assert.o)
 .ARM.attributes
                0x00000b97       0x2e c:/stm32toolchain/gcc-arm-none-eabi-10.3-2021.10/bin/../lib/gcc/arm-none-eabi/10.3.1/../../../../arm-none-eabi/lib/thumb/v7e-m/nofp\libg.a(lib_a-callocr.o)
 .ARM.attributes
                0x00000bc5       0x2e c:/stm32toolchain/gcc-arm-none-eabi-10.3-2021.10/bin/../lib/gcc/arm-none-eabi/10.3.1/../../../../arm-none-eabi/lib/thumb/v7e-m/nofp\libg.a(lib_a-closer.o)
 .ARM.attributes
                0x00000bf3       0x2e c:/stm32toolchain/gcc-arm-none-eabi-10.3-2021.10/bin/../lib/gcc/arm-none-eabi/10.3.1/../../../../arm-none-eabi/lib/thumb/v7e-m/nofp\libg.a(lib_a-fclose.o)
 .ARM.attributes
                0x00000c21       0x2e c:/stm32toolchain/gcc-arm-none-eabi-10.3-2021.10/bin/../lib/gcc/arm-none-eabi/10.3.1/../../../../arm-none-eabi/lib/thumb/v7e-m/nofp\libg.a(lib_a-fiprintf.o)
 .ARM.attributes
                0x00000c4f       0x2e c:/stm32toolchain/gcc-arm-none-eabi-10.3-2021.10/bin/../lib/gcc/arm-none-eabi/10.3.1/../../../../arm-none-eabi/lib/thumb/v7e-m/nofp\libg.a(lib_a-fputwc.o)
 .ARM.attributes
                0x00000c7d       0x2e c:/stm32toolchain/gcc-arm-none-eabi-10.3-2021.10/bin/../lib/gcc/arm-none-eabi/10.3.1/../../../../arm-none-eabi/lib/thumb/v7e-m/nofp\libg.a(lib_a-fstatr.o)
 .ARM.attributes
                0x00000cab       0x2e c:/stm32toolchain/gcc-arm-none-eabi-10.3-2021.10/bin/../lib/gcc/arm-none-eabi/10.3.1/../../../../arm-none-eabi/lib/thumb/v7e-m/nofp\libg.a(lib_a-fvwrite.o)
 .ARM.attributes
                0x00000cd9       0x2e c:/stm32toolchain/gcc-arm-none-eabi-10.3-2021.10/bin/../lib/gcc/arm-none-eabi/10.3.1/../../../../arm-none-eabi/lib/thumb/v7e-m/nofp\libg.a(lib_a-isattyr.o)
 .ARM.attributes