Archive member included to satisfy reference by file (symbol)

c:/stm32toolchain/gcc-arm-none-eabi-10.3-2021.10/bin/../lib/gcc/arm-none-eabi/10.3.1/thumb/v7e-m/nofp\libgcc.a(_arm_mulsf3.o)
                              CMakeFiles/XHB.elf.dir/Core/Src/UltraSound.c.obj (__aeabi_fmul)
c:/stm32toolchain/gcc-arm-none-eabi-10.3-2021.10/bin/../lib/gcc/arm-none-eabi/10.3.1/thumb/v7e-m/nofp\libgcc.a(_arm_addsubdf3.o)
                              CMakeFiles/XHB.elf.dir/Core/Src/motor.c.obj (__aeabi_f2d)
c:/stm32toolchain/gcc-arm-none-eabi-10.3-2021.10/bin/../lib/gcc/arm-none-eabi/10.3.1/thumb/v7e-m/nofp\libgcc.a(_arm_addsubsf3.o)
                              CMakeFiles/XHB.elf.dir/Core/Src/UltraSound.c.obj (__aeabi_ui2f)
c:/stm32toolchain/gcc-arm-none-eabi-10.3-2021.10/bin/../lib/gcc/arm-none-eabi/10.3.1/thumb/v7e-m/nofp\libgcc.a(_arm_cmpsf2.o)
                              CMakeFiles/XHB.elf.dir/Core/Src/motor.c.obj (__aeabi_fcmple)
c:/stm32toolchain/gcc-arm-none-eabi-10.3-2021.10/bin/../lib/gcc/arm-none-eabi/10.3.1/thumb/v7e-m/nofp\libgcc.a(_aeabi_ldivmod.o)
                              CMakeFiles/XHB.elf.dir/Drivers/STM32F4xx_HAL_Driver/Src/stm32f4xx_hal_rcc.c.obj (__aeabi_ldivmod)
c:/stm32toolchain/gcc-arm-none-eabi-10.3-2021.10/bin/../lib/gcc/arm-none-eabi/10.3.1/thumb/v7e-m/nofp\libgcc.a(_aeabi_uldivmod.o)
                              CMakeFiles/XHB.elf.dir/Drivers/STM32F4xx_HAL_Driver/Src/stm32f4xx_hal_rcc.c.obj (__aeabi_uldivmod)
c:/stm32toolchain/gcc-arm-none-eabi-10.3-2021.10/bin/../lib/gcc/arm-none-eabi/10.3.1/thumb/v7e-m/nofp\libgcc.a(_udivmoddi4.o)
                              c:/stm32toolchain/gcc-arm-none-eabi-10.3-2021.10/bin/../lib/gcc/arm-none-eabi/10.3.1/thumb/v7e-m/nofp\libgcc.a(_aeabi_ldivmod.o) (__udivmoddi4)
c:/stm32toolchain/gcc-arm-none-eabi-10.3-2021.10/bin/../lib/gcc/arm-none-eabi/10.3.1/thumb/v7e-m/nofp\libgcc.a(_dvmd_tls.o)
                              c:/stm32toolchain/gcc-arm-none-eabi-10.3-2021.10/bin/../lib/gcc/arm-none-eabi/10.3.1/thumb/v7e-m/nofp\libgcc.a(_aeabi_ldivmod.o) (__aeabi_ldiv0)
c:/stm32toolchain/gcc-arm-none-eabi-10.3-2021.10/bin/../lib/gcc/arm-none-eabi/10.3.1/../../../../arm-none-eabi/lib/thumb/v7e-m/nofp\libc.a(lib_a-errno.o)
                              CMakeFiles/XHB.elf.dir/Core/Src/retarget.c.obj (__errno)
c:/stm32toolchain/gcc-arm-none-eabi-10.3-2021.10/bin/../lib/gcc/arm-none-eabi/10.3.1/../../../../arm-none-eabi/lib/thumb/v7e-m/nofp\libc.a(lib_a-exit.o)
                              c:/stm32toolchain/gcc-arm-none-eabi-10.3-2021.10/bin/../lib/gcc/arm-none-eabi/10.3.1/../../../../arm-none-eabi/lib/thumb/v7e-m/nofp/crt0.o (exit)
c:/stm32toolchain/gcc-arm-none-eabi-10.3-2021.10/bin/../lib/gcc/arm-none-eabi/10.3.1/../../../../arm-none-eabi/lib/thumb/v7e-m/nofp\libc.a(lib_a-impure.o)
                              c:/stm32toolchain/gcc-arm-none-eabi-10.3-2021.10/bin/../lib/gcc/arm-none-eabi/10.3.1/../../../../arm-none-eabi/lib/thumb/v7e-m/nofp\libc.a(lib_a-exit.o) (_global_impure_ptr)
c:/stm32toolchain/gcc-arm-none-eabi-10.3-2021.10/bin/../lib/gcc/arm-none-eabi/10.3.1/../../../../arm-none-eabi/lib/thumb/v7e-m/nofp\libc.a(lib_a-init.o)
                              c:/stm32toolchain/gcc-arm-none-eabi-10.3-2021.10/bin/../lib/gcc/arm-none-eabi/10.3.1/../../../../arm-none-eabi/lib/thumb/v7e-m/nofp/crt0.o (__libc_init_array)
c:/stm32toolchain/gcc-arm-none-eabi-10.3-2021.10/bin/../lib/gcc/arm-none-eabi/10.3.1/../../../../arm-none-eabi/lib/thumb/v7e-m/nofp\libc.a(lib_a-memset.o)
                              c:/stm32toolchain/gcc-arm-none-eabi-10.3-2021.10/bin/../lib/gcc/arm-none-eabi/10.3.1/../../../../arm-none-eabi/lib/thumb/v7e-m/nofp/crt0.o (memset)
c:/stm32toolchain/gcc-arm-none-eabi-10.3-2021.10/bin/../lib/gcc/arm-none-eabi/10.3.1/../../../../arm-none-eabi/lib/thumb/v7e-m/nofp\libc.a(lib_a-printf.o)
                              CMakeFiles/XHB.elf.dir/Core/Src/motor.c.obj (printf)
c:/stm32toolchain/gcc-arm-none-eabi-10.3-2021.10/bin/../lib/gcc/arm-none-eabi/10.3.1/../../../../arm-none-eabi/lib/thumb/v7e-m/nofp\libc.a(lib_a-setvbuf.o)
                              CMakeFiles/XHB.elf.dir/Core/Src/retarget.c.obj (setvbuf)
c:/stm32toolchain/gcc-arm-none-eabi-10.3-2021.10/bin/../lib/gcc/arm-none-eabi/10.3.1/../../../../arm-none-eabi/lib/thumb/v7e-m/nofp\libc.a(lib_a-vfprintf.o)
                              c:/stm32toolchain/gcc-arm-none-eabi-10.3-2021.10/bin/../lib/gcc/arm-none-eabi/10.3.1/../../../../arm-none-eabi/lib/thumb/v7e-m/nofp\libc.a(lib_a-printf.o) (_vfprintf_r)
c:/stm32toolchain/gcc-arm-none-eabi-10.3-2021.10/bin/../lib/gcc/arm-none-eabi/10.3.1/../../../../arm-none-eabi/lib/thumb/v7e-m/nofp\libc.a(lib_a-wsetup.o)
                              c:/stm32toolchain/gcc-arm-none-eabi-10.3-2021.10/bin/../lib/gcc/arm-none-eabi/10.3.1/../../../../arm-none-eabi/lib/thumb/v7e-m/nofp\libc.a(lib_a-vfprintf.o) (__swsetup_r)
[...]
Memory Configuration

Name             Origin             Length             Attributes
RAM              0x20000000         0x00020000         xrw
FLASH            0x08000000         0x00080000         xr
*default*        0x00000000         0xffffffff

Linker script and memory map

LOAD c:/stm32toolchain/gcc-arm-none-eabi-10.3-2021.10/bin/../lib/gcc/arm-none-eabi/10.3.1/thumb/v7e-m/nofp/crti.o
LOAD c:/stm32toolchain/gcc-arm-none-eabi-10.3-2021.10/bin/../lib/gcc/arm-none-eabi/10.3.1/thumb/v7e-m/nofp/crtbegin.o
LOAD c:/stm32toolchain/gcc-arm-none-eabi-10.3-2021.10/bin/../lib/gcc/arm-none-eabi/10.3.1/../../../../arm-none-eabi/lib/thumb/v7e-m/nofp/crt0.o
LOAD CMakeFiles/XHB.elf.dir/Core/Src/GreySensor.c.obj
LOAD CMakeFiles/XHB.elf.dir/Core/Src/UltraSound.c.obj
LOAD CMakeFiles/XHB.elf.dir/Core/Src/gpio.c.obj
LOAD CMakeFiles/XHB.elf.dir/Core/Src/i2c.c.obj
LOAD CMakeFiles/XHB.elf.dir/Core/Src/main.c.obj
LOAD CMakeFiles/XHB.elf.dir/Core/Src/motor.c.obj
LOAD CMakeFiles/XHB.elf.dir/Core/Src/oled.c.obj
LOAD CMakeFiles/XHB.elf.dir/Core/Src/retarget.c.obj
LOAD CMakeFiles/XHB.elf.dir/Core/Src/stm32f4xx_hal_msp.c.obj
LOAD CMakeFiles/XHB.elf.dir/Core/Src/stm32f4xx_it.c.obj
LOAD CMakeFiles/XHB.elf.dir/Core/Src/syscalls.c.obj
LOAD CMakeFiles/XHB.elf.dir/Core/Src/sysmem.c.obj
LOAD CMakeFiles/XHB.elf.dir/Core/Src/system_stm32f4xx.c.obj
LOAD CMakeFiles/XHB.elf.dir/Core/Src/tim.c.obj
LOAD CMakeFiles/XHB.elf.dir/Core/Src/usart.c.obj
LOAD CMakeFiles/XHB.elf.dir/Core/Startup/startup_stm32f411ceux.s.obj
LOAD CMakeFiles/XHB.elf.dir/Drivers/STM32F4xx_HAL_Driver/Src/stm32f4xx_hal.c.obj
LOAD CMakeFiles/XHB.elf.dir/Drivers/STM32F4xx_HAL_Driver/Src/stm32f4xx_hal_cortex.c.obj
LOAD CMakeFiles/XHB.elf.dir/Drivers/STM32F4xx_HAL_Driver/Src/stm32f4xx_hal_dma.c.obj
LOAD CMakeFiles/XHB.elf.dir/Drivers/STM32F4xx_HAL_Driver/Src/stm32f4xx_hal_dma_ex.c.obj
LOAD CMakeFiles/XHB.elf.dir/Drivers/STM32F4xx_HAL_Driver/Src/stm32f4xx_hal_exti.c.obj
LOAD CMakeFiles/XHB.elf.dir/Drivers/STM32F4xx_HAL_Driver/Src/stm32f4xx_hal_flash.c.obj
LOAD CMakeFiles/XHB.elf.dir/Drivers/STM32F4xx_HAL_Driver/Src/stm32f4xx_hal_flash_ex.c.obj
LOAD CMakeFiles/XHB.elf.dir/Drivers/STM32F4xx_HAL_Driver/Src/stm32f4xx_hal_flash_ramfunc.c.obj
LOAD CMakeFiles/XHB.elf.dir/Drivers/STM32F4xx_HAL_Driver/Src/stm32f4xx_hal_gpio.c.obj
LOAD CMakeFiles/XHB.elf.dir/Drivers/STM32F4xx_HAL_Driver/Src/stm32f4xx_hal_i2c.c.obj
LOAD CMakeFiles/XHB.elf.dir/Drivers/STM32F4xx_HAL_Driver/Src/stm32f4xx_hal_i2c_ex.c.obj
LOAD CMakeFiles/XHB.elf.dir/Drivers/STM32F4xx_HAL_Driver/Src/stm32f4xx_hal_pwr.c.obj
LOAD CMakeFiles/XHB.elf.dir/Drivers/STM32F4xx_HAL_Driver/Src/stm32f4xx_hal_pwr_ex.c.obj
LOAD CMakeFiles/XHB.elf.dir/Drivers/STM32F4xx_HAL_Driver/Src/stm32f4xx_hal_rcc.c.obj
LOAD CMakeFiles/XHB.elf.dir/Drivers/STM32F4xx_HAL_Driver/Src/stm32f4xx_hal_rcc_ex.c.obj
LOAD CMakeFiles/XHB.elf.dir/Drivers/STM32F4xx_HAL_Driver/Src/stm32f4xx_hal_tim.c.obj
LOAD CMakeFiles/XHB.elf.dir/Drivers/STM32F4xx_HAL_Driver/Src/stm32f4xx_hal_tim_ex.c.obj
LOAD CMakeFiles/XHB.elf.dir/Drivers/STM32F4xx_HAL_Driver/Src/stm32f4xx_hal_uart.c.obj
START GROUP
LOAD c:/stm32toolchain/gcc-arm-none-eabi-10.3-2021.10/bin/../lib/gcc/arm-none-eabi/10.3.1/thumb/v7e-m/nofp\libgcc.a
LOAD c:/stm32toolchain/gcc-arm-none-eabi-10.3-2021.10/bin/../lib/gcc/arm-none-eabi/10.3.1/../../../../arm-none-eabi/lib/thumb/v7e-m/nofp\libc.a
END GROUP
LOAD c:/stm32toolchain/gcc-arm-none-eabi-10.3-2021.10/bin/../lib/gcc/arm-none-eabi/10.3.1/thumb/v7e-m/nofp/crtend.o
LOAD c:/stm32toolchain/gcc-arm-none-eabi-10.3-2021.10/bin/../lib/gcc/arm-none-eabi/10.3.1/thumb/v7e-m/nofp/crtn.o
                0x20020000                _estack = (ORIGIN (RAM) + LENGTH (RAM))
                0x00000200                _Min_Heap_Size = 0x200
                0x00000400                _Min_Stack_Size = 0x400

.isr_vector     0x08000000      0x198
                0x08000000                . = ALIGN (0x4)
 *(.isr_vector)
 .isr_vector    0x08000000      0x198 CMakeFiles/XHB.elf.dir/Core/Startup/startup_stm32f411ceux.s.obj
                0x08000000                g_pfnVectors
                0x08000198                . = ALIGN (0x4)

.text           0x080001c0     0xb608
                0x080001c0                . = ALIGN (0x4)
 *(.text)
 .text          0x080001c0       0x40 c:/stm32toolchain/gcc-arm-none-eabi-10.3-2021.10/bin/../lib/gcc/arm-none-eabi/10.3.1/thumb/v7e-m/nofp/crtbegin.o
 .text          0x08000200      0x168 c:/stm32toolchain/gcc-arm-none-eabi-10.3-2021.10/bin/../lib/gcc/arm-none-eabi/10.3.1/thumb/v7e-m/nofp\libgcc.a(_arm_mulsf3.o)
                0x08000200                __aeabi_fmul
                0x08000200                __mulsf3
 .text          0x08000368      0x378 c:/stm32toolchain/gcc-arm-none-eabi-10.3-2021.10/bin/../lib/gcc/arm-none-eabi/10.3.1/thumb/v7e-m/nofp\libgcc.a(_arm_addsubdf3.o)
                0x08000368                __aeabi_drsub
                0x08000370                __aeabi_dsub
                0x08000370                __subdf3
                0x08000374                __aeabi_dadd
                0x08000374                __adddf3
                0x080005ec                __floatunsidf
                0x080005ec                __aeabi_ui2d
                0x0800060c                __floatsidf
                0x0800060c                __aeabi_i2d
                0x08000630                __aeabi_f2d
                0x08000630                __extendsfdf2
                0x08000674                __floatundidf
                0x08000674                __aeabi_ul2d
                0x08000684                __floatdidf
                0x08000684                __aeabi_l2d
 .text          0x080006e0      0x21c c:/stm32toolchain/gcc-arm-none-eabi-10.3-2021.10/bin/../lib/gcc/arm-none-eabi/10.3.1/thumb/v7e-m/nofp\libgcc.a(_arm_addsubsf3.o)
                0x080006e0                __aeabi_frsub
                0x080006e8                __subsf3
                0x080006e8                __aeabi_fsub
                0x080006ec                __aeabi_fadd
                0x080006ec                __addsf3
                0x0800084c                __aeabi_ui2f
                0x0800084c                __floatunsisf
                0x08000854                __aeabi_i2f
                0x08000854                __floatsisf
                0x08000870                __aeabi_ul2f
                0x08000870                __floatundisf
                0x08000880                __aeabi_l2f
                0x08000880                __floatdisf
 .text          0x080008fc       0xec c:/stm32toolchain/gcc-arm-none-eabi-10.3-2021.10/bin/../lib/gcc/arm-none-eabi/10.3.1/thumb/v7e-m/nofp\libgcc.a(_arm_cmpsf2.o)
                0x080008fc                __gesf2
                0x080008fc                __gtsf2
                0x08000904                __lesf2
                0x08000904                __ltsf2
                0x0800090c                __nesf2
                0x0800090c                __eqsf2
                0x0800090c                __cmpsf2
                0x0800096c                __aeabi_cfrcmple
                0x08000974                __aeabi_cfcmpeq
                0x08000974                __aeabi_cfcmple
                0x08000984                __aeabi_fcmpeq
                0x08000998                __aeabi_fcmplt
                0x080009ac                __aeabi_fcmple
                0x080009c0                __aeabi_fcmpge
                0x080009d4                __aeabi_fcmpgt
 .text          0x080009e8       0x30 c:/stm32toolchain/gcc-arm-none-eabi-10.3-2021.10/bin/../lib/gcc/arm-none-eabi/10.3.1/thumb/v7e-m/nofp\libgcc.a(_aeabi_uldivmod.o)
                0x080009e8                __aeabi_uldivmod
 .text          0x08000a18      0x2d0 c:/stm32toolchain/gcc-arm-none-eabi-10.3-2021.10/bin/../lib/gcc/arm-none-eabi/10.3.1/thumb/v7e-m/nofp\libgcc.a(_udivmoddi4.o)
                0x08000a18                __udivmoddi4
 .text          0x08000ce8        0x4 c:/stm32toolchain/gcc-arm-none-eabi-10.3-2021.10/bin/../lib/gcc/arm-none-eabi/10.3.1/thumb/v7e-m/nofp\libgcc.a(_dvmd_tls.o)
                0x08000ce8                __aeabi_idiv0
                0x08000ce8                __aeabi_ldiv0
 *fill*         0x08000cec        0x4 
 .text          0x08000cf0       0xa0 c:/stm32toolchain/gcc-arm-none-eabi-10.3-2021.10/bin/../lib/gcc/arm-none-eabi/10.3.1/../../../../arm-none-eabi/lib/thumb/v7e-m/nofp\libc.a(lib_a-memchr.o)
                0x08000cf0                memchr
 .text          0x08000d90      0x134 c:/stm32toolchain/gcc-arm-none-eabi-10.3-2021.10/bin/../lib/gcc/arm-none-eabi/10.3.1/../../../../arm-none-eabi/lib/thumb/v7e-m/nofp\libc.a(lib_a-memcpy.o)
                0x08000d90                memcpy
 *fill*         0x08000ec4       0x3c 
 .text          0x08000f00       0xdc c:/stm32toolchain/gcc-arm-none-eabi-10.3-2021.10/bin/../lib/gcc/arm-none-eabi/10.3.1/../../../../arm-none-eabi/lib/thumb/v7e-m/nofp\libc.a(lib_a-strlen.o)
                0x08000f00                strlen
 .text          0x08000fdc      0x424 c:/stm32toolchain/gcc-arm-none-eabi-10.3-2021.10/bin/../lib/gcc/arm-none-eabi/10.3.1/thumb/v7e-m/nofp\libgcc.a(_arm_muldivdf3.o)
                0x08000fdc                __aeabi_dmul
                0x08000fdc                __muldf3
                0x08001230                __divdf3
                0x08001230                __aeabi_ddiv
 .text          0x08001400      0x110 c:/stm32toolchain/gcc-arm-none-eabi-10.3-2021.10/bin/../lib/gcc/arm-none-eabi/10.3.1/thumb/v7e-m/nofp\libgcc.a(_arm_cmpdf2.o)
                0x08001400                __gtdf2
                0x08001400                __gedf2
                0x08001408                __ltdf2
                0x08001408                __ledf2
                0x08001410                __nedf2
                0x08001410                __eqdf2
                0x08001410                __cmpdf2
                0x0800148c                __aeabi_cdrcmple
                0x0800149c                __aeabi_cdcmpeq
                0x0800149c                __aeabi_cdcmple
                0x080014ac                __aeabi_dcmpeq
                0x080014c0                __aeabi_dcmplt
                0x080014d4                __aeabi_dcmple
                0x080014e8                __aeabi_dcmpge
                0x080014fc                __aeabi_dcmpgt
 .text          0x08001510       0x2c c:/stm32toolchain/gcc-arm-none-eabi-10.3-2021.10/bin/../lib/gcc/arm-none-eabi/10.3.1/thumb/v7e-m/nofp\libgcc.a(_arm_unorddf2.o)
                0x08001510                __unorddf2
                0x08001510                __aeabi_dcmpun
 .text          0x0800153c       0x50 c:/stm32toolchain/gcc-arm-none-eabi-10.3-2021.10/bin/../lib/gcc/arm-none-eabi/10.3.1/thumb/v7e-m/nofp\libgcc.a(_arm_fixdfsi.o)
                0x0800153c                __aeabi_d2iz
                0x0800153c                __fixdfsi
 *(.text*)
 .text.GreySensor_Init
                0x0800158c        0xc CMakeFiles/XHB.elf.dir/Core/Src/GreySensor.c.obj
                0x0800158c                GreySensor_Init
 .text.GreySensor_Update
                0x08001598       0xa4 CMakeFiles/XHB.elf.dir/Core/Src/GreySensor.c.obj
                0x08001598                GreySensor_Update
 .text.GreySensor_GetADC
                0x0800163c       0x68 CMakeFiles/XHB.elf.dir/Core/Src/GreySensor.c.obj
                0x0800163c                GreySensor_GetADC
 .text.UltraSound_Init
                0x080016a4       0x14 CMakeFiles/XHB.elf.dir/Core/Src/UltraSound.c.obj
                0x080016a4                UltraSound_Init
 .text.UltraSound_GetVAL
                0x080016b8       0x88 CMakeFiles/XHB.elf.dir/Core/Src/UltraSound.c.obj
                0x080016b8                UltraSound_GetVAL
 .text.MX_GPIO_Init
                0x08001740       0xd0 CMakeFiles/XHB.elf.dir/Core/Src/gpio.c.obj
                0x08001740                MX_GPIO_Init
 .text.MX_I2C1_Init
                0x08001810       0x3c CMakeFiles/XHB.elf.dir/Core/Src/i2c.c.obj
                0x08001810                MX_I2C1_Init
 .text.HAL_I2C_MspInit
                0x0800184c       0x70 CMakeFiles/XHB.elf.dir/Core/Src/i2c.c.obj
                0x0800184c                HAL_I2C_MspInit
 .text.HAL_I2C_MspDeInit
                0x080018bc       0x38 CMakeFiles/XHB.elf.dir/Core/Src/i2c.c.obj
                0x080018bc                HAL_I2C_MspDeInit
 .text.SystemClock_Config
                0x080018f4       0xa4 CMakeFiles/XHB.elf.dir/Core/Src/main.c.obj
                0x080018f4                SystemClock_Config
 .text.startup.main
                0x08001998       0xc4 CMakeFiles/XHB.elf.dir/Core/Src/main.c.obj
                0x08001998                main
 .text.HAL_UART_RxCpltCallback
                0x08001a5c       0x18 CMakeFiles/XHB.elf.dir/Core/Src/main.c.obj
                0x08001a5c                HAL_UART_RxCpltCallback
 .text.HAL_TIM_IC_CaptureCallback
                0x08001a74       0x48 CMakeFiles/XHB.elf.dir/Core/Src/main.c.obj
                0x08001a74                HAL_TIM_IC_CaptureCallback
 .text.HAL_TIM_PeriodElapsedCallback
                0x08001abc       0x34 CMakeFiles/XHB.elf.dir/Core/Src/main.c.obj
                0x08001abc                HAL_TIM_PeriodElapsedCallback
 .text.Error_Handler
                0x08001af0        0x4 CMakeFiles/XHB.elf.dir/Core/Src/main.c.obj
                0x08001af0                Error_Handler
 .text.IN1_2_SPD
                0x08001af4       0x14 CMakeFiles/XHB.elf.dir/Core/Src/motor.c.obj
                0x08001af4                IN1_2_SPD
 .text.IN3_4_SPD
                0x08001b08       0x14 CMakeFiles/XHB.elf.dir/Core/Src/motor.c.obj
                0x08001b08                IN3_4_SPD
 .text.INa_b_SPD
                0x08001b1c       0x14 CMakeFiles/XHB.elf.dir/Core/Src/motor.c.obj
                0x08001b1c                INa_b_SPD
 .text.INc_d_SPD
                0x08001b30       0x14 CMakeFiles/XHB.elf.dir/Core/Src/motor.c.obj
                0x08001b30                INc_d_SPD
 .text.UltraSound_Evadible
                0x08001b44      0x17c CMakeFiles/XHB.elf.dir/Core/Src/motor.c.obj
                0x08001b44                UltraSound_Evadible
 .text.IN_AI_Control
                0x08001cc0      0x1d4 CMakeFiles/XHB.elf.dir/Core/Src/motor.c.obj
                0x08001cc0                IN_AI_Control
 .text.OLED_WR_Byte.constprop.0
                0x08001e94       0x80 CMakeFiles/XHB.elf.dir/Core/Src/oled.c.obj
 .text.OLED_ColorTurn
                0x08001f14       0x8c CMakeFiles/XHB.elf.dir/Core/Src/oled.c.obj
                0x08001f14                OLED_ColorTurn
 .text.OLED_SetBrightness
                0x08001fa0       0x84 CMakeFiles/XHB.elf.dir/Core/Src/oled.c.obj
                0x08001fa0                OLED_SetBrightness
 .text.OLED_DisplayTurn
                0x08002024       0xa0 CMakeFiles/XHB.elf.dir/Core/Src/oled.c.obj
                0x08002024                OLED_DisplayTurn
 .text.OLED_Refresh
                0x080020c4      0x1f4 CMakeFiles/XHB.elf.dir/Core/Src/oled.c.obj
                0x080020c4                OLED_Refresh
 .text.OLED_Init
                0x080022b8      0x160 CMakeFiles/XHB.elf.dir/Core/Src/oled.c.obj
                0x080022b8                OLED_Init
 .text.RetargetInit
                0x08002418       0x24 CMakeFiles/XHB.elf.dir/Core/Src/retarget.c.obj
                0x08002418                RetargetInit
 .text._isatty  0x0800243c       0x18 CMakeFiles/XHB.elf.dir/Core/Src/retarget.c.obj
                0x0800243c                _isatty
 .text._write   0x08002454       0x34 CMakeFiles/XHB.elf.dir/Core/Src/retarget.c.obj
                0x08002454                _write
 .text._close   0x08002488       0x18 CMakeFiles/XHB.elf.dir/Core/Src/retarget.c.obj
                0x08002488                _close
 .text._lseek   0x080024a0       0x10 CMakeFiles/XHB.elf.dir/Core/Src/retarget.c.obj
                0x080024a0                _lseek
 .text._read    0x080024b0       0x30 CMakeFiles/XHB.elf.dir/Core/Src/retarget.c.obj
                0x080024b0                _read
 .text._fstat   0x080024e0       0x1c CMakeFiles/XHB.elf.dir/Core/Src/retarget.c.obj
                0x080024e0                _fstat
 .text.HAL_MspInit
                0x080024fc       0x38 CMakeFiles/XHB.elf.dir/Core/Src/stm32f4xx_hal_msp.c.obj
                0x080024fc                HAL_MspInit
 .text.NMI_Handler
                0x08002534        0x4 CMakeFiles/XHB.elf.dir/Core/Src/stm32f4xx_it.c.obj
                0x08002534                NMI_Handler
 .text.HardFault_Handler
                0x08002538        0x4 CMakeFiles/XHB.elf.dir/Core/Src/stm32f4xx_it.c.obj
                0x08002538                HardFault_Handler
 .text.MemManage_Handler
                0x0800253c        0x4 CMakeFiles/XHB.elf.dir/Core/Src/stm32f4xx_it.c.obj
                0x0800253c                MemManage_Handler
 .text.BusFault_Handler
                0x08002540        0x4 CMakeFiles/XHB.elf.dir/Core/Src/stm32f4xx_it.c.obj
                0x08002540                BusFault_Handler
 .text.UsageFault_Handler
                0x08002544        0x4 CMakeFiles/XHB.elf.dir/Core/Src/stm32f4xx_it.c.obj
                0x08002544                UsageFault_Handler
 .text.SVC_Handler
                0x08002548        0x4 CMakeFiles/XHB.elf.dir/Core/Src/stm32f4xx_it.c.obj
                0x08002548                SVC_Handler
 .text.DebugMon_Handler
                0x0800254c        0x4 CMakeFiles/XHB.elf.dir/Core/Src/stm32f4xx_it.c.obj
                0x0800254c                DebugMon_Handler
 .text.PendSV_Handler
                0x08002550        0x4 CMakeFiles/XHB.elf.dir/Core/Src/stm32f4xx_it.c.obj
                0x08002550                PendSV_Handler
 .text.SysTick_Handler
                0x08002554        0x4 CMakeFiles/XHB.elf.dir/Core/Src/stm32f4xx_it.c.obj
                0x08002554                SysTick_Handler
 .text.TIM1_BRK_TIM9_IRQHandler
                0x08002558        0xc CMakeFiles/XHB.elf.dir/Core/Src/stm32f4xx_it.c.obj
                0x08002558                TIM1_BRK_TIM9_IRQHandler
 .text.TIM1_UP_TIM10_IRQHandler
                0x08002564        0xc CMakeFiles/XHB.elf.dir/Core/Src/stm32f4xx_it.c.obj
                0x08002564                TIM1_UP_TIM10_IRQHandler
 .text.TIM1_TRG_COM_TIM11_IRQHandler
                0x08002570        0xc CMakeFiles/XHB.elf.dir/Core/Src/stm32f4xx_it.c.obj
                0x08002570                TIM1_TRG_COM_TIM11_IRQHandler
 .text.TIM1_CC_IRQHandler
                0x0800257c        0xc CMakeFiles/XHB.elf.dir/Core/Src/stm32f4xx_it.c.obj
                0x0800257c                TIM1_CC_IRQHandler
 .text.TIM2_IRQHandler
                0x08002588        0xc CMakeFiles/XHB.elf.dir/Core/Src/stm32f4xx_it.c.obj
                0x08002588                TIM2_IRQHandler
 .text.TIM3_IRQHandler
                0x08002594        0xc CMakeFiles/XHB.elf.dir/Core/Src/stm32f4xx_it.c.obj
                0x08002594                TIM3_IRQHandler
 .text.TIM4_IRQHandler
                0x080025a0        0xc CMakeFiles/XHB.elf.dir/Core/Src/stm32f4xx_it.c.obj
                0x080025a0                TIM4_IRQHandler
 .text.USART2_IRQHandler
                0x080025ac        0xc CMakeFiles/XHB.elf.dir/Core/Src/stm32f4xx_it.c.obj
                0x080025ac                USART2_IRQHandler
 .text._getpid  0x080025b8        0x4 CMakeFiles/XHB.elf.dir/Core/Src/syscalls.c.obj
                0x080025b8                _getpid
 .text._kill    0x080025bc       0x10 CMakeFiles/XHB.elf.dir/Core/Src/syscalls.c.obj
                0x080025bc                _kill
 .text._exit    0x080025cc        0xc CMakeFiles/XHB.elf.dir/Core/Src/syscalls.c.obj
                0x080025cc                _exit
 .text._sbrk    0x080025d8       0x44 CMakeFiles/XHB.elf.dir/Core/Src/sysmem.c.obj
                0x080025d8                _sbrk
 .text.SystemInit
                0x0800261c        0x4 CMakeFiles/XHB.elf.dir/Core/Src/system_stm32f4xx.c.obj
                0x0800261c                SystemInit
 .text.MX_TIM1_Init
                0x08002620       0xf4 CMakeFiles/XHB.elf.dir/Core/Src/tim.c.obj
                0x08002620                MX_TIM1_Init
 .text.MX_TIM4_Init
                0x08002714       0x78 CMakeFiles/XHB.elf.dir/Core/Src/tim.c.obj
                0x08002714                MX_TIM4_Init
 .text.HAL_TIM_Base_MspInit
                0x0800278c      0x144 CMakeFiles/XHB.elf.dir/Core/Src/tim.c.obj
                0x0800278c                HAL_TIM_Base_MspInit
 .text.HAL_TIM_MspPostInit
                0x080028d0       0xc0 CMakeFiles/XHB.elf.dir/Core/Src/tim.c.obj
                0x080028d0                HAL_TIM_MspPostInit
 .text.MX_TIM2_Init
                0x08002990       0xe0 CMakeFiles/XHB.elf.dir/Core/Src/tim.c.obj
                0x08002990                MX_TIM2_Init
 .text.MX_TIM3_Init
                0x08002a70      0x10c CMakeFiles/XHB.elf.dir/Core/Src/tim.c.obj
                0x08002a70                MX_TIM3_Init
 .text.MX_USART2_UART_Init
                0x08002b7c       0x38 CMakeFiles/XHB.elf.dir/Core/Src/usart.c.obj
                0x08002b7c                MX_USART2_UART_Init
 .text.HAL_UART_MspInit
                0x08002bb4       0x7c CMakeFiles/XHB.elf.dir/Core/Src/usart.c.obj
                0x08002bb4                HAL_UART_MspInit
 .text.Reset_Handler
                0x08002c30       0x50 CMakeFiles/XHB.elf.dir/Core/Startup/startup_stm32f411ceux.s.obj
                0x08002c30                Reset_Handler
 .text.Default_Handler
                0x08002c80        0x2 CMakeFiles/XHB.elf.dir/Core/Startup/startup_stm32f411ceux.s.obj
                0x08002c80                RTC_Alarm_IRQHandler
                0x08002c80                EXTI2_IRQHandler
                0x08002c80                SPI4_IRQHandler
                0x08002c80                DMA2_Stream5_IRQHandler
                0x08002c80                DMA1_Stream5_IRQHandler
                0x08002c80                PVD_IRQHandler
                0x08002c80                SDIO_IRQHandler
                0x08002c80                TAMP_STAMP_IRQHandler
                0x08002c80                EXTI3_IRQHandler
                0x08002c80                I2C3_ER_IRQHandler
                0x08002c80                EXTI0_IRQHandler
                0x08002c80                I2C2_EV_IRQHandler
                0x08002c80                DMA1_Stream2_IRQHandler
                0x08002c80                FPU_IRQHandler
                0x08002c80                DMA2_Stream2_IRQHandler
                0x08002c80                SPI1_IRQHandler
                0x08002c80                DMA2_Stream3_IRQHandler
                0x08002c80                USART6_IRQHandler
                0x08002c80                DMA2_Stream0_IRQHandler
                0x08002c80                I2C1_EV_IRQHandler
                0x08002c80                DMA1_Stream6_IRQHandler
                0x08002c80                DMA1_Stream1_IRQHandler
                0x08002c80                RCC_IRQHandler
                0x08002c80                Default_Handler
                0x08002c80                EXTI15_10_IRQHandler
                0x08002c80                ADC_IRQHandler
                0x08002c80                DMA1_Stream7_IRQHandler
                0x08002c80                SPI5_IRQHandler
                0x08002c80                TIM5_IRQHandler
                0x08002c80                DMA2_Stream7_IRQHandler
                0x08002c80                I2C3_EV_IRQHandler
                0x08002c80                EXTI9_5_IRQHandler
                0x08002c80                RTC_WKUP_IRQHandler
                0x08002c80                SPI2_IRQHandler
                0x08002c80                DMA1_Stream0_IRQHandler
                0x08002c80                EXTI4_IRQHandler
                0x08002c80                WWDG_IRQHandler
                0x08002c80                OTG_FS_WKUP_IRQHandler
                0x08002c80                EXTI1_IRQHandler
                0x08002c80                I2C2_ER_IRQHandler
                0x08002c80                DMA2_Stream1_IRQHandler
                0x08002c80                FLASH_IRQHandler
                0x08002c80                DMA2_Stream4_IRQHandler
                0x08002c80                USART1_IRQHandler
                0x08002c80                OTG_FS_IRQHandler
                0x08002c80                SPI3_IRQHandler
                0x08002c80                DMA1_Stream4_IRQHandler
                0x08002c80                I2C1_ER_IRQHandler
                0x08002c80                DMA2_Stream6_IRQHandler
                0x08002c80                DMA1_Stream3_IRQHandler
 *fill*         0x08002c82        0x2 
 .text.HAL_InitTick
                0x08002c84       0x48 CMakeFiles/XHB.elf.dir/Drivers/STM32F4xx_HAL_Driver/Src/stm32f4xx_hal.c.obj
                0x08002c84                HAL_InitTick
 .text.HAL_Init
                0x08002ccc       0x34 CMakeFiles/XHB.elf.dir/Drivers/STM32F4xx_HAL_Driver/Src/stm32f4xx_hal.c.obj
                0x08002ccc                HAL_Init
 .text.HAL_IncTick
                0x08002d00       0x18 CMakeFiles/XHB.elf.dir/Drivers/STM32F4xx_HAL_Driver/Src/stm32f4xx_hal.c.obj
                0x08002d00                HAL_IncTick
 .text.HAL_GetTick
                0x08002d18        0xc CMakeFiles/XHB.elf.dir/Drivers/STM32F4xx_HAL_Driver/Src/stm32f4xx_hal.c.obj
                0x08002d18                HAL_GetTick
 .text.HAL_Delay
                0x08002d24       0x24 CMakeFiles/XHB.elf.dir/Drivers/STM32F4xx_HAL_Driver/Src/stm32f4xx_hal.c.obj
                0x08002d24                HAL_Delay
 .text.HAL_NVIC_SetPriorityGrouping
                0x08002d48       0x24 CMakeFiles/XHB.elf.dir/Drivers/STM32F4xx_HAL_Driver/Src/stm32f4xx_hal_cortex.c.obj
                0x08002d48                HAL_NVIC_SetPriorityGrouping
 .text.HAL_NVIC_SetPriority
                0x08002d6c       0x7c CMakeFiles/XHB.elf.dir/Drivers/STM32F4xx_HAL_Driver/Src/stm32f4xx_hal_cortex.c.obj
                0x08002d6c                HAL_NVIC_SetPriority
 .text.HAL_NVIC_EnableIRQ
                0x08002de8       0x1c CMakeFiles/XHB.elf.dir/Drivers/STM32F4xx_HAL_Driver/Src/stm32f4xx_hal_cortex.c.obj
                0x08002de8                HAL_NVIC_EnableIRQ
 .text.HAL_SYSTICK_Config
                0x08002e04       0x30 CMakeFiles/XHB.elf.dir/Drivers/STM32F4xx_HAL_Driver/Src/stm32f4xx_hal_cortex.c.obj
                0x08002e04                HAL_SYSTICK_Config
 .text.HAL_DMA_Abort
                0x08002e34       0x90 CMakeFiles/XHB.elf.dir/Drivers/STM32F4xx_HAL_Driver/Src/stm32f4xx_hal_dma.c.obj
                0x08002e34                HAL_DMA_Abort
 .text.HAL_DMA_Abort_IT
                0x08002ec4       0x24 CMakeFiles/XHB.elf.dir/Drivers/STM32F4xx_HAL_Driver/Src/stm32f4xx_hal_dma.c.obj
                0x08002ec4                HAL_DMA_Abort_IT
 .text.HAL_GPIO_Init
                0x08002ee8      0x1e0 CMakeFiles/XHB.elf.dir/Drivers/STM32F4xx_HAL_Driver/Src/stm32f4xx_hal_gpio.c.obj
                0x08002ee8                HAL_GPIO_Init
 .text.HAL_GPIO_DeInit
                0x080030c8      0x124 CMakeFiles/XHB.elf.dir/Drivers/STM32F4xx_HAL_Driver/Src/stm32f4xx_hal_gpio.c.obj
                0x080030c8                HAL_GPIO_DeInit
 .text.HAL_GPIO_ReadPin
                0x080031ec        0xc CMakeFiles/XHB.elf.dir/Drivers/STM32F4xx_HAL_Driver/Src/stm32f4xx_hal_gpio.c.obj
                0x080031ec                HAL_GPIO_ReadPin
 .text.HAL_GPIO_WritePin
                0x080031f8        0x8 CMakeFiles/XHB.elf.dir/Drivers/STM32F4xx_HAL_Driver/Src/stm32f4xx_hal_gpio.c.obj
                0x080031f8                HAL_GPIO_WritePin
 .text.I2C_RequestMemoryWrite
                0x08003200      0x1ec CMakeFiles/XHB.elf.dir/Drivers/STM32F4xx_HAL_Driver/Src/stm32f4xx_hal_i2c.c.obj
 .text.HAL_I2C_Init
                0x080033ec      0x190 CMakeFiles/XHB.elf.dir/Drivers/STM32F4xx_HAL_Driver/Src/stm32f4xx_hal_i2c.c.obj
                0x080033ec                HAL_I2C_Init
 .text.HAL_I2C_DeInit
                0x0800357c       0x34 CMakeFiles/XHB.elf.dir/Drivers/STM32F4xx_HAL_Driver/Src/stm32f4xx_hal_i2c.c.obj
                0x0800357c                HAL_I2C_DeInit
 .text.HAL_I2C_Master_Transmit
                0x080035b0      0x324 CMakeFiles/XHB.elf.dir/Drivers/STM32F4xx_HAL_Driver/Src/stm32f4xx_hal_i2c.c.obj
                0x080035b0                HAL_I2C_Master_Transmit
 .text.HAL_I2C_Mem_Write
                0x080038d4      0x1e8 CMakeFiles/XHB.elf.dir/Drivers/STM32F4xx_HAL_Driver/Src/stm32f4xx_hal_i2c.c.obj
                0x080038d4                HAL_I2C_Mem_Write
 .text.HAL_RCC_OscConfig
                0x08003abc      0x3c8 CMakeFiles/XHB.elf.dir/Drivers/STM32F4xx_HAL_Driver/Src/stm32f4xx_hal_rcc.c.obj
                0x08003abc                HAL_RCC_OscConfig
 .text.HAL_RCC_GetSysClockFreq
                0x08003e84       0x68 CMakeFiles/XHB.elf.dir/Drivers/STM32F4xx_HAL_Driver/Src/stm32f4xx_hal_rcc.c.obj
                0x08003e84                HAL_RCC_GetSysClockFreq
 .text.HAL_RCC_ClockConfig
                0x08003eec      0x13c CMakeFiles/XHB.elf.dir/Drivers/STM32F4xx_HAL_Driver/Src/stm32f4xx_hal_rcc.c.obj
                0x08003eec                HAL_RCC_ClockConfig
 .text.HAL_RCC_GetPCLK1Freq
                0x08004028       0x20 CMakeFiles/XHB.elf.dir/Drivers/STM32F4xx_HAL_Driver/Src/stm32f4xx_hal_rcc.c.obj
                0x08004028                HAL_RCC_GetPCLK1Freq
 .text.HAL_RCC_GetPCLK2Freq
                0x08004048       0x20 CMakeFiles/XHB.elf.dir/Drivers/STM32F4xx_HAL_Driver/Src/stm32f4xx_hal_rcc.c.obj
                0x08004048                HAL_RCC_GetPCLK2Freq
 .text.HAL_TIM_Base_Init
                0x08004068       0xfc CMakeFiles/XHB.elf.dir/Drivers/STM32F4xx_HAL_Driver/Src/stm32f4xx_hal_tim.c.obj
                0x08004068                HAL_TIM_Base_Init
 .text.HAL_TIM_Base_Start_IT
                0x08004164       0x68 CMakeFiles/XHB.elf.dir/Drivers/STM32F4xx_HAL_Driver/Src/stm32f4xx_hal_tim.c.obj
                0x08004164                HAL_TIM_Base_Start_IT
 .text.HAL_TIM_Base_Stop_IT
                0x080041cc       0x30 CMakeFiles/XHB.elf.dir/Drivers/STM32F4xx_HAL_Driver/Src/stm32f4xx_hal_tim.c.obj
                0x080041cc                HAL_TIM_Base_Stop_IT
 .text.HAL_TIM_PWM_MspInit
                0x080041fc        0x4 CMakeFiles/XHB.elf.dir/Drivers/STM32F4xx_HAL_Driver/Src/stm32f4xx_hal_tim.c.obj
                0x080041fc                HAL_TIM_PWM_MspInit
 .text.HAL_TIM_PWM_Init
                0x08004200       0xfc CMakeFiles/XHB.elf.dir/Drivers/STM32F4xx_HAL_Driver/Src/stm32f4xx_hal_tim.c.obj
                0x08004200                HAL_TIM_PWM_Init
 .text.HAL_TIM_PWM_Start
                0x080042fc       0xc4 CMakeFiles/XHB.elf.dir/Drivers/STM32F4xx_HAL_Driver/Src/stm32f4xx_hal_tim.c.obj
                0x080042fc                HAL_TIM_PWM_Start
 .text.HAL_TIM_IC_MspInit
                0x080043c0        0x4 CMakeFiles/XHB.elf.dir/Drivers/STM32F4xx_HAL_Driver/Src/stm32f4xx_hal_tim.c.obj
                0x080043c0                HAL_TIM_IC_MspInit
 .text.HAL_TIM_IC_Init
                0x080043c4       0xfc CMakeFiles/XHB.elf.dir/Drivers/STM32F4xx_HAL_Driver/Src/stm32f4xx_hal_tim.c.obj
                0x080043c4                HAL_TIM_IC_Init
 .text.HAL_TIM_IC_Start
                0x080044c0       0xe4 CMakeFiles/XHB.elf.dir/Drivers/STM32F4xx_HAL_Driver/Src/stm32f4xx_hal_tim.c.obj
                0x080044c0                HAL_TIM_IC_Start
 .text.HAL_TIM_IC_Stop
                0x080045a4       0x78 CMakeFiles/XHB.elf.dir/Drivers/STM32F4xx_HAL_Driver/Src/stm32f4xx_hal_tim.c.obj
                0x080045a4                HAL_TIM_IC_Stop
 .text.HAL_TIM_IC_Start_IT
                0x0800461c      0x148 CMakeFiles/XHB.elf.dir/Drivers/STM32F4xx_HAL_Driver/Src/stm32f4xx_hal_tim.c.obj
                0x0800461c                HAL_TIM_IC_Start_IT
 .text.HAL_TIM_IC_ConfigChannel
                0x08004764      0x1ac CMakeFiles/XHB.elf.dir/Drivers/STM32F4xx_HAL_Driver/Src/stm32f4xx_hal_tim.c.obj
                0x08004764                HAL_TIM_IC_ConfigChannel
 .text.HAL_TIM_PWM_ConfigChannel
                0x08004910      0x200 CMakeFiles/XHB.elf.dir/Drivers/STM32F4xx_HAL_Driver/Src/stm32f4xx_hal_tim.c.obj
                0x08004910                HAL_TIM_PWM_ConfigChannel
 .text.HAL_TIM_ConfigClockSource
                0x08004b10      0x160 CMakeFiles/XHB.elf.dir/Drivers/STM32F4xx_HAL_Driver/Src/stm32f4xx_hal_tim.c.obj
                0x08004b10                HAL_TIM_ConfigClockSource
 .text.HAL_TIM_OC_DelayElapsedCallback
                0x08004c70        0x4 CMakeFiles/XHB.elf.dir/Drivers/STM32F4xx_HAL_Driver/Src/stm32f4xx_hal_tim.c.obj
                0x08004c70                HAL_TIM_OC_DelayElapsedCallback
 .text.HAL_TIM_PWM_PulseFinishedCallback
                0x08004c74        0x4 CMakeFiles/XHB.elf.dir/Drivers/STM32F4xx_HAL_Driver/Src/stm32f4xx_hal_tim.c.obj
                0x08004c74                HAL_TIM_PWM_PulseFinishedCallback
 .text.HAL_TIM_TriggerCallback
                0x08004c78        0x4 CMakeFiles/XHB.elf.dir/Drivers/STM32F4xx_HAL_Driver/Src/stm32f4xx_hal_tim.c.obj
                0x08004c78                HAL_TIM_TriggerCallback
 .text.HAL_TIM_IRQHandler
                0x08004c7c      0x154 CMakeFiles/XHB.elf.dir/Drivers/STM32F4xx_HAL_Driver/Src/stm32f4xx_hal_tim.c.obj
                0x08004c7c                HAL_TIM_IRQHandler
 .text.HAL_TIMEx_MasterConfigSynchronization
                0x08004dd0       0x70 CMakeFiles/XHB.elf.dir/Drivers/STM32F4xx_HAL_Driver/Src/stm32f4xx_hal_tim_ex.c.obj
                0x08004dd0                HAL_TIMEx_MasterConfigSynchronization
 .text.HAL_TIMEx_ConfigBreakDeadTime
                0x08004e40       0x54 CMakeFiles/XHB.elf.dir/Drivers/STM32F4xx_HAL_Driver/Src/stm32f4xx_hal_tim_ex.c.obj
                0x08004e40                HAL_TIMEx_ConfigBreakDeadTime
 .text.HAL_TIMEx_CommutCallback
                0x08004e94        0x4 CMakeFiles/XHB.elf.dir/Drivers/STM32F4xx_HAL_Driver/Src/stm32f4xx_hal_tim_ex.c.obj
                0x08004e94                HAL_TIMEx_CommutCallback
 .text.HAL_TIMEx_BreakCallback
                0x08004e98        0x4 CMakeFiles/XHB.elf.dir/Drivers/STM32F4xx_HAL_Driver/Src/stm32f4xx_hal_tim_ex.c.obj
                0x08004e98                HAL_TIMEx_BreakCallback
 .text.HAL_UART_Init
                0x08004e9c      0x134 CMakeFiles/XHB.elf.dir/Drivers/STM32F4xx_HAL_Driver/Src/stm32f4xx_hal_uart.c.obj
                0x08004e9c                HAL_UART_Init
 .text.HAL_UART_Transmit
                0x08004fd0      0x15c CMakeFiles/XHB.elf.dir/Drivers/STM32F4xx_HAL_Driver/Src/stm32f4xx_hal_uart.c.obj
                0x08004fd0                HAL_UART_Transmit
 .text.HAL_UART_Receive
                0x0800512c      0x128 CMakeFiles/XHB.elf.dir/Drivers/STM32F4xx_HAL_Driver/Src/stm32f4xx_hal_uart.c.obj
                0x0800512c                HAL_UART_Receive
 .text.HAL_UART_Receive_IT
                0x08005254       0x58 CMakeFiles/XHB.elf.dir/Drivers/STM32F4xx_HAL_Driver/Src/stm32f4xx_hal_uart.c.obj
                0x08005254                HAL_UART_Receive_IT
 .text.HAL_UART_TxCpltCallback
                0x080052ac        0x4 CMakeFiles/XHB.elf.dir/Drivers/STM32F4xx_HAL_Driver/Src/stm32f4xx_hal_uart.c.obj
                0x080052ac                HAL_UART_TxCpltCallback
 .text.HAL_UART_ErrorCallback
                0x080052b0        0x4 CMakeFiles/XHB.elf.dir/Drivers/STM32F4xx_HAL_Driver/Src/stm32f4xx_hal_uart.c.obj
                0x080052b0                HAL_UART_ErrorCallback
 .text.UART_DMAAbortOnError
                0x080052b4       0x10 CMakeFiles/XHB.elf.dir/Drivers/STM32F4xx_HAL_Driver/Src/stm32f4xx_hal_uart.c.obj
 .text.HAL_UARTEx_RxEventCallback
                0x080052c4        0x4 CMakeFiles/XHB.elf.dir/Drivers/STM32F4xx_HAL_Driver/Src/stm32f4xx_hal_uart.c.obj
                0x080052c4                HAL_UARTEx_RxEventCallback
 .text.UART_Receive_IT.part.0.isra.0
                0x080052c8       0xcc CMakeFiles/XHB.elf.dir/Drivers/STM32F4xx_HAL_Driver/Src/stm32f4xx_hal_uart.c.obj
 .text.HAL_UART_IRQHandler
                0x08005394      0x314 CMakeFiles/XHB.elf.dir/Drivers/STM32F4xx_HAL_Driver/Src/stm32f4xx_hal_uart.c.obj
                0x08005394                HAL_UART_IRQHandler
 .text.__errno  0x080056a8        0xc c:/stm32toolchain/gcc-arm-none-eabi-10.3-2021.10/bin/../lib/gcc/arm-none-eabi/10.3.1/../../../../arm-none-eabi/lib/thumb/v7e-m/nofp\libc.a(lib_a-errno.o)
                0x080056a8                __errno
 .text.__libc_init_array
                0x080056b4       0x48 c:/stm32toolchain/gcc-arm-none-eabi-10.3-2021.10/bin/../lib/gcc/arm-none-eabi/10.3.1/../../../../arm-none-eabi/lib/thumb/v7e-m/nofp\libc.a(lib_a-init.o)
                0x080056b4                __libc_init_array
 .text.memset   0x080056fc       0xa4 c:/stm32toolchain/gcc-arm-none-eabi-10.3-2021.10/bin/../lib/gcc/arm-none-eabi/10.3.1/../../../../arm-none-eabi/lib/thumb/v7e-m/nofp\libc.a(lib_a-memset.o)
                0x080056fc                memset
 .text.printf   0x080057a0       0x28 c:/stm32toolchain/gcc-arm-none-eabi-10.3-2021.10/bin/../lib/gcc/arm-none-eabi/10.3.1/../../../../arm-none-eabi/lib/thumb/v7e-m/nofp\libc.a(lib_a-printf.o)
                0x080057a0                printf
 .text.setvbuf  0x080057c8      0x1b0 c:/stm32toolchain/gcc-arm-none-eabi-10.3-2021.10/bin/../lib/gcc/arm-none-eabi/10.3.1/../../../../arm-none-eabi/lib/thumb/v7e-m/nofp\libc.a(lib_a-setvbuf.o)
                0x080057c8                setvbuf
 .text._vfprintf_r
                0x08005978     0x1ad4 c:/stm32toolchain/gcc-arm-none-eabi-10.3-2021.10/bin/../lib/gcc/arm-none-eabi/10.3.1/../../../../arm-none-eabi/lib/thumb/v7e-m/nofp\libc.a(lib_a-vfprintf.o)
                0x08005978                _vfprintf_r
 .text.__sbprintf
                0x0800744c       0x80 c:/stm32toolchain/gcc-arm-none-eabi-10.3-2021.10/bin/../lib/gcc/arm-none-eabi/10.3.1/../../../../arm-none-eabi/lib/thumb/v7e-m/nofp\libc.a(lib_a-vfprintf.o)
 .text.__swsetup_r
                0x080074cc       0xd4 c:/stm32toolchain/gcc-arm-none-eabi-10.3-2021.10/bin/../lib/gcc/arm-none-eabi/10.3.1/../../../../arm-none-eabi/lib/thumb/v7e-m/nofp\libc.a(lib_a-wsetup.o)
                0x080074cc                __swsetup_r
 .text.startup.register_fini
                0x080075a0       0x14 c:/stm32toolchain/gcc-arm-none-eabi-10.3-2021.10/bin/../lib/gcc/arm-none-eabi/10.3.1/../../../../arm-none-eabi/lib/thumb/v7e-m/nofp\libc.a(lib_a-__call_atexit.o)
 .text.atexit   0x080075b4        0xc c:/stm32toolchain/gcc-arm-none-eabi-10.3-2021.10/bin/../lib/gcc/arm-none-eabi/10.3.1/../../../../arm-none-eabi/lib/thumb/v7e-m/nofp\libc.a(lib_a-atexit.o)
                0x080075b4                atexit
 .text.quorem   0x080075c0      0x124 c:/stm32toolchain/gcc-arm-none-eabi-10.3-2021.10/bin/../lib/gcc/arm-none-eabi/10.3.1/../../../../arm-none-eabi/lib/thumb/v7e-m/nofp\libc.a(lib_a-dtoa.o)
 *fill*         0x080076e4        0x4 
 .text._dtoa_r  0x080076e8      0xec4 c:/stm32toolchain/gcc-arm-none-eabi-10.3-2021.10/bin/../lib/gcc/arm-none-eabi/10.3.1/../../../../arm-none-eabi/lib/thumb/v7e-m/nofp\libc.a(lib_a-dtoa.o)
                0x080076e8                _dtoa_r
 .text.__sflush_r
                0x080085ac      0x120 c:/stm32toolchain/gcc-arm-none-eabi-10.3-2021.10/bin/../lib/gcc/arm-none-eabi/10.3.1/../../../../arm-none-eabi/lib/thumb/v7e-m/nofp\libc.a(lib_a-fflush.o)
                0x080085ac                __sflush_r
 .text._fflush_r
                0x080086cc       0x5c c:/stm32toolchain/gcc-arm-none-eabi-10.3-2021.10/bin/../lib/gcc/arm-none-eabi/10.3.1/../../../../arm-none-eabi/lib/thumb/v7e-m/nofp\libc.a(lib_a-fflush.o)
                0x080086cc                _fflush_r
 .text._cleanup_r
                0x08008728        0xc c:/stm32toolchain/gcc-arm-none-eabi-10.3-2021.10/bin/../lib/gcc/arm-none-eabi/10.3.1/../../../../arm-none-eabi/lib/thumb/v7e-m/nofp\libc.a(lib_a-findfp.o)
                0x08008728                _cleanup_r
 .text.__sinit  0x08008734      0x10c c:/stm32toolchain/gcc-arm-none-eabi-10.3-2021.10/bin/../lib/gcc/arm-none-eabi/10.3.1/../../../../arm-none-eabi/lib/thumb/v7e-m/nofp\libc.a(lib_a-findfp.o)
                0x08008734                __sinit
 .text.__sfp_lock_acquire
                0x08008840        0xc c:/stm32toolchain/gcc-arm-none-eabi-10.3-2021.10/bin/../lib/gcc/arm-none-eabi/10.3.1/../../../../arm-none-eabi/lib/thumb/v7e-m/nofp\libc.a(lib_a-findfp.o)
                0x08008840                __sfp_lock_acquire
 .text.__sfp_lock_release
                0x0800884c        0xc c:/stm32toolchain/gcc-arm-none-eabi-10.3-2021.10/bin/../lib/gcc/arm-none-eabi/10.3.1/../../../../arm-none-eabi/lib/thumb/v7e-m/nofp\libc.a(lib_a-findfp.o)
                0x0800884c                __sfp_lock_release
 .text.__libc_fini_array
                0x08008858       0x2c c:/stm32toolchain/gcc-arm-none-eabi-10.3-2021.10/bin/../lib/gcc/arm-none-eabi/10.3.1/../../../../arm-none-eabi/lib/thumb/v7e-m/nofp\libc.a(lib_a-fini.o)
                0x08008858                __libc_fini_array
 .text._malloc_trim_r
                0x08008884       0xa0 c:/stm32toolchain/gcc-arm-none-eabi-10.3-2021.10/bin/../lib/gcc/arm-none-eabi/10.3.1/../../../../arm-none-eabi/lib/thumb/v7e-m/nofp\libc.a(lib_a-freer.o)
                0x08008884                _malloc_trim_r
 .text._free_r  0x08008924      0x20c c:/stm32toolchain/gcc-arm-none-eabi-10.3-2021.10/bin/../lib/gcc/arm-none-eabi/10.3.1/../../../../arm-none-eabi/lib/thumb/v7e-m/nofp\libc.a(lib_a-freer.o)
                0x08008924                _free_r
 .text._fwalk_reent
                0x08008b30       0x48 c:/stm32toolchain/gcc-arm-none-eabi-10.3-2021.10/bin/../lib/gcc/arm-none-eabi/10.3.1/../../../../arm-none-eabi/lib/thumb/v7e-m/nofp\libc.a(lib_a-fwalk.o)
                0x08008b30                _fwalk_reent
 .text._localeconv_r
                0x08008b78        0x8 c:/stm32toolchain/gcc-arm-none-eabi-10.3-2021.10/bin/../lib/gcc/arm-none-eabi/10.3.1/../../../../arm-none-eabi/lib/thumb/v7e-m/nofp\libc.a(lib_a-localeconv.o)
                0x08008b78                _localeconv_r
 .text.__retarget_lock_init_recursive
                0x08008b80        0x4 c:/stm32toolchain/gcc-arm-none-eabi-10.3-2021.10/bin/../lib/gcc/arm-none-eabi/10.3.1/../../../../arm-none-eabi/lib/thumb/v7e-m/nofp\libc.a(lib_a-lock.o)
                0x08008b80                __retarget_lock_init_recursive
 .text.__retarget_lock_close_recursive
                0x08008b84        0x4 c:/stm32toolchain/gcc-arm-none-eabi-10.3-2021.10/bin/../lib/gcc/arm-none-eabi/10.3.1/../../../../arm-none-eabi/lib/thumb/v7e-m/nofp\libc.a(lib_a-lock.o)
                0x08008b84                __retarget_lock_close_recursive
 .text.__retarget_lock_acquire_recursive
                0x08008b88        0x4 c:/stm32toolchain/gcc-arm-none-eabi-10.3-2021.10/bin/../lib/gcc/arm-none-eabi/10.3.1/../../../../arm-none-eabi/lib/thumb/v7e-m/nofp\libc.a(lib_a-lock.o)
                0x08008b88                __retarget_lock_acquire_recursive
 .text.__retarget_lock_release_recursive
                0x08008b8c        0x4 c:/stm32toolchain/gcc-arm-none-eabi-10.3-2021.10/bin/../lib/gcc/arm-none-eabi/10.3.1/../../../../arm-none-eabi/lib/thumb/v7e-m/nofp\libc.a(lib_a-lock.o)
                0x08008b8c                __retarget_lock_release_recursive
 .text.__smakebuf_r
                0x08008b90       0xe0 c:/stm32toolchain/gcc-arm-none-eabi-10.3-2021.10/bin/../lib/gcc/arm-none-eabi/10.3.1/../../../../arm-none-eabi/lib/thumb/v7e-m/nofp\libc.a(lib_a-makebuf.o)
                0x08008b90                __smakebuf_r
 .text.__swhatbuf_r
                0x08008c70       0x60 c:/stm32toolchain/gcc-arm-none-eabi-10.3-2021.10/bin/../lib/gcc/arm-none-eabi/10.3.1/../../../../arm-none-eabi/lib/thumb/v7e-m/nofp\libc.a(lib_a-makebuf.o)
                0x08008c70                __swhatbuf_r
 .text.malloc   0x08008cd0       0x10 c:/stm32toolchain/gcc-arm-none-eabi-10.3-2021.10/bin/../lib/gcc/arm-none-eabi/10.3.1/../../../../arm-none-eabi/lib/thumb/v7e-m/nofp\libc.a(lib_a-malloc.o)
                0x08008cd0                malloc
 .text._malloc_r
                0x08008ce0      0x560 c:/stm32toolchain/gcc-arm-none-eabi-10.3-2021.10/bin/../lib/gcc/arm-none-eabi/10.3.1/../../../../arm-none-eabi/lib/thumb/v7e-m/nofp\libc.a(lib_a-mallocr.o)
                0x08008ce0                _malloc_r
 .text.__malloc_lock
                0x08009240        0xc c:/stm32toolchain/gcc-arm-none-eabi-10.3-2021.10/bin/../lib/gcc/arm-none-eabi/10.3.1/../../../../arm-none-eabi/lib/thumb/v7e-m/nofp\libc.a(lib_a-mlock.o)
                0x08009240                __malloc_lock
 .text.__malloc_unlock
                0x0800924c        0xc c:/stm32toolchain/gcc-arm-none-eabi-10.3-2021.10/bin/../lib/gcc/arm-none-eabi/10.3.1/../../../../arm-none-eabi/lib/thumb/v7e-m/nofp\libc.a(lib_a-mlock.o)
                0x0800924c                __malloc_unlock
 .text._Balloc  0x08009258       0x4c c:/stm32toolchain/gcc-arm-none-eabi-10.3-2021.10/bin/../lib/gcc/arm-none-eabi/10.3.1/../../../../arm-none-eabi/lib/thumb/v7e-m/nofp\libc.a(lib_a-mprec.o)
                0x08009258                _Balloc
 .text._Bfree   0x080092a4       0x14 c:/stm32toolchain/gcc-arm-none-eabi-10.3-2021.10/bin/../lib/gcc/arm-none-eabi/10.3.1/../../../../arm-none-eabi/lib/thumb/v7e-m/nofp\libc.a(lib_a-mprec.o)
                0x080092a4                _Bfree
 .text.__multadd
                0x080092b8       0xa0 c:/stm32toolchain/gcc-arm-none-eabi-10.3-2021.10/bin/../lib/gcc/arm-none-eabi/10.3.1/../../../../arm-none-eabi/lib/thumb/v7e-m/nofp\libc.a(lib_a-mprec.o)
                0x080092b8                __multadd
 .text.__hi0bits
                0x08009358       0x40 c:/stm32toolchain/gcc-arm-none-eabi-10.3-2021.10/bin/../lib/gcc/arm-none-eabi/10.3.1/../../../../arm-none-eabi/lib/thumb/v7e-m/nofp\libc.a(lib_a-mprec.o)
                0x08009358                __hi0bits
 .text.__lo0bits
                0x08009398       0x5c c:/stm32toolchain/gcc-arm-none-eabi-10.3-2021.10/bin/../lib/gcc/arm-none-eabi/10.3.1/../../../../arm-none-eabi/lib/thumb/v7e-m/nofp\libc.a(lib_a-mprec.o)
                0x08009398                __lo0bits
 .text.__i2b    0x080093f4       0x5c c:/stm32toolchain/gcc-arm-none-eabi-10.3-2021.10/bin/../lib/gcc/arm-none-eabi/10.3.1/../../../../arm-none-eabi/lib/thumb/v7e-m/nofp\libc.a(lib_a-mprec.o)
                0x080093f4                __i2b
 .text.__multiply
                0x08009450      0x15c c:/stm32toolchain/gcc-arm-none-eabi-10.3-2021.10/bin/../lib/gcc/arm-none-eabi/10.3.1/../../../../arm-none-eabi/lib/thumb/v7e-m/nofp\libc.a(lib_a-mprec.o)
                0x08009450                __multiply
 .text.__pow5mult
                0x080095ac       0xc0 c:/stm32toolchain/gcc-arm-none-eabi-10.3-2021.10/bin/../lib/gcc/arm-none-eabi/10.3.1/../../../../arm-none-eabi/lib/thumb/v7e-m/nofp\libc.a(lib_a-mprec.o)
                0x080095ac                __pow5mult
 .text.__lshift
                0x0800966c       0xf0 c:/stm32toolchain/gcc-arm-none-eabi-10.3-2021.10/bin/../lib/gcc/arm-none-eabi/10.3.1/../../../../arm-none-eabi/lib/thumb/v7e-m/nofp\libc.a(lib_a-mprec.o)
                0x0800966c                __lshift
 .text.__mcmp   0x0800975c       0x40 c:/stm32toolchain/gcc-arm-none-eabi-10.3-2021.10/bin/../lib/gcc/arm-none-eabi/10.3.1/../../../../arm-none-eabi/lib/thumb/v7e-m/nofp\libc.a(lib_a-mprec.o)
                0x0800975c                __mcmp
 .text.__mdiff  0x0800979c      0x14c c:/stm32toolchain/gcc-arm-none-eabi-10.3-2021.10/bin/../lib/gcc/arm-none-eabi/10.3.1/../../../../arm-none-eabi/lib/thumb/v7e-m/nofp\libc.a(lib_a-mprec.o)
                0x0800979c                __mdiff
 .text.__d2b    0x080098e8       0xc4 c:/stm32toolchain/gcc-arm-none-eabi-10.3-2021.10/bin/../lib/gcc/arm-none-eabi/10.3.1/../../../../arm-none-eabi/lib/thumb/v7e-m/nofp\libc.a(lib_a-mprec.o)
                0x080098e8                __d2b
 .text.frexp    0x080099ac       0x70 c:/stm32toolchain/gcc-arm-none-eabi-10.3-2021.10/bin/../lib/gcc/arm-none-eabi/10.3.1/../../../../arm-none-eabi/lib/thumb/v7e-m/nofp\libc.a(lib_a-s_frexp.o)
                0x080099ac                frexp
 .text._sbrk_r  0x08009a1c       0x24 c:/stm32toolchain/gcc-arm-none-eabi-10.3-2021.10/bin/../lib/gcc/arm-none-eabi/10.3.1/../../../../arm-none-eabi/lib/thumb/v7e-m/nofp\libc.a(lib_a-sbrkr.o)
                0x08009a1c                _sbrk_r
 .text.__sread  0x08009a40       0x24 c:/stm32toolchain/gcc-arm-none-eabi-10.3-2021.10/bin/../lib/gcc/arm-none-eabi/10.3.1/../../../../arm-none-eabi/lib/thumb/v7e-m/nofp\libc.a(lib_a-stdio.o)
                0x08009a40                __sread
 .text.__swrite
                0x08009a64       0x40 c:/stm32toolchain/gcc-arm-none-eabi-10.3-2021.10/bin/../lib/gcc/arm-none-eabi/10.3.1/../../../../arm-none-eabi/lib/thumb/v7e-m/nofp\libc.a(lib_a-stdio.o)
                0x08009a64                __swrite
 .text.__sseek  0x08009aa4       0x20 c:/stm32toolchain/gcc-arm-none-eabi-10.3-2021.10/bin/../lib/gcc/arm-none-eabi/10.3.1/../../../../arm-none-eabi/lib/thumb/v7e-m/nofp\libc.a(lib_a-stdio.o)
                0x08009aa4                __sseek
 .text.__sclose
                0x08009ac4        0x8 c:/stm32toolchain/gcc-arm-none-eabi-10.3-2021.10/bin/../lib/gcc/arm-none-eabi/10.3.1/../../../../arm-none-eabi/lib/thumb/v7e-m/nofp\libc.a(lib_a-stdio.o)
                0x08009ac4                __sclose
 .text.strncpy  0x08009acc       0x64 c:/stm32toolchain/gcc-arm-none-eabi-10.3-2021.10/bin/../lib/gcc/arm-none-eabi/10.3.1/../../../../arm-none-eabi/lib/thumb/v7e-m/nofp\libc.a(lib_a-strncpy.o)
                0x08009acc                strncpy
 .text.__sprint_r.part.0
                0x08009b30       0x78 c:/stm32toolchain/gcc-arm-none-eabi-10.3-2021.10/bin/../lib/gcc/arm-none-eabi/10.3.1/../../../../arm-none-eabi/lib/thumb/v7e-m/nofp\libc.a(lib_a-vfiprintf.o)
 .text.__sprint_r
                0x08009ba8       0x14 c:/stm32toolchain/gcc-arm-none-eabi-10.3-2021.10/bin/../lib/gcc/arm-none-eabi/10.3.1/../../../../arm-none-eabi/lib/thumb/v7e-m/nofp\libc.a(lib_a-vfiprintf.o)
                0x08009ba8                __sprint_r
 .text._vfiprintf_r
                0x08009bbc      0xda0 c:/stm32toolchain/gcc-arm-none-eabi-10.3-2021.10/bin/../lib/gcc/arm-none-eabi/10.3.1/../../../../arm-none-eabi/lib/thumb/v7e-m/nofp\libc.a(lib_a-vfiprintf.o)
                0x08009bbc                _vfiprintf_r
 .text.__sbprintf
                0x0800a95c       0x80 c:/stm32toolchain/gcc-arm-none-eabi-10.3-2021.10/bin/../lib/gcc/arm-none-eabi/10.3.1/../../../../arm-none-eabi/lib/thumb/v7e-m/nofp\libc.a(lib_a-vfiprintf.o)
 .text._write_r
                0x0800a9dc       0x2c c:/stm32toolchain/gcc-arm-none-eabi-10.3-2021.10/bin/../lib/gcc/arm-none-eabi/10.3.1/../../../../arm-none-eabi/lib/thumb/v7e-m/nofp\libc.a(lib_a-writer.o)
                0x0800a9dc                _write_r
 .text.__register_exitproc
                0x0800aa08       0x8c c:/stm32toolchain/gcc-arm-none-eabi-10.3-2021.10/bin/../lib/gcc/arm-none-eabi/10.3.1/../../../../arm-none-eabi/lib/thumb/v7e-m/nofp\libc.a(lib_a-__atexit.o)
                0x0800aa08                __register_exitproc
 .text.__assert_func
                0x0800aa94       0x40 c:/stm32toolchain/gcc-arm-none-eabi-10.3-2021.10/bin/../lib/gcc/arm-none-eabi/10.3.1/../../../../arm-none-eabi/lib/thumb/v7e-m/nofp\libc.a(lib_a-assert.o)
                0x0800aa94                __assert_func
 .text._calloc_r
                0x0800aad4       0x78 c:/stm32toolchain/gcc-arm-none-eabi-10.3-2021.10/bin/../lib/gcc/arm-none-eabi/10.3.1/../../../../arm-none-eabi/lib/thumb/v7e-m/nofp\libc.a(lib_a-callocr.o)
                0x0800aad4                _calloc_r
 .text._close_r
                0x0800ab4c       0x24 c:/stm32toolchain/gcc-arm-none-eabi-10.3-2021.10/bin/../lib/gcc/arm-none-eabi/10.3.1/../../../../arm-none-eabi/lib/thumb/v7e-m/nofp\libc.a(lib_a-closer.o)
                0x0800ab4c                _close_r
 .text._fclose_r
                0x0800ab70       0xcc c:/stm32toolchain/gcc-arm-none-eabi-10.3-2021.10/bin/../lib/gcc/arm-none-eabi/10.3.1/../../../../arm-none-eabi/lib/thumb/v7e-m/nofp\libc.a(lib_a-fclose.o)
                0x0800ab70                _fclose_r
 .text.fiprintf
                0x0800ac3c       0x28 c:/stm32toolchain/gcc-arm-none-eabi-10.3-2021.10/bin/../lib/gcc/arm-none-eabi/10.3.1/../../../../arm-none-eabi/lib/thumb/v7e-m/nofp\libc.a(lib_a-fiprintf.o)
                0x0800ac3c                fiprintf
 .text.__fputwc
                0x0800ac64       0xa8 c:/stm32toolchain/gcc-arm-none-eabi-10.3-2021.10/bin/../lib/gcc/arm-none-eabi/10.3.1/../../../../arm-none-eabi/lib/thumb/v7e-m/nofp\libc.a(lib_a-fputwc.o)
                0x0800ac64                __fputwc
 .text._fputwc_r
                0x0800ad0c       0x68 c:/stm32toolchain/gcc-arm-none-eabi-10.3-2021.10/bin/../lib/gcc/arm-none-eabi/10.3.1/../../../../arm-none-eabi/lib/thumb/v7e-m/nofp\libc.a(lib_a-fputwc.o)
                0x0800ad0c                _fputwc_r
 .text._fstat_r
                0x0800ad74       0x2c c:/stm32toolchain/gcc-arm-none-eabi-10.3-2021.10/bin/../lib/gcc/arm-none-eabi/10.3.1/../../../../arm-none-eabi/lib/thumb/v7e-m/nofp\libc.a(lib_a-fstatr.o)
                0x0800ad74                _fstat_r
 .text.__sfvwrite_r
                0x0800ada0      0x2e8 c:/stm32toolchain/gcc-arm-none-eabi-10.3-2021.10/bin/../lib/gcc/arm-none-eabi/10.3.1/../../../../arm-none-eabi/lib/thumb/v7e-m/nofp\libc.a(lib_a-fvwrite.o)
                0x0800ada0                __sfvwrite_r
 .text._isatty_r
                0x0800b088       0x24 c:/stm32toolchain/gcc-arm-none-eabi-10.3-2021.10/bin/../lib/gcc/arm-none-eabi/10.3.1/../../../../arm-none-eabi/lib/thumb/v7e-m/nofp\libc.a(lib_a-isattyr.o)
                0x0800b088                _isatty_r
 .text.__locale_mb_cur_max
                0x0800b0ac        0xc c:/stm32toolchain/gcc-arm-none-eabi-10.3-2021.10/bin/../lib/gcc/arm-none-eabi/10.3.1/../../../../arm-none-eabi/lib/thumb/v7e-m/nofp\libc.a(lib_a-locale.o)
                0x0800b0ac                __locale_mb_cur_max
 .text._lseek_r
                0x0800b0b8       0x2c c:/stm32toolchain/gcc-arm-none-eabi-10.3-2021.10/bin/../lib/gcc/arm-none-eabi/10.3.1/../../../../arm-none-eabi/lib/thumb/v7e-m/nofp\libc.a(lib_a-lseekr.o)
                0x0800b0b8                _lseek_r
 .text.__ascii_mbtowc
                0x0800b0e4       0x2c c:/stm32toolchain/gcc-arm-none-eabi-10.3-2021.10/bin/../lib/gcc/arm-none-eabi/10.3.1/../../../../arm-none-eabi/lib/thumb/v7e-m/nofp\libc.a(lib_a-mbtowc_r.o)
                0x0800b0e4                __ascii_mbtowc
 .text.memmove  0x0800b110       0xf8 c:/stm32toolchain/gcc-arm-none-eabi-10.3-2021.10/bin/../lib/gcc/arm-none-eabi/10.3.1/../../../../arm-none-eabi/lib/thumb/v7e-m/nofp\libc.a(lib_a-memmove.o)
                0x0800b110                memmove
 .text._read_r  0x0800b208       0x2c c:/stm32toolchain/gcc-arm-none-eabi-10.3-2021.10/bin/../lib/gcc/arm-none-eabi/10.3.1/../../../../arm-none-eabi/lib/thumb/v7e-m/nofp\libc.a(lib_a-readr.o)
                0x0800b208                _read_r
 .text._realloc_r
                0x0800b234      0x3d8 c:/stm32toolchain/gcc-arm-none-eabi-10.3-2021.10/bin/../lib/gcc/arm-none-eabi/10.3.1/../../../../arm-none-eabi/lib/thumb/v7e-m/nofp\libc.a(lib_a-reallocr.o)
                0x0800b234                _realloc_r
 .text.__swbuf_r
                0x0800b60c       0xb0 c:/stm32toolchain/gcc-arm-none-eabi-10.3-2021.10/bin/../lib/gcc/arm-none-eabi/10.3.1/../../../../arm-none-eabi/lib/thumb/v7e-m/nofp\libc.a(lib_a-wbuf.o)
                0x0800b60c                __swbuf_r
 .text._wcrtomb_r
                0x0800b6bc       0x3c c:/stm32toolchain/gcc-arm-none-eabi-10.3-2021.10/bin/../lib/gcc/arm-none-eabi/10.3.1/../../../../arm-none-eabi/lib/thumb/v7e-m/nofp\libc.a(lib_a-wcrtomb.o)
                0x0800b6bc                _wcrtomb_r
 .text.__ascii_wctomb
                0x0800b6f8       0x1c c:/stm32toolchain/gcc-arm-none-eabi-10.3-2021.10/bin/../lib/gcc/arm-none-eabi/10.3.1/../../../../arm-none-eabi/lib/thumb/v7e-m/nofp\libc.a(lib_a-wctomb_r.o)
                0x0800b6f8                __ascii_wctomb
 .text.abort    0x0800b714       0x10 c:/stm32toolchain/gcc-arm-none-eabi-10.3-2021.10/bin/../lib/gcc/arm-none-eabi/10.3.1/../../../../arm-none-eabi/lib/thumb/v7e-m/nofp\libc.a(lib_a-abort.o)
                0x0800b714                abort
 .text.raise    0x0800b724       0x5c c:/stm32toolchain/gcc-arm-none-eabi-10.3-2021.10/bin/../lib/gcc/arm-none-eabi/10.3.1/../../../../arm-none-eabi/lib/thumb/v7e-m/nofp\libc.a(lib_a-signal.o)
                0x0800b724                raise
 .text._kill_r  0x0800b780       0x2c c:/stm32toolchain/gcc-arm-none-eabi-10.3-2021.10/bin/../lib/gcc/arm-none-eabi/10.3.1/../../../../arm-none-eabi/lib/thumb/v7e-m/nofp\libc.a(lib_a-signalr.o)
                0x0800b780                _kill_r
 .text._getpid_r
                0x0800b7ac        0x4 c:/stm32toolchain/gcc-arm-none-eabi-10.3-2021.10/bin/../lib/gcc/arm-none-eabi/10.3.1/../../../../arm-none-eabi/lib/thumb/v7e-m/nofp\libc.a(lib_a-signalr.o)
                0x0800b7ac                _getpid_r
 *(.glue_7)
 .glue_7        0x0800b7b0        0x0 linker stubs
 *(.glue_7t)
 .glue_7t       0x0800b7b0        0x0 linker stubs
 *(.eh_frame)
 .eh_frame      0x0800b7b0        0x0 c:/stm32toolchain/gcc-arm-none-eabi-10.3-2021.10/bin/../lib/gcc/arm-none-eabi/10.3.1/thumb/v7e-m/nofp/crtbegin.o
 *(.init)
 .init          0x0800b7b0        0x4 c:/stm32toolchain/gcc-arm-none-eabi-10.3-2021.10/bin/../lib/gcc/arm-none-eabi/10.3.1/thumb/v7e-m/nofp/crti.o
                0x0800b7b0                _init
 .init          0x0800b7b4        0x8 c:/stm32toolchain/gcc-arm-none-eabi-10.3-2021.10/bin/../lib/gcc/arm-none-eabi/10.3.1/thumb/v7e-m/nofp/crtn.o
 *(.fini)
 .fini          0x0800b7bc        0x4 c:/stm32toolchain/gcc-arm-none-eabi-10.3-2021.10/bin/../lib/gcc/arm-none-eabi/10.3.1/thumb/v7e-m/nofp/crti.o
                0x0800b7bc                _fini
 .fini          0x0800b7c0        0x8 c:/stm32toolchain/gcc-arm-none-eabi-10.3-2021.10/bin/../lib/gcc/arm-none-eabi/10.3.1/thumb/v7e-m/nofp/crtn.o
                0x0800b7c8                . = ALIGN (0x4)
                0x0800b7c8                _etext = .

.vfp11_veneer   0x0800b7c8        0x0
 .vfp11_veneer  0x0800b7c8        0x0 linker stubs

.v4_bx          0x0800b7c8        0x0
 .v4_bx         0x0800b7c8        0x0 linker stubs

.iplt           0x0800b7c8        0x0
 .iplt          0x0800b7c8        0x0 c:/stm32toolchain/gcc-arm-none-eabi-10.3-2021.10/bin/../lib/gcc/arm-none-eabi/10.3.1/thumb/v7e-m/nofp/crtbegin.o

.rodata         0x0800b7c8      0x420
                0x0800b7c8                . = ALIGN (0x4)
 *(.rodata)
 *(.rodata*)
 .rodata.UltraSound_Evadible.str1.4
                0x0800b7c8        0x8 CMakeFiles/XHB.elf.dir/Core/Src/motor.c.obj
 .rodata.AHBPrescTable
                0x0800b7d0       0x10 CMakeFiles/XHB.elf.dir/Core/Src/system_stm32f4xx.c.obj
                0x0800b7d0                AHBPrescTable
 .rodata.APBPrescTable
                0x0800b7e0        0x8 CMakeFiles/XHB.elf.dir/Core/Src/system_stm32f4xx.c.obj
                0x0800b7e0                APBPrescTable
 .rodata._global_impure_ptr
                0x0800b7e8        0x4 c:/stm32toolchain/gcc-arm-none-eabi-10.3-2021.10/bin/../lib/gcc/arm-none-eabi/10.3.1/../../../../arm-none-eabi/lib/thumb/v7e-m/nofp\libc.a(lib_a-impure.o)
                0x0800b7e8                _global_impure_ptr
 .rodata._vfprintf_r.str1.4
                0x0800b7ec       0x42 c:/stm32toolchain/gcc-arm-none-eabi-10.3-2021.10/bin/../lib/gcc/arm-none-eabi/10.3.1/../../../../arm-none-eabi/lib/thumb/v7e-m/nofp\libc.a(lib_a-vfprintf.o)
 *fill*         0x0800b82e        0x2 
 .rodata.blanks.1
                0x0800b830       0x10 c:/stm32toolchain/gcc-arm-none-eabi-10.3-2021.10/bin/../lib/gcc/arm-none-eabi/10.3.1/../../../../arm-none-eabi/lib/thumb/v7e-m/nofp\libc.a(lib_a-vfprintf.o)
 .rodata.zeroes.0
                0x0800b840       0x10 c:/stm32toolchain/gcc-arm-none-eabi-10.3-2021.10/bin/../lib/gcc/arm-none-eabi/10.3.1/../../../../arm-none-eabi/lib/thumb/v7e-m/nofp\libc.a(lib_a-vfprintf.o)
 .rodata._dtoa_r.str1.4
                0x0800b850       0xa2 c:/stm32toolchain/gcc-arm-none-eabi-10.3-2021.10/bin/../lib/gcc/arm-none-eabi/10.3.1/../../../../arm-none-eabi/lib/thumb/v7e-m/nofp\libc.a(lib_a-dtoa.o)
                                 0xa6 (size before relaxing)
 *fill*         0x0800b8f2        0x2 
 .rodata.__multadd.str1.4
                0x0800b8f4       0x7f c:/stm32toolchain/gcc-arm-none-eabi-10.3-2021.10/bin/../lib/gcc/arm-none-eabi/10.3.1/../../../../arm-none-eabi/lib/thumb/v7e-m/nofp\libc.a(lib_a-mprec.o)
                                 0x93 (size before relaxing)
 *fill*         0x0800b973        0x5 
 .rodata.__mprec_bigtens
                0x0800b978       0x28 c:/stm32toolchain/gcc-arm-none-eabi-10.3-2021.10/bin/../lib/gcc/arm-none-eabi/10.3.1/../../../../arm-none-eabi/lib/thumb/v7e-m/nofp\libc.a(lib_a-mprec.o)
                0x0800b978                __mprec_bigtens
 .rodata.__mprec_tens
                0x0800b9a0       0xc8 c:/stm32toolchain/gcc-arm-none-eabi-10.3-2021.10/bin/../lib/gcc/arm-none-eabi/10.3.1/../../../../arm-none-eabi/lib/thumb/v7e-m/nofp\libc.a(lib_a-mprec.o)
                0x0800b9a0                __mprec_tens
 .rodata.p05.0  0x0800ba68        0xc c:/stm32toolchain/gcc-arm-none-eabi-10.3-2021.10/bin/../lib/gcc/arm-none-eabi/10.3.1/../../../../arm-none-eabi/lib/thumb/v7e-m/nofp\libc.a(lib_a-mprec.o)
 .rodata._vfiprintf_r.str1.4
                0x0800ba74       0x2f c:/stm32toolchain/gcc-arm-none-eabi-10.3-2021.10/bin/../lib/gcc/arm-none-eabi/10.3.1/../../../../arm-none-eabi/lib/thumb/v7e-m/nofp\libc.a(lib_a-vfiprintf.o)
 .rodata.blanks.1
                0x0800ba74       0x10 c:/stm32toolchain/gcc-arm-none-eabi-10.3-2021.10/bin/../lib/gcc/arm-none-eabi/10.3.1/../../../../arm-none-eabi/lib/thumb/v7e-m/nofp\libc.a(lib_a-vfiprintf.o)
 .rodata.zeroes.0
                0x0800ba84       0x10 c:/stm32toolchain/gcc-arm-none-eabi-10.3-2021.10/bin/../lib/gcc/arm-none-eabi/10.3.1/../../../../arm-none-eabi/lib/thumb/v7e-m/nofp\libc.a(lib_a-vfiprintf.o)
 .rodata.__assert_func.str1.4
                0x0800ba94       0x3f c:/stm32toolchain/gcc-arm-none-eabi-10.3-2021.10/bin/../lib/gcc/arm-none-eabi/10.3.1/../../../../arm-none-eabi/lib/thumb/v7e-m/nofp\libc.a(lib_a-assert.o)
                                 0x43 (size before relaxing)
 *fill*         0x0800bad3        0x1 
 .rodata._setlocale_r.str1.4
                0x0800bad4        0xa c:/stm32toolchain/gcc-arm-none-eabi-10.3-2021.10/bin/../lib/gcc/arm-none-eabi/10.3.1/../../../../arm-none-eabi/lib/thumb/v7e-m/nofp\libc.a(lib_a-locale.o)
                                  0xd (size before relaxing)
 *fill*         0x0800bade        0x2 
 .rodata.str1.4
                0x0800bae0        0x2 c:/stm32toolchain/gcc-arm-none-eabi-10.3-2021.10/bin/../lib/gcc/arm-none-eabi/10.3.1/../../../../arm-none-eabi/lib/thumb/v7e-m/nofp\libc.a(lib_a-locale.o)
 *fill*         0x0800bae2        0x2 
 .rodata._ctype_
                0x0800bae4      0x101 c:/stm32toolchain/gcc-arm-none-eabi-10.3-2021.10/bin/../lib/gcc/arm-none-eabi/10.3.1/../../../../arm-none-eabi/lib/thumb/v7e-m/nofp\libc.a(lib_a-ctype_.o)
                0x0800bae4                _ctype_
                0x0800bbe8                . = ALIGN (0x4)
 *fill*         0x0800bbe5        0x3 

.ARM.extab      0x0800bbe8        0x0
                0x0800bbe8                . = ALIGN (0x4)
 *(.ARM.extab* .gnu.linkonce.armextab.*)
                0x0800bbe8                . = ALIGN (0x4)

.ARM            0x0800bbe8        0x8
                0x0800bbe8                . = ALIGN (0x4)
                0x0800bbe8                __exidx_start = .
 *(.ARM.exidx*)
 .ARM.exidx     0x0800bbe8        0x8 c:/stm32toolchain/gcc-arm-none-eabi-10.3-2021.10/bin/../lib/gcc/arm-none-eabi/10.3.1/thumb/v7e-m/nofp\libgcc.a(_udivmoddi4.o)
                0x0800bbf0                __exidx_end = .
                0x0800bbf0                . = ALIGN (0x4)

.rel.dyn        0x0800bbf0        0x0
 .rel.iplt      0x0800bbf0        0x0 c:/stm32toolchain/gcc-arm-none-eabi-10.3-2021.10/bin/../lib/gcc/arm-none-eabi/10.3.1/thumb/v7e-m/nofp/crtbegin.o

.preinit_array  0x0800bbf0        0x0
                0x0800bbf0                . = ALIGN (0x4)
                0x0800bbf0                PROVIDE (__preinit_array_start = .)
 *(.preinit_array*)
                0x0800bbf0                PROVIDE (__preinit_array_end = .)
                0x0800bbf0                . = ALIGN (0x4)

.init_array     0x0800bbf0        0x8
                0x0800bbf0                . = ALIGN (0x4)
                0x0800bbf0                PROVIDE (__init_array_start = .)
 *(SORT_BY_NAME(.init_array.*))
 .init_array.00000
                0x0800bbf0        0x4 c:/stm32toolchain/gcc-arm-none-eabi-10.3-2021.10/bin/../lib/gcc/arm-none-eabi/10.3.1/../../../../arm-none-eabi/lib/thumb/v7e-m/nofp\libc.a(lib_a-__call_atexit.o)
 *(.init_array*)
 .init_array    0x0800bbf4        0x4 c:/stm32toolchain/gcc-arm-none-eabi-10.3-2021.10/bin/../lib/gcc/arm-none-eabi/10.3.1/thumb/v7e-m/nofp/crtbegin.o
                0x0800bbf8                PROVIDE (__init_array_end = .)
                0x0800bbf8                . = ALIGN (0x4)

.fini_array     0x0800bbf8        0x4
                0x0800bbf8                . = ALIGN (0x4)
                0x0800bbf8                PROVIDE (__fini_array_start = .)
 *(SORT_BY_NAME(.fini_array.*))
 *(.fini_array*)
 .fini_array    0x0800bbf8        0x4 c:/stm32toolchain/gcc-arm-none-eabi-10.3-2021.10/bin/../lib/gcc/arm-none-eabi/10.3.1/thumb/v7e-m/nofp/crtbegin.o
                0x0800bbfc                PROVIDE (__fini_array_end = .)
                0x0800bbfc                . = ALIGN (0x4)
                0x0800bbfc                _sidata = LOADADDR (.data)

.data           0x20000000      0x9b8 load address 0x0800bbfc
                0x20000000                . = ALIGN (0x4)
                0x20000000                _sdata = .
 *(.data)
 *(.data*)
 .data.SystemCoreClock
                0x20000000        0x4 CMakeFiles/XHB.elf.dir/Core/Src/system_stm32f4xx.c.obj
                0x20000000                SystemCoreClock
 .data.uwTickFreq
                0x20000004        0x1 CMakeFiles/XHB.elf.dir/Drivers/STM32F4xx_HAL_Driver/Src/stm32f4xx_hal.c.obj
                0x20000004                uwTickFreq
 *fill*         0x20000005        0x3 
 .data.uwTickPrio
                0x20000008        0x4 CMakeFiles/XHB.elf.dir/Drivers/STM32F4xx_HAL_Driver/Src/stm32f4xx_hal.c.obj
                0x20000008                uwTickPrio
 .data._impure_ptr
                0x2000000c        0x4 c:/stm32toolchain/gcc-arm-none-eabi-10.3-2021.10/bin/../lib/gcc/arm-none-eabi/10.3.1/../../../../arm-none-eabi/lib/thumb/v7e-m/nofp\libc.a(lib_a-impure.o)
                0x2000000c                _impure_ptr
 .data.impure_data
                0x20000010      0x428 c:/stm32toolchain/gcc-arm-none-eabi-10.3-2021.10/bin/../lib/gcc/arm-none-eabi/10.3.1/../../../../arm-none-eabi/lib/thumb/v7e-m/nofp\libc.a(lib_a-impure.o)
 .data.__atexit_recursive_mutex
                0x20000438        0x4 c:/stm32toolchain/gcc-arm-none-eabi-10.3-2021.10/bin/../lib/gcc/arm-none-eabi/10.3.1/../../../../arm-none-eabi/lib/thumb/v7e-m/nofp\libc.a(lib_a-__call_atexit.o)
                0x20000438                __atexit_recursive_mutex
 .data.__malloc_av_
                0x2000043c      0x408 c:/stm32toolchain/gcc-arm-none-eabi-10.3-2021.10/bin/../lib/gcc/arm-none-eabi/10.3.1/../../../../arm-none-eabi/lib/thumb/v7e-m/nofp\libc.a(lib_a-mallocr.o)
                0x2000043c                __malloc_av_
 .data.__malloc_sbrk_base
                0x20000844        0x4 c:/stm32toolchain/gcc-arm-none-eabi-10.3-2021.10/bin/../lib/gcc/arm-none-eabi/10.3.1/../../../../arm-none-eabi/lib/thumb/v7e-m/nofp\libc.a(lib_a-mallocr.o)
                0x20000844                __malloc_sbrk_base
 .data.__malloc_trim_threshold
                0x20000848        0x4 c:/stm32toolchain/gcc-arm-none-eabi-10.3-2021.10/bin/../lib/gcc/arm-none-eabi/10.3.1/../../../../arm-none-eabi/lib/thumb/v7e-m/nofp\libc.a(lib_a-mallocr.o)
                0x20000848                __malloc_trim_threshold
 .data.__global_locale
                0x2000084c      0x16c c:/stm32toolchain/gcc-arm-none-eabi-10.3-2021.10/bin/../lib/gcc/arm-none-eabi/10.3.1/../../../../arm-none-eabi/lib/thumb/v7e-m/nofp\libc.a(lib_a-locale.o)
                0x2000084c                __global_locale
 *(.RamFunc)
 *(.RamFunc*)
                0x200009b8                . = ALIGN (0x4)
                0x200009b8                _edata = .

.igot.plt       0x200009b8        0x0 load address 0x0800c5b4
 .igot.plt      0x200009b8        0x0 c:/stm32toolchain/gcc-arm-none-eabi-10.3-2021.10/bin/../lib/gcc/arm-none-eabi/10.3.1/thumb/v7e-m/nofp/crtbegin.o
                0x200009b8                . = ALIGN (0x4)

.bss            0x200009b8      0x6e0 load address 0x0800c5b4
                0x200009b8                _sbss = .
                0x200009b8                __bss_start__ = _sbss
 *(.bss)
 .bss           0x200009b8       0x1c c:/stm32toolchain/gcc-arm-none-eabi-10.3-2021.10/bin/../lib/gcc/arm-none-eabi/10.3.1/thumb/v7e-m/nofp/crtbegin.o
 *(.bss*)
 .bss.RET       0x200009d4        0x2 CMakeFiles/XHB.elf.dir/Core/Src/GreySensor.c.obj
                0x200009d4                RET
 *fill*         0x200009d6        0x2 
 .bss.pADC      0x200009d8        0x4 CMakeFiles/XHB.elf.dir/Core/Src/GreySensor.c.obj
                0x200009d8                pADC
 .bss.UltraSound_VAL
                0x200009dc        0x4 CMakeFiles/XHB.elf.dir/Core/Src/UltraSound.c.obj
                0x200009dc                UltraSound_VAL
 .bss.cnt       0x200009e0        0x4 CMakeFiles/XHB.elf.dir/Core/Src/UltraSound.c.obj
                0x200009e0                cnt
 .bss.ptr_flag  0x200009e4        0x4 CMakeFiles/XHB.elf.dir/Core/Src/UltraSound.c.obj
                0x200009e4                ptr_flag
 .bss.hi2c1     0x200009e8       0x54 CMakeFiles/XHB.elf.dir/Core/Src/i2c.c.obj
                0x200009e8                hi2c1
 .bss.ADC_ARR   0x20000a3c        0xe CMakeFiles/XHB.elf.dir/Core/Src/main.c.obj
                0x20000a3c                ADC_ARR
 *fill*         0x20000a4a        0x2 
 .bss.CNT       0x20000a4c        0x4 CMakeFiles/XHB.elf.dir/Core/Src/main.c.obj
                0x20000a4c                CNT
 .bss.UART_REC  0x20000a50        0x5 CMakeFiles/XHB.elf.dir/Core/Src/main.c.obj
                0x20000a50                UART_REC
 .bss.flag      0x20000a55        0x1 CMakeFiles/XHB.elf.dir/Core/Src/main.c.obj
                0x20000a55                flag
 *fill*         0x20000a56        0x2 
 .bss.CNT_LEN   0x20000a58        0x4 CMakeFiles/XHB.elf.dir/Core/Src/motor.c.obj
                0x20000a58                CNT_LEN
 .bss.is_1ST_ADC_B
                0x20000a5c        0x1 CMakeFiles/XHB.elf.dir/Core/Src/motor.c.obj
                0x20000a5c                is_1ST_ADC_B
 .bss.is_1ST_ADC_W
                0x20000a5d        0x1 CMakeFiles/XHB.elf.dir/Core/Src/motor.c.obj
                0x20000a5d                is_1ST_ADC_W
 *fill*         0x20000a5e        0x2 
 .bss.OLED_GRAM
                0x20000a60      0x480 CMakeFiles/XHB.elf.dir/Core/Src/oled.c.obj
                0x20000a60                OLED_GRAM
 .bss.gHuart    0x20000ee0        0x4 CMakeFiles/XHB.elf.dir/Core/Src/retarget.c.obj
                0x20000ee0                gHuart
 .bss.__sbrk_heap_end
                0x20000ee4        0x4 CMakeFiles/XHB.elf.dir/Core/Src/sysmem.c.obj
 .bss.htim1     0x20000ee8       0x48 CMakeFiles/XHB.elf.dir/Core/Src/tim.c.obj
                0x20000ee8                htim1
 .bss.htim2     0x20000f30       0x48 CMakeFiles/XHB.elf.dir/Core/Src/tim.c.obj
                0x20000f30                htim2
 .bss.htim3     0x20000f78       0x48 CMakeFiles/XHB.elf.dir/Core/Src/tim.c.obj
                0x20000f78                htim3
 .bss.htim4     0x20000fc0       0x48 CMakeFiles/XHB.elf.dir/Core/Src/tim.c.obj
                0x20000fc0                htim4
 .bss.huart2    0x20001008       0x44 CMakeFiles/XHB.elf.dir/Core/Src/usart.c.obj
                0x20001008                huart2
 .bss.uwTick    0x2000104c        0x4 CMakeFiles/XHB.elf.dir/Drivers/STM32F4xx_HAL_Driver/Src/stm32f4xx_hal.c.obj
                0x2000104c                uwTick
 .bss.__lock___atexit_recursive_mutex
                0x20001050        0x1 c:/stm32toolchain/gcc-arm-none-eabi-10.3-2021.10/bin/../lib/gcc/arm-none-eabi/10.3.1/../../../../arm-none-eabi/lib/thumb/v7e-m/nofp\libc.a(lib_a-lock.o)
                0x20001050                __lock___atexit_recursive_mutex
 *fill*         0x20001051        0x3 
 .bss.__lock___malloc_recursive_mutex
                0x20001054        0x1 c:/stm32toolchain/gcc-arm-none-eabi-10.3-2021.10/bin/../lib/gcc/arm-none-eabi/10.3.1/../../../../arm-none-eabi/lib/thumb/v7e-m/nofp\libc.a(lib_a-lock.o)
                0x20001054                __lock___malloc_recursive_mutex
 *fill*         0x20001055        0x3 
 .bss.__lock___sfp_recursive_mutex
                0x20001058        0x1 c:/stm32toolchain/gcc-arm-none-eabi-10.3-2021.10/bin/../lib/gcc/arm-none-eabi/10.3.1/../../../../arm-none-eabi/lib/thumb/v7e-m/nofp\libc.a(lib_a-lock.o)
                0x20001058                __lock___sfp_recursive_mutex
 *fill*         0x20001059        0x3 
 .bss.__lock___sinit_recursive_mutex
                0x2000105c        0x1 c:/stm32toolchain/gcc-arm-none-eabi-10.3-2021.10/bin/../lib/gcc/arm-none-eabi/10.3.1/../../../../arm-none-eabi/lib/thumb/v7e-m/nofp\libc.a(lib_a-lock.o)
                0x2000105c                __lock___sinit_recursive_mutex
 *fill*         0x2000105d        0x3 
 .bss.__malloc_current_mallinfo
                0x20001060       0x28 c:/stm32toolchain/gcc-arm-none-eabi-10.3-2021.10/bin/../lib/gcc/arm-none-eabi/10.3.1/../../../../arm-none-eabi/lib/thumb/v7e-m/nofp\libc.a(lib_a-mallocr.o)
                0x20001060                __malloc_current_mallinfo
 .bss.__malloc_max_sbrked_mem
                0x20001088        0x4 c:/stm32toolchain/gcc-arm-none-eabi-10.3-2021.10/bin/../lib/gcc/arm-none-eabi/10.3.1/../../../../arm-none-eabi/lib/thumb/v7e-m/nofp\libc.a(lib_a-mallocr.o)
                0x20001088                __malloc_max_sbrked_mem
 .bss.__malloc_max_total_mem
                0x2000108c        0x4 c:/stm32toolchain/gcc-arm-none-eabi-10.3-2021.10/bin/../lib/gcc/arm-none-eabi/10.3.1/../../../../arm-none-eabi/lib/thumb/v7e-m/nofp\libc.a(lib_a-mallocr.o)
                0x2000108c                __malloc_max_total_mem
 .bss.__malloc_top_pad
                0x20001090        0x4 c:/stm32toolchain/gcc-arm-none-eabi-10.3-2021.10/bin/../lib/gcc/arm-none-eabi/10.3.1/../../../../arm-none-eabi/lib/thumb/v7e-m/nofp\libc.a(lib_a-mallocr.o)
                0x20001090                __malloc_top_pad
 .bss.errno     0x20001094        0x4 c:/stm32toolchain/gcc-arm-none-eabi-10.3-2021.10/bin/../lib/gcc/arm-none-eabi/10.3.1/../../../../arm-none-eabi/lib/thumb/v7e-m/nofp\libc.a(lib_a-reent.o)
                0x20001094                errno
 *(COMMON)
                0x20001098                . = ALIGN (0x4)
                0x20001098                _ebss = .
                0x20001098                __bss_end__ = _ebss

._user_heap_stack
                0x20001098      0x600 load address 0x0800c5b4
                0x20001098                . = ALIGN (0x8)
                [!provide]                PROVIDE (end = .)
                0x20001098                PROVIDE (_end = .)
                0x20001298                . = (. + _Min_Heap_Size)
 *fill*         0x20001098      0x200 
                0x20001698                . = (. + _Min_Stack_Size)
 *fill*         0x20001298      0x400 
                0x20001698                . = ALIGN (0x8)

/DISCARD/
 libc.a(*)
 libm.a(*)
 libgcc.a(*)

.ARM.attributes
                0x00000000       0x2a
 *(.ARM.attributes)
 .ARM.attributes
                0x00000000       0x1e c:/stm32toolchain/gcc-arm-none-eabi-10.3-2021.10/bin/../lib/gcc/arm-none-eabi/10.3.1/thumb/v7e-m/nofp/crti.o
 .ARM.attributes
                0x0000001e       0x2e c:/stm32toolchain/gcc-arm-none-eabi-10.3-2021.10/bin/../lib/gcc/arm-none-eabi/10.3.1/thumb/v7e-m/nofp/crtbegin.o
 .ARM.attributes
                0x0000004c       0x2a CMakeFiles/XHB.elf.dir/Core/Src/GreySensor.c.obj
 .ARM.attributes
                0x00000076       0x2a CMakeFiles/XHB.elf.dir/Core/Src/UltraSound.c.obj
 .ARM.attributes
                0x000000a0       0x2a CMakeFiles/XHB.elf.dir/Core/Src/gpio.c.obj
 .ARM.attributes
                0x000000ca       0x2a CMakeFiles/XHB.elf.dir/Core/Src/i2c.c.obj
 .ARM.attributes
                0x000000f4       0x2a CMakeFiles/XHB.elf.dir/Core/Src/main.c.obj
 .ARM.attributes
                0x0000011e       0x2a CMakeFiles/XHB.elf.dir/Core/Src/motor.c.obj
 .ARM.attributes
                0x00000148       0x2a CMakeFiles/XHB.elf.dir/Core/Src/oled.c.obj
 .ARM.attributes
                0x00000172       0x2a CMakeFiles/XHB.elf.dir/Core/Src/retarget.c.obj
 .ARM.attributes
                0x0000019c       0x2a CMakeFiles/XHB.elf.dir/Core/Src/stm32f4xx_hal_msp.c.obj
 .ARM.attributes
                0x000001c6       0x2a CMakeFiles/XHB.elf.dir/Core/Src/stm32f4xx_it.c.obj
 .ARM.attributes
                0x000001f0       0x2a CMakeFiles/XHB.elf.dir/Core/Src/syscalls.c.obj
 .ARM.attributes
                0x0000021a       0x2a CMakeFiles/XHB.elf.dir/Core/Src/sysmem.c.obj
 .ARM.attributes
                0x00000244       0x2a CMakeFiles/XHB.elf.dir/Core/Src/system_stm32f4xx.c.obj
 .ARM.attributes
                0x0000026e       0x2a CMakeFiles/XHB.elf.dir/Core/Src/tim.c.obj
 .ARM.attributes
                0x00000298       0x2a CMakeFiles/XHB.elf.dir/Core/Src/usart.c.obj
 .ARM.attributes
                0x000002c2       0x21 CMakeFiles/XHB.elf.dir/Core/Startup/startup_stm32f411ceux.s.obj
 .ARM.attributes
                0x000002e3       0x2a CMakeFiles/XHB.elf.dir/Drivers/STM32F4xx_HAL_Driver/Src/stm32f4xx_hal.c.obj
 .ARM.attributes
                0x0000030d       0x2a CMakeFiles/XHB.elf.dir/Drivers/STM32F4xx_HAL_Driver/Src/stm32f4xx_hal_cortex.c.obj
 .ARM.attributes
                0x00000337       0x2a CMakeFiles/XHB.elf.dir/Drivers/STM32F4xx_HAL_Driver/Src/stm32f4xx_hal_dma.c.obj
 .ARM.attributes
                0x00000361       0x2a CMakeFiles/XHB.elf.dir/Drivers/STM32F4xx_HAL_Driver/Src/stm32f4xx_hal_gpio.c.obj
 .ARM.attributes
                0x0000038b       0x2a CMakeFiles/XHB.elf.dir/Drivers/STM32F4xx_HAL_Driver/Src/stm32f4xx_hal_i2c.c.obj
 .ARM.attributes
                0x000003b5       0x2a CMakeFiles/XHB.elf.dir/Drivers/STM32F4xx_HAL_Driver/Src/stm32f4xx_hal_rcc.c.obj
 .ARM.attributes
                0x000003df       0x2a CMakeFiles/XHB.elf.dir/Drivers/STM32F4xx_HAL_Driver/Src/stm32f4xx_hal_tim.c.obj
 .ARM.attributes
                0x00000409       0x2a CMakeFiles/XHB.elf.dir/Drivers/STM32F4xx_HAL_Driver/Src/stm32f4xx_hal_tim_ex.c.obj
 .ARM.attributes
                0x00000433       0x2a CMakeFiles/XHB.elf.dir/Drivers/STM32F4xx_HAL_Driver/Src/stm32f4xx_hal_uart.c.obj
 .ARM.attributes
                0x0000045d       0x1e c:/stm32toolchain/gcc-arm-none-eabi-10.3-2021.10/bin/../lib/gcc/arm-none-eabi/10.3.1/thumb/v7e-m/nofp\libgcc.a(_arm_mulsf3.o)
 .ARM.attributes
                0x0000047b       0x1e c:/stm32toolchain/gcc-arm-none-eabi-10.3-2021.10/bin/../lib/gcc/arm-none-eabi/10.3.1/thumb/v7e-m/nofp\libgcc.a(_arm_addsubdf3.o)
 .ARM.attributes
                0x00000499       0x1e c:/stm32toolchain/gcc-arm-none-eabi-10.3-2021.10/bin/../lib/gcc/arm-none-eabi/10.3.1/thumb/v7e-m/nofp\libgcc.a(_arm_addsubsf3.o)
 .ARM.attributes
                0x000004b7       0x1e c:/stm32toolchain/gcc-arm-none-eabi-10.3-2021.10/bin/../lib/gcc/arm-none-eabi/10.3.1/thumb/v7e-m/nofp\libgcc.a(_arm_cmpsf2.o)
 .ARM.attributes
                0x000004d5       0x1e c:/stm32toolchain/gcc-arm-none-eabi-10.3-2021.10/bin/../lib/gcc/arm-none-eabi/10.3.1/thumb/v7e-m/nofp\libgcc.a(_aeabi_uldivmod.o)
 .ARM.attributes
                0x000004f3       0x2e c:/stm32toolchain/gcc-arm-none-eabi-10.3-2021.10/bin/../lib/gcc/arm-none-eabi/10.3.1/thumb/v7e-m/nofp\libgcc.a(_udivmoddi4.o)
 .ARM.attributes
                0x00000521       0x1e c:/stm32toolchain/gcc-arm-none-eabi-10.3-2021.10/bin/../lib/gcc/arm-none-eabi/10.3.1/thumb/v7e-m/nofp\libgcc.a(_dvmd_tls.o)
 .ARM.attributes
                0x0000053f       0x2e c:/stm32toolchain/gcc-arm-none-eabi-10.3-2021.10/bin/../lib/gcc/arm-none-eabi/10.3.1/../../../../arm-none-eabi/lib/thumb/v7e-m/nofp\libc.a(lib_a-errno.o)
 .ARM.attributes
                0x0000056d       0x2e c:/stm32toolchain/gcc-arm-none-eabi-10.3-2021.10/bin/../lib/gcc/arm-none-eabi/10.3.1/../../../../arm-none-eabi/lib/thumb/v7e-m/nofp\libc.a(lib_a-impure.o)
 .ARM.attributes
                0x0000059b       0x2e c:/stm32toolchain/gcc-arm-none-eabi-10.3-2021.10/bin/../lib/gcc/arm-none-eabi/10.3.1/../../../../arm-none-eabi/lib/thumb/v7e-m/nofp\libc.a(lib_a-init.o)
 .ARM.attributes
                0x000005c9       0x2e c:/stm32toolchain/gcc-arm-none-eabi-10.3-2021.10/bin/../lib/gcc/arm-none-eabi/10.3.1/../../../../arm-none-eabi/lib/thumb/v7e-m/nofp\libc.a(lib_a-memset.o)
 .ARM.attributes
                0x000005f7       0x2e c:/stm32toolchain/gcc-arm-none-eabi-10.3-2021.10/bin/../lib/gcc/arm-none-eabi/10.3.1/../../../../arm-none-eabi/lib/thumb/v7e-m/nofp\libc.a(lib_a-printf.o)
 .ARM.attributes
                0x00000625       0x2e c:/stm32toolchain/gcc-arm-none-eabi-10.3-2021.10/bin/../lib/gcc/arm-none-eabi/10.3.1/../../../../arm-none-eabi/lib/thumb/v7e-m/nofp\libc.a(lib_a-setvbuf.o)
 .ARM.attributes
                0x00000653       0x2e c:/stm32toolchain/gcc-arm-none-eabi-10.3-2021.10/bin/../lib/gcc/arm-none-eabi/10.3.1/../../../../arm-none-eabi/lib/thumb/v7e-m/nofp\libc.a(lib_a-vfprintf.o)
 .ARM.attributes
                0x00000681       0x2e c:/stm32toolchain/gcc-arm-none-eabi-10.3-2021.10/bin/../lib/gcc/arm-none-eabi/10.3.1/../../../../arm-none-eabi/lib/thumb/v7e-m/nofp\libc.a(lib_a-wsetup.o)
 .ARM.attributes
                0x000006af       0x2e c:/stm32toolchain/gcc-arm-none-eabi-10.3-2021.10/bin/../lib/gcc/arm-none-eabi/10.3.1/../../../../arm-none-eabi/lib/thumb/v7e-m/nofp\libc.a(lib_a-__call_atexit.o)
 .ARM.attributes
                0x000006dd       0x2e c:/stm32toolchain/gcc-arm-none-eabi-10.3-2021.10/bin/../lib/gcc/arm-none-eabi/10.3.1/../../../../arm-none-eabi/lib/thumb/v7e-m/nofp\libc.a(lib_a-atexit.o)
 .ARM.attributes
                0x0000070b       0x2e c:/stm32toolchain/gcc-arm-none-eabi-10.3-2021.10/bin/../lib/gcc/arm-none-eabi/10.3.1/../../../../arm-none-eabi/lib/thumb/v7e-m/nofp\libc.a(lib_a-dtoa.o)
 .ARM.attributes
                0x00000739       0x2e c:/stm32toolchain/gcc-arm-none-eabi-10.3-2021.10/bin/../lib/gcc/arm-none-eabi/10.3.1/../../../../arm-none-eabi/lib/thumb/v7e-m/nofp\libc.a(lib_a-fflush.o)
 .ARM.attributes
                0x00000767       0x2e c:/stm32toolchain/gcc-arm-none-eabi-10.3-2021.10/bin/../lib/gcc/arm-none-eabi/10.3.1/../../../../arm-none-eabi/lib/thumb/v7e-m/nofp\libc.a(lib_a-findfp.o)
 .ARM.attributes
                0x00000795       0x2e c:/stm32toolchain/gcc-arm-none-eabi-10.3-2021.10/bin/../lib/gcc/arm-none-eabi/10.3.1/../../../../arm-none-eabi/lib/thumb/v7e-m/nofp\libc.a(lib_a-fini.o)
 .ARM.attributes
                0x000007c3       0x2e c:/stm32toolchain/gcc-arm-none-eabi-10.3-2021.10/bin/../lib/gcc/arm-none-eabi/10.3.1/../../../../arm-none-eabi/lib/thumb/v7e-m/nofp\libc.a(lib_a-freer.o)
 .ARM.attributes
                0x000007f1       0x2e c:/stm32toolchain/gcc-arm-none-eabi-10.3-2021.10/bin/../lib/gcc/arm-none-eabi/10.3.1/../../../../arm-none-eabi/lib/thumb/v7e-m/nofp\libc.a(lib_a-fwalk.o)
 .ARM.attributes
                0x0000081f       0x2e c:/stm32toolchain/gcc-arm-none-eabi-10.3-2021.10/bin/../lib/gcc/arm-none-eabi/10.3.1/../../../../arm-none-eabi/lib/thumb/v7e-m/nofp\libc.a(lib_a-localeconv.o)
 .ARM.attributes
                0x0000084d       0x2e c:/stm32toolchain/gcc-arm-none-eabi-10.3-2021.10/bin/../lib/gcc/arm-none-eabi/10.3.1/../../../../arm-none-eabi/lib/thumb/v7e-m/nofp\libc.a(lib_a-lock.o)
 .ARM.attributes
                0x0000087b       0x2e c:/stm32toolchain/gcc-arm-none-eabi-10.3-2021.10/bin/../lib/gcc/arm-none-eabi/10.3.1/../../../../arm-none-eabi/lib/thumb/v7e-m/nofp\libc.a(lib_a-makebuf.o)
 .ARM.attributes
                0x000008a9       0x2e c:/stm32toolchain/gcc-arm-none-eabi-10.3-2021.10/bin/../lib/gcc/arm-none-eabi/10.3.1/../../../../arm-none-eabi/lib/thumb/v7e-m/nofp\libc.a(lib_a-malloc.o)
 .ARM.attributes
                0x000008d7       0x2e c:/stm32toolchain/gcc-arm-none-eabi-10.3-2021.10/bin/../lib/gcc/arm-none-eabi/10.3.1/../../../../arm-none-eabi/lib/thumb/v7e-m/nofp\libc.a(lib_a-mallocr.o)
 .ARM.attributes
                0x00000905       0x1c c:/stm32toolchain/gcc-arm-none-eabi-10.3-2021.10/bin/../lib/gcc/arm-none-eabi/10.3.1/../../../../arm-none-eabi/lib/thumb/v7e-m/nofp\libc.a(lib_a-memchr.o)
 .ARM.attributes
                0x00000921       0x1c c:/stm32toolchain/gcc-arm-none-eabi-10.3-2021.10/bin/../lib/gcc/arm-none-eabi/10.3.1/../../../../arm-none-eabi/lib/thumb/v7e-m/nofp\libc.a(lib_a-memcpy.o)
 .ARM.attributes
                0x0000093d       0x2e c:/stm32toolchain/gcc-arm-none-eabi-10.3-2021.10/bin/../lib/gcc/arm-none-eabi/10.3.1/../../../../arm-none-eabi/lib/thumb/v7e-m/nofp\libc.a(lib_a-mlock.o)
 .ARM.attributes
                0x0000096b       0x2e c:/stm32toolchain/gcc-arm-none-eabi-10.3-2021.10/bin/../lib/gcc/arm-none-eabi/10.3.1/../../../../arm-none-eabi/lib/thumb/v7e-m/nofp\libc.a(lib_a-mprec.o)
 .ARM.attributes
                0x00000999       0x2e c:/stm32toolchain/gcc-arm-none-eabi-10.3-2021.10/bin/../lib/gcc/arm-none-eabi/10.3.1/../../../../arm-none-eabi/lib/thumb/v7e-m/nofp\libc.a(lib_a-s_frexp.o)
 .ARM.attributes
                0x000009c7       0x2e c:/stm32toolchain/gcc-arm-none-eabi-10.3-2021.10/bin/../lib/gcc/arm-none-eabi/10.3.1/../../../../arm-none-eabi/lib/thumb/v7e-m/nofp\libc.a(lib_a-sbrkr.o)
 .ARM.attributes
                0x000009f5       0x2e c:/stm32toolchain/gcc-arm-none-eabi-10.3-2021.10/bin/../lib/gcc/arm-none-eabi/10.3.1/../../../../arm-none-eabi/lib/thumb/v7e-m/nofp\libc.a(lib_a-stdio.o)
 .ARM.attributes
                0x00000a23       0x1c c:/stm32toolchain/gcc-arm-none-eabi-10.3-2021.10/bin/../lib/gcc/arm-none-eabi/10.3.1/../../../../arm-none-eabi/lib/thumb/v7e-m/nofp\libc.a(lib_a-strlen.o)
 .ARM.attributes
                0x00000a3f       0x2e c:/stm32toolchain/gcc-arm-none-eabi-10.3-2021.10/bin/../lib/gcc/arm-none-eabi/10.3.1/../../../../arm-none-eabi/lib/thumb/v7e-m/nofp\libc.a(lib_a-strncpy.o)
 .ARM.attributes
                0x00000a6d       0x2e c:/stm32toolchain/gcc-arm-none-eabi-10.3-2021.10/bin/../lib/gcc/arm-none-eabi/10.3.1/../../../../arm-none-eabi/lib/thumb/v7e-m/nofp\libc.a(lib_a-vfiprintf.o)
 .ARM.attributes
                0x00000a9b       0x2e c:/stm32toolchain/gcc-arm-none-eabi-10.3-2021.10/bin/../lib/gcc/arm-none-eabi/10.3.1/../../../../arm-none-eabi/lib/thumb/v7e-m/nofp\libc.a(lib_a-writer.o)
 .ARM.attributes
                0x00000ac9       0x2e c:/stm32toolchain/gcc-arm-none-eabi-10.3-2021.10/bin/../lib/gcc/arm-none-eabi/10.3.1/../../../../arm-none-eabi/lib/thumb/v7e-m/nofp\libc.a(lib_a-__atexit.o)
 .ARM.attributes
                0x00000af7       0x2e c:/stm32toolchain/gcc-arm-none-eabi-10.3-2021.10/bin/../lib/gcc/arm-none-eabi/10.3.1/../../../../arm-none-eabi/lib/thumb/v7e-m/nofp\libc.a(lib_a-assert.o)
 .ARM.attributes
                0x00000b25       0x2e c:/stm32toolchain/gcc-arm-none-eabi-10.3-2021.10/bin/../lib/gcc/arm-none-eabi/10.3.1/../../../../arm-none-eabi/lib/thumb/v7e-m/nofp\libc.a(lib_a-callocr.o)
 .ARM.attributes
                0x00000b53       0x2e c:/stm32toolchain/gcc-arm-none-eabi-10.3-2021.10/bin/../lib/gcc/arm-none-eabi/10.3.1/../../../../arm-none-eabi/lib/thumb/v7e-m/nofp\libc.a(lib_a-closer.o)
 .ARM.attributes
                0x00000b81       0x2e c:/stm32toolchain/gcc-arm-none-eabi-10.3-2021.10/bin/../lib/gcc/arm-none-eabi/10.3.1/../../../../arm-none-eabi/lib/thumb/v7e-m/nofp\libc.a(lib_a-fclose.o)
 .ARM.attributes
                0x00000baf       0x2e c:/stm32toolchain/gcc-arm-none-eabi-10.3-2021.10/bin/../lib/gcc/arm-none-eabi/10.3.1/../../../../arm-none-eabi/lib/thumb/v7e-m/nofp\libc.a(lib_a-fiprintf.o)
 .ARM.attributes
                0x00000bdd       0x2e c:/stm32toolchain/gcc-arm-none-eabi-10.3-2021.10/bin/../lib/gcc/arm-none-eabi/10.3.1/../../../../arm-none-eabi/lib/thumb/v7e-m/nofp\libc.a(lib_a-fputwc.o)
 .ARM.attributes
                0x00000c0b       0x2e c:/stm32toolchain/gcc-arm-none-eabi-10.3-2021.10/bin/../lib/gcc/arm-none-eabi/10.3.1/../../../../arm-none-eabi/lib/thumb/v7e-m/nofp\libc.a(lib_a-fstatr.o)
 .ARM.attributes
                0x00000c39       0x2e c:/stm32toolchain/gcc-arm-none-eabi-10.3-2021.10/bin/../lib/gcc/arm-none-eabi/10.3.1/../../../../arm-none-eabi/lib/thumb/v7e-m/nofp\libc.a(lib_a-fvwrite.o)
 .ARM.attributes
                0x00000c67       0x2e c:/stm32toolchain/gcc-arm-none-eabi-10.3-2021.10/bin/../lib/gcc/arm-none-eabi/10.3.1/../../../../arm-none-eabi/lib/thumb/v7e-m/nofp\libc.a(lib_a-isattyr.o)
 .ARM.attributes
                0x00000c95       0x2e c:/stm32toolchain/gcc-arm-none-eabi-10.3-2021.10/bin/../lib/gcc/arm-none-eabi/10.3.1/../../../../arm-none-eabi/lib/thumb/v7e-m/nofp\libc.a(lib_a-locale.o)
 .ARM.attributes
                0x00000cc3       0x2e c:/stm32toolchain/gcc-arm-none-eabi-10.3-2021.10/bin/../lib/gcc/arm-none-eabi/10.3.1/../../../../arm-none-eabi/lib/thumb/v7e-m/nofp\libc.a(lib_a-lseekr.o)
 .ARM.attributes
                0x00000cf1       0x2e c:/stm32toolchain/gcc-arm-none-eabi-10.3-2021.10/bin/../lib/gcc/arm-none-eabi/10.3.1/../../../../arm-none-eabi/lib/thumb/v7e-m/nofp\libc.a(lib_a-mbtowc_r.o)
 .ARM.attributes
                0x00000d1f       0x2e c:/stm32toolchain/gcc-arm-none-eabi-10.3-2021.10/bin/../lib/gcc/arm-none-eabi/10.3.1/../../../../arm-none-eabi/lib/thumb/v7e-m/nofp\libc.a(lib_a-memmove.o)
 .ARM.attributes
                0x00000d4d       0x2e c:/stm32toolchain/gcc-arm-none-eabi-10.3-2021.10/bin/../lib/gcc/arm-none-eabi/10.3.1/../../../../arm-none-eabi/lib/thumb/v7e-m/nofp\libc.a(lib_a-readr.o)
 .ARM.attributes
                0x00000d7b       0x2e c:/stm32toolchain/gcc-arm-none-eabi-10.3-2021.10/bin/../lib/gcc/arm-none-eabi/10.3.1/../../../../arm-none-eabi/lib/thumb/v7e-m/nofp\libc.a(lib_a-reallocr.o)
 .ARM.attributes
                0x00000da9       0x2e c:/stm32toolchain/gcc-arm-none-eabi-10.3-2021.10/bin/../lib/gcc/arm-none-eabi/10.3.1/../../../../arm-none-eabi/lib/thumb/v7e-m/nofp\libc.a(lib_a-reent.o)
 .ARM.attributes
                0x00000dd7       0x2e c:/stm32toolchain/gcc-arm-none-eabi-10.3-2021.10/bin/../lib/gcc/arm-none-eabi/10.3.1/../../../../arm-none-eabi/lib/thumb/v7e-m/nofp\libc.a(lib_a-wbuf.o)
 .ARM.attributes
                0x00000e05       0x2e c:/stm32toolchain/gcc-arm-none-eabi-10.3-2021.10/bin/../lib/gcc/arm-none-eabi/10.3.1/../../../../arm-none-eabi/lib/thumb/v7e-m/nofp\libc.a(lib_a-wcrtomb.o)
 .ARM.attributes
                0x00000e33       0x2e c:/stm32toolchain/gcc-arm-none-eabi-10.3-2021.10/bin/../lib/gcc/arm-none-eabi/10.3.1/../../../../arm-none-eabi/lib/thumb/v7e-m/nofp\libc.a(lib_a-wctomb_r.o)
 .ARM.attributes
                0x00000e61       0x2e c:/stm32toolchain/gcc-arm-none-eabi-10.3-2021.10/bin/../lib/gcc/arm-none-eabi/10.3.1/../../../../arm-none-eabi/lib/thumb/v7e-m/nofp\libc.a(lib_a-abort.o)
 .ARM.attributes
                0x00000e8f       0x2e c:/stm32toolchain/gcc-arm-none-eabi-10.3-2021.10/bin/../lib/gcc/arm-none-eabi/10.3.1/../../../../arm-none-eabi/lib/thumb/v7e-m/nofp\libc.a(lib_a-ctype_.o)
 .ARM.attributes
                0x00000ebd       0x2e c:/stm32toolchain/gcc-arm-none-eabi-10.3-2021.10/bin/../lib/gcc/arm-none-eabi/10.3.1/../../../../arm-none-eabi/lib/thumb/v7e-m/nofp\libc.a(lib_a-signal.o)
 .ARM.attributes
                0x00000eeb       0x2e c:/stm32toolchain/gcc-arm-none-eabi-10.3-2021.10/bin/../lib/gcc/arm-none-eabi/10.3.1/../../../../arm-none-eabi/lib/thumb/v7e-m/nofp\libc.a(lib_a-signalr.o)
 .ARM.attributes
                0x00000f19       0x1e c:/stm32toolchain/gcc-arm-none-eabi-10.3-2021.10/bin/../lib/gcc/arm-none-eabi/10.3.1/thumb/v7e-m/nofp\libgcc.a(_arm_muldivdf3.o)
 .ARM.attributes
                0x00000f37       0x1e c:/stm32toolchain/gcc-arm-none-eabi-10.3-2021.10/bin/../lib/gcc/arm-none-eabi/10.3.1/thumb/v7e-m/nofp\libgcc.a(_arm_cmpdf2.o)
 .ARM.attributes
                0x00000f55       0x1e c:/stm32toolchain/gcc-arm-none-eabi-10.3-2021.10/bin/../lib/gcc/arm-none-eabi/10.3.1/thumb/v7e-m/nofp\libgcc.a(_arm_unorddf2.o)
 .ARM.attributes
                0x00000f73       0x1e c:/stm32toolchain/gcc-arm-none-eabi-10.3-2021.10/bin/../lib/gcc/arm-none-eabi/10.3.1/thumb/v7e-m/nofp\libgcc.a(_arm_fixdfsi.o)
 .ARM.attributes
                0x00000f91       0x1e c:/stm32toolchain/gcc-arm-none-eabi-10.3-2021.10/bin/../lib/gcc/arm-none-eabi/10.3.1/thumb/v7e-m/nofp/crtn.o
OUTPUT(XHB.elf elf32-littlearm)
LOAD linker stubs
LOAD c:/stm32toolchain/gcc-arm-none-eabi-10.3-2021.10/bin/../lib/gcc/arm-none-eabi/10.3.1/../../../../arm-none-eabi/lib/thumb/v7e-m/nofp\libc.a
LOAD c:/stm32toolchain/gcc-arm-none-eabi-10.3-2021.10/bin/../lib/gcc/arm-none-eabi/10.3.1/../../../../arm-none-eabi/lib/thumb/v7e-m/nofp\libm.a
LOAD c:/stm32toolchain/gcc-arm-none-eabi-10.3-2021.10/bin/../lib/gcc/arm-none-eabi/10.3.1/thumb/v7e-m/nofp\libgcc.a

.comment        0x00000000       0x49
 .comment       0x00000000       0x49 CMakeFiles/XHB.elf.dir/Core/Src/GreySensor.c.obj
                                 0x4a (size before relaxing)
 .comment       0x00000049       0x4a CMakeFiles/XHB.elf.dir/Core/Src/UltraSound.c.obj
 .comment       0x00000049       0x4a CMakeFiles/XHB.elf.dir/Core/Src/gpio.c.obj
 .comment       0x00000049       0x4a CMakeFiles/XHB.elf.dir/Core/Src/i2c.c.obj
 .comment       0x00000049       0x4a CMakeFiles/XHB.elf.dir/Core/Src/main.c.obj
 .comment       0x00000049       0x4a CMakeFiles/XHB.elf.dir/Core/Src/motor.c.obj
 .comment       0x00000049       0x4a CMakeFiles/XHB.elf.dir/Core/Src/oled.c.obj
 .comment       0x00000049       0x4a CMakeFiles/XHB.elf.dir/Core/Src/retarget.c.obj
 .comment       0x00000049       0x4a CMakeFiles/XHB.elf.dir/Core/Src/stm32f4xx_hal_msp.c.obj
 .comment       0x00000049       0x4a CMakeFiles/XHB.elf.dir/Core/Src/stm32f4xx_it.c.obj
 .comment       0x00000049       0x4a CMakeFiles/XHB.elf.dir/Core/Src/syscalls.c.obj
 .comment       0x00000049       0x4a CMakeFiles/XHB.elf.dir/Core/Src/sysmem.c.obj