Archive member included to satisfy reference by file (symbol)

d:/12.3 rel1/bin/../lib/gcc/arm-none-eabi/12.3.1/thumb/v7e-m/nofp\libgcc.a(_arm_mulsf3.o)
                              CMakeFiles/XHB.elf.dir/Core/Src/UltraSound.c.obj (__aeabi_fmul)
d:/12.3 rel1/bin/../lib/gcc/arm-none-eabi/12.3.1/thumb/v7e-m/nofp\libgcc.a(_arm_addsubsf3.o)
                              CMakeFiles/XHB.elf.dir/Core/Src/UltraSound.c.obj (__aeabi_ui2f)
d:/12.3 rel1/bin/../lib/gcc/arm-none-eabi/12.3.1/thumb/v7e-m/nofp\libgcc.a(_aeabi_ldivmod.o)
                              CMakeFiles/XHB.elf.dir/Drivers/STM32F4xx_HAL_Driver/Src/stm32f4xx_hal_rcc.c.obj (__aeabi_ldivmod)
d:/12.3 rel1/bin/../lib/gcc/arm-none-eabi/12.3.1/thumb/v7e-m/nofp\libgcc.a(_aeabi_uldivmod.o)
                              CMakeFiles/XHB.elf.dir/Drivers/STM32F4xx_HAL_Driver/Src/stm32f4xx_hal_rcc.c.obj (__aeabi_uldivmod)
d:/12.3 rel1/bin/../lib/gcc/arm-none-eabi/12.3.1/thumb/v7e-m/nofp\libgcc.a(_udivmoddi4.o)
                              d:/12.3 rel1/bin/../lib/gcc/arm-none-eabi/12.3.1/thumb/v7e-m/nofp\libgcc.a(_aeabi_ldivmod.o) (__udivmoddi4)
d:/12.3 rel1/bin/../lib/gcc/arm-none-eabi/12.3.1/thumb/v7e-m/nofp\libgcc.a(_dvmd_tls.o)
                              d:/12.3 rel1/bin/../lib/gcc/arm-none-eabi/12.3.1/thumb/v7e-m/nofp\libgcc.a(_aeabi_ldivmod.o) (__aeabi_ldiv0)
d:/12.3 rel1/bin/../lib/gcc/arm-none-eabi/12.3.1/thumb/v7e-m/nofp\libc.a(libc_a-exit.o)
                              d:/12.3 rel1/bin/../lib/gcc/arm-none-eabi/12.3.1/thumb/v7e-m/nofp/crt0.o (exit)
d:/12.3 rel1/bin/../lib/gcc/arm-none-eabi/12.3.1/thumb/v7e-m/nofp\libc.a(libc_a-findfp.o)
                              d:/12.3 rel1/bin/../lib/gcc/arm-none-eabi/12.3.1/thumb/v7e-m/nofp\libc.a(libc_a-exit.o) (__stdio_exit_handler)
d:/12.3 rel1/bin/../lib/gcc/arm-none-eabi/12.3.1/thumb/v7e-m/nofp\libc.a(libc_a-fwalk.o)
                              d:/12.3 rel1/bin/../lib/gcc/arm-none-eabi/12.3.1/thumb/v7e-m/nofp\libc.a(libc_a-findfp.o) (_fwalk_sglue)
d:/12.3 rel1/bin/../lib/gcc/arm-none-eabi/12.3.1/thumb/v7e-m/nofp\libc.a(libc_a-putchar.o)
                              CMakeFiles/XHB.elf.dir/Core/Src/GreySensor.c.obj (putchar)
d:/12.3 rel1/bin/../lib/gcc/arm-none-eabi/12.3.1/thumb/v7e-m/nofp\libc.a(libc_a-setvbuf.o)
                              CMakeFiles/XHB.elf.dir/Core/Src/retarget.c.obj (setvbuf)
d:/12.3 rel1/bin/../lib/gcc/arm-none-eabi/12.3.1/thumb/v7e-m/nofp\libc.a(libc_a-stdio.o)
                              d:/12.3 rel1/bin/../lib/gcc/arm-none-eabi/12.3.1/thumb/v7e-m/nofp\libc.a(libc_a-findfp.o) (__sread)
d:/12.3 rel1/bin/../lib/gcc/arm-none-eabi/12.3.1/thumb/v7e-m/nofp\libc.a(libc_a-memset.o)
                              d:/12.3 rel1/bin/../lib/gcc/arm-none-eabi/12.3.1/thumb/v7e-m/nofp/crt0.o (memset)
d:/12.3 rel1/bin/../lib/gcc/arm-none-eabi/12.3.1/thumb/v7e-m/nofp\libc.a(libc_a-closer.o)
                              d:/12.3 rel1/bin/../lib/gcc/arm-none-eabi/12.3.1/thumb/v7e-m/nofp\libc.a(libc_a-stdio.o) (_close_r)
d:/12.3 rel1/bin/../lib/gcc/arm-none-eabi/12.3.1/thumb/v7e-m/nofp\libc.a(libc_a-reent.o)
                              d:/12.3 rel1/bin/../lib/gcc/arm-none-eabi/12.3.1/thumb/v7e-m/nofp\libc.a(libc_a-closer.o) (errno)
d:/12.3 rel1/bin/../lib/gcc/arm-none-eabi/12.3.1/thumb/v7e-m/nofp\libc.a(libc_a-impure.o)
                              CMakeFiles/XHB.elf.dir/Core/Src/retarget.c.obj (_impure_ptr)
d:/12.3 rel1/bin/../lib/gcc/arm-none-eabi/12.3.1/thumb/v7e-m/nofp\libc.a(libc_a-lseekr.o)
                              d:/12.3 rel1/bin/../lib/gcc/arm-none-eabi/12.3.1/thumb/v7e-m/nofp\libc.a(libc_a-stdio.o) (_lseek_r)
d:/12.3 rel1/bin/../lib/gcc/arm-none-eabi/12.3.1/thumb/v7e-m/nofp\libc.a(libc_a-readr.o)
                              d:/12.3 rel1/bin/../lib/gcc/arm-none-eabi/12.3.1/thumb/v7e-m/nofp\libc.a(libc_a-stdio.o) (_read_r)
d:/12.3 rel1/bin/../lib/gcc/arm-none-eabi/12.3.1/thumb/v7e-m/nofp\libc.a(libc_a-writer.o)
                              d:/12.3 rel1/bin/../lib/gcc/arm-none-eabi/12.3.1/thumb/v7e-m/nofp\libc.a(libc_a-stdio.o) (_write_r)
d:/12.3 rel1/bin/../lib/gcc/arm-none-eabi/12.3.1/thumb/v7e-m/nofp\libc.a(libc_a-errno.o)
                              CMakeFiles/XHB.elf.dir/Core/Src/retarget.c.obj (__errno)
d:/12.3 rel1/bin/../lib/gcc/arm-none-eabi/12.3.1/thumb/v7e-m/nofp\libc.a(libc_a-init.o)
                              d:/12.3 rel1/bin/../lib/gcc/arm-none-eabi/12.3.1/thumb/v7e-m/nofp/crt0.o (__libc_init_array)
d:/12.3 rel1/bin/../lib/gcc/arm-none-eabi/12.3.1/thumb/v7e-m/nofp\libc.a(libc_a-lock.o)
                              d:/12.3 rel1/bin/../lib/gcc/arm-none-eabi/12.3.1/thumb/v7e-m/nofp\libc.a(libc_a-findfp.o) (__retarget_lock_init_recursive)
d:/12.3 rel1/bin/../lib/gcc/arm-none-eabi/12.3.1/thumb/v7e-m/nofp\libc.a(libc_a-__call_atexit.o)
                              d:/12.3 rel1/bin/../lib/gcc/arm-none-eabi/12.3.1/thumb/v7e-m/nofp\libc.a(libc_a-exit.o) (__call_exitprocs)
d:/12.3 rel1/bin/../lib/gcc/arm-none-eabi/12.3.1/thumb/v7e-m/nofp\libc.a(libc_a-atexit.o)
[...]
Memory Configuration

Name             Origin             Length             Attributes
RAM              0x20000000         0x00020000         xrw
FLASH            0x08000000         0x00080000         xr
*default*        0x00000000         0xffffffff

Linker script and memory map

LOAD d:/12.3 rel1/bin/../lib/gcc/arm-none-eabi/12.3.1/thumb/v7e-m/nofp/crti.o
LOAD d:/12.3 rel1/bin/../lib/gcc/arm-none-eabi/12.3.1/thumb/v7e-m/nofp/crtbegin.o
LOAD d:/12.3 rel1/bin/../lib/gcc/arm-none-eabi/12.3.1/thumb/v7e-m/nofp/crt0.o
LOAD CMakeFiles/XHB.elf.dir/Core/Src/GreySensor.c.obj
LOAD CMakeFiles/XHB.elf.dir/Core/Src/UltraSound.c.obj
LOAD CMakeFiles/XHB.elf.dir/Core/Src/gpio.c.obj
LOAD CMakeFiles/XHB.elf.dir/Core/Src/i2c.c.obj
LOAD CMakeFiles/XHB.elf.dir/Core/Src/main.c.obj
LOAD CMakeFiles/XHB.elf.dir/Core/Src/motor.c.obj
LOAD CMakeFiles/XHB.elf.dir/Core/Src/oled.c.obj
LOAD CMakeFiles/XHB.elf.dir/Core/Src/retarget.c.obj
LOAD CMakeFiles/XHB.elf.dir/Core/Src/stm32f4xx_hal_msp.c.obj
LOAD CMakeFiles/XHB.elf.dir/Core/Src/stm32f4xx_it.c.obj
LOAD CMakeFiles/XHB.elf.dir/Core/Src/syscalls.c.obj
LOAD CMakeFiles/XHB.elf.dir/Core/Src/sysmem.c.obj
LOAD CMakeFiles/XHB.elf.dir/Core/Src/system_stm32f4xx.c.obj
LOAD CMakeFiles/XHB.elf.dir/Core/Src/tim.c.obj
LOAD CMakeFiles/XHB.elf.dir/Core/Src/usart.c.obj
LOAD CMakeFiles/XHB.elf.dir/Core/Startup/startup_stm32f411ceux.s.obj
LOAD CMakeFiles/XHB.elf.dir/Drivers/STM32F4xx_HAL_Driver/Src/stm32f4xx_hal.c.obj
LOAD CMakeFiles/XHB.elf.dir/Drivers/STM32F4xx_HAL_Driver/Src/stm32f4xx_hal_cortex.c.obj
LOAD CMakeFiles/XHB.elf.dir/Drivers/STM32F4xx_HAL_Driver/Src/stm32f4xx_hal_dma.c.obj
LOAD CMakeFiles/XHB.elf.dir/Drivers/STM32F4xx_HAL_Driver/Src/stm32f4xx_hal_dma_ex.c.obj
LOAD CMakeFiles/XHB.elf.dir/Drivers/STM32F4xx_HAL_Driver/Src/stm32f4xx_hal_exti.c.obj
LOAD CMakeFiles/XHB.elf.dir/Drivers/STM32F4xx_HAL_Driver/Src/stm32f4xx_hal_flash.c.obj
LOAD CMakeFiles/XHB.elf.dir/Drivers/STM32F4xx_HAL_Driver/Src/stm32f4xx_hal_flash_ex.c.obj
LOAD CMakeFiles/XHB.elf.dir/Drivers/STM32F4xx_HAL_Driver/Src/stm32f4xx_hal_flash_ramfunc.c.obj
LOAD CMakeFiles/XHB.elf.dir/Drivers/STM32F4xx_HAL_Driver/Src/stm32f4xx_hal_gpio.c.obj
LOAD CMakeFiles/XHB.elf.dir/Drivers/STM32F4xx_HAL_Driver/Src/stm32f4xx_hal_i2c.c.obj
LOAD CMakeFiles/XHB.elf.dir/Drivers/STM32F4xx_HAL_Driver/Src/stm32f4xx_hal_i2c_ex.c.obj
LOAD CMakeFiles/XHB.elf.dir/Drivers/STM32F4xx_HAL_Driver/Src/stm32f4xx_hal_pwr.c.obj
LOAD CMakeFiles/XHB.elf.dir/Drivers/STM32F4xx_HAL_Driver/Src/stm32f4xx_hal_pwr_ex.c.obj
LOAD CMakeFiles/XHB.elf.dir/Drivers/STM32F4xx_HAL_Driver/Src/stm32f4xx_hal_rcc.c.obj
LOAD CMakeFiles/XHB.elf.dir/Drivers/STM32F4xx_HAL_Driver/Src/stm32f4xx_hal_rcc_ex.c.obj
LOAD CMakeFiles/XHB.elf.dir/Drivers/STM32F4xx_HAL_Driver/Src/stm32f4xx_hal_tim.c.obj
LOAD CMakeFiles/XHB.elf.dir/Drivers/STM32F4xx_HAL_Driver/Src/stm32f4xx_hal_tim_ex.c.obj
LOAD CMakeFiles/XHB.elf.dir/Drivers/STM32F4xx_HAL_Driver/Src/stm32f4xx_hal_uart.c.obj
START GROUP
LOAD d:/12.3 rel1/bin/../lib/gcc/arm-none-eabi/12.3.1/thumb/v7e-m/nofp\libgcc.a
LOAD d:/12.3 rel1/bin/../lib/gcc/arm-none-eabi/12.3.1/thumb/v7e-m/nofp\libc.a
END GROUP
LOAD d:/12.3 rel1/bin/../lib/gcc/arm-none-eabi/12.3.1/thumb/v7e-m/nofp/crtend.o
LOAD d:/12.3 rel1/bin/../lib/gcc/arm-none-eabi/12.3.1/thumb/v7e-m/nofp/crtn.o
                0x20020000                        _estack = (ORIGIN (RAM) + LENGTH (RAM))
                0x00000200                        _Min_Heap_Size = 0x200
                0x00000400                        _Min_Stack_Size = 0x400

.isr_vector     0x08000000      0x198
                0x08000000                        . = ALIGN (0x4)
 *(.isr_vector)
 .isr_vector    0x08000000      0x198 CMakeFiles/XHB.elf.dir/Core/Startup/startup_stm32f411ceux.s.obj
                0x08000000                g_pfnVectors
                0x08000198                        . = ALIGN (0x4)

.text           0x08000198     0x5550
                0x08000198                        . = ALIGN (0x4)
 *(.text)
 .text          0x08000198       0x30 d:/12.3 rel1/bin/../lib/gcc/arm-none-eabi/12.3.1/thumb/v7e-m/nofp\libgcc.a(_aeabi_uldivmod.o)
                0x08000198                __aeabi_uldivmod
 .text          0x080001c8        0x4 d:/12.3 rel1/bin/../lib/gcc/arm-none-eabi/12.3.1/thumb/v7e-m/nofp\libgcc.a(_dvmd_tls.o)
                0x080001c8                __aeabi_idiv0
                0x080001c8                __aeabi_ldiv0
 *(.text*)
 .text.deregister_tm_clones
                0x080001cc       0x1c d:/12.3 rel1/bin/../lib/gcc/arm-none-eabi/12.3.1/thumb/v7e-m/nofp/crtbegin.o
 .text.register_tm_clones
                0x080001e8       0x24 d:/12.3 rel1/bin/../lib/gcc/arm-none-eabi/12.3.1/thumb/v7e-m/nofp/crtbegin.o
 .text.__do_global_dtors_aux
                0x0800020c       0x28 d:/12.3 rel1/bin/../lib/gcc/arm-none-eabi/12.3.1/thumb/v7e-m/nofp/crtbegin.o
 .text.frame_dummy
                0x08000234       0x24 d:/12.3 rel1/bin/../lib/gcc/arm-none-eabi/12.3.1/thumb/v7e-m/nofp/crtbegin.o
 .text.GreySensor_Init
                0x08000258        0xc CMakeFiles/XHB.elf.dir/Core/Src/GreySensor.c.obj
                0x08000258                GreySensor_Init
 .text.GreySensor_Update
                0x08000264       0xa4 CMakeFiles/XHB.elf.dir/Core/Src/GreySensor.c.obj
                0x08000264                GreySensor_Update
 .text.GreySensor_GetADC
                0x08000308       0x7c CMakeFiles/XHB.elf.dir/Core/Src/GreySensor.c.obj
                0x08000308                GreySensor_GetADC
 .text.UltraSound_Init
                0x08000384       0x14 CMakeFiles/XHB.elf.dir/Core/Src/UltraSound.c.obj
                0x08000384                UltraSound_Init
 .text.MX_GPIO_Init
                0x08000398       0xc8 CMakeFiles/XHB.elf.dir/Core/Src/gpio.c.obj
                0x08000398                MX_GPIO_Init
 .text.MX_I2C1_Init
                0x08000460       0x3c CMakeFiles/XHB.elf.dir/Core/Src/i2c.c.obj
                0x08000460                MX_I2C1_Init
 .text.HAL_I2C_MspInit
                0x0800049c       0x70 CMakeFiles/XHB.elf.dir/Core/Src/i2c.c.obj
                0x0800049c                HAL_I2C_MspInit
 .text.HAL_I2C_MspDeInit
                0x0800050c       0x38 CMakeFiles/XHB.elf.dir/Core/Src/i2c.c.obj
                0x0800050c                HAL_I2C_MspDeInit
 .text.SystemClock_Config
                0x08000544       0xa0 CMakeFiles/XHB.elf.dir/Core/Src/main.c.obj
                0x08000544                SystemClock_Config
 .text.startup.main
                0x080005e4       0xc0 CMakeFiles/XHB.elf.dir/Core/Src/main.c.obj
                0x080005e4                main
 .text.HAL_UART_RxCpltCallback
                0x080006a4       0x18 CMakeFiles/XHB.elf.dir/Core/Src/main.c.obj
                0x080006a4                HAL_UART_RxCpltCallback
 .text.HAL_TIM_IC_CaptureCallback
                0x080006bc       0x54 CMakeFiles/XHB.elf.dir/Core/Src/main.c.obj
                0x080006bc                HAL_TIM_IC_CaptureCallback
 .text.Error_Handler
                0x08000710        0x4 CMakeFiles/XHB.elf.dir/Core/Src/main.c.obj
                0x08000710                Error_Handler
 .text.IN1_2_SPD
                0x08000714       0x14 CMakeFiles/XHB.elf.dir/Core/Src/motor.c.obj
                0x08000714                IN1_2_SPD
 .text.IN3_4_SPD
                0x08000728       0x14 CMakeFiles/XHB.elf.dir/Core/Src/motor.c.obj
                0x08000728                IN3_4_SPD
 .text.INa_b_SPD
                0x0800073c       0x14 CMakeFiles/XHB.elf.dir/Core/Src/motor.c.obj
                0x0800073c                INa_b_SPD
 .text.INc_d_SPD
                0x08000750       0x14 CMakeFiles/XHB.elf.dir/Core/Src/motor.c.obj
                0x08000750                INc_d_SPD
 .text.IN_AI_Control
                0x08000764      0x1b4 CMakeFiles/XHB.elf.dir/Core/Src/motor.c.obj
                0x08000764                IN_AI_Control
 .text.OLED_WR_Byte.constprop.0
                0x08000918       0x80 CMakeFiles/XHB.elf.dir/Core/Src/oled.c.obj
 .text.OLED_ColorTurn
                0x08000998       0x8c CMakeFiles/XHB.elf.dir/Core/Src/oled.c.obj
                0x08000998                OLED_ColorTurn
 .text.OLED_SetBrightness
                0x08000a24       0x84 CMakeFiles/XHB.elf.dir/Core/Src/oled.c.obj
                0x08000a24                OLED_SetBrightness
 .text.OLED_DisplayTurn
                0x08000aa8       0xa0 CMakeFiles/XHB.elf.dir/Core/Src/oled.c.obj
                0x08000aa8                OLED_DisplayTurn
 .text.OLED_Refresh
                0x08000b48      0x1f4 CMakeFiles/XHB.elf.dir/Core/Src/oled.c.obj
                0x08000b48                OLED_Refresh
 .text.OLED_Init
                0x08000d3c      0x15c CMakeFiles/XHB.elf.dir/Core/Src/oled.c.obj
                0x08000d3c                OLED_Init
 .text.RetargetInit
                0x08000e98       0x24 CMakeFiles/XHB.elf.dir/Core/Src/retarget.c.obj
                0x08000e98                RetargetInit
 .text._isatty  0x08000ebc       0x18 CMakeFiles/XHB.elf.dir/Core/Src/retarget.c.obj
                0x08000ebc                _isatty
 .text._write   0x08000ed4       0x34 CMakeFiles/XHB.elf.dir/Core/Src/retarget.c.obj
                0x08000ed4                _write
 .text._close   0x08000f08       0x18 CMakeFiles/XHB.elf.dir/Core/Src/retarget.c.obj
                0x08000f08                _close
 .text._lseek   0x08000f20       0x10 CMakeFiles/XHB.elf.dir/Core/Src/retarget.c.obj
                0x08000f20                _lseek
 .text._read    0x08000f30       0x30 CMakeFiles/XHB.elf.dir/Core/Src/retarget.c.obj
                0x08000f30                _read
 .text._fstat   0x08000f60       0x1c CMakeFiles/XHB.elf.dir/Core/Src/retarget.c.obj
                0x08000f60                _fstat
 .text.HAL_MspInit
                0x08000f7c       0x38 CMakeFiles/XHB.elf.dir/Core/Src/stm32f4xx_hal_msp.c.obj
                0x08000f7c                HAL_MspInit
 .text.NMI_Handler
                0x08000fb4        0x4 CMakeFiles/XHB.elf.dir/Core/Src/stm32f4xx_it.c.obj
                0x08000fb4                NMI_Handler
 .text.HardFault_Handler
                0x08000fb8        0x4 CMakeFiles/XHB.elf.dir/Core/Src/stm32f4xx_it.c.obj
                0x08000fb8                HardFault_Handler
 .text.MemManage_Handler
                0x08000fbc        0x4 CMakeFiles/XHB.elf.dir/Core/Src/stm32f4xx_it.c.obj
                0x08000fbc                MemManage_Handler
 .text.BusFault_Handler
                0x08000fc0        0x4 CMakeFiles/XHB.elf.dir/Core/Src/stm32f4xx_it.c.obj
                0x08000fc0                BusFault_Handler
 .text.UsageFault_Handler
                0x08000fc4        0x4 CMakeFiles/XHB.elf.dir/Core/Src/stm32f4xx_it.c.obj
                0x08000fc4                UsageFault_Handler
 .text.SVC_Handler
                0x08000fc8        0x4 CMakeFiles/XHB.elf.dir/Core/Src/stm32f4xx_it.c.obj
                0x08000fc8                SVC_Handler
 .text.DebugMon_Handler
                0x08000fcc        0x4 CMakeFiles/XHB.elf.dir/Core/Src/stm32f4xx_it.c.obj
                0x08000fcc                DebugMon_Handler
 .text.PendSV_Handler
                0x08000fd0        0x4 CMakeFiles/XHB.elf.dir/Core/Src/stm32f4xx_it.c.obj
                0x08000fd0                PendSV_Handler
 .text.SysTick_Handler
                0x08000fd4        0x4 CMakeFiles/XHB.elf.dir/Core/Src/stm32f4xx_it.c.obj
                0x08000fd4                SysTick_Handler
 .text.TIM1_BRK_TIM9_IRQHandler
                0x08000fd8        0xc CMakeFiles/XHB.elf.dir/Core/Src/stm32f4xx_it.c.obj
                0x08000fd8                TIM1_BRK_TIM9_IRQHandler
 .text.TIM1_UP_TIM10_IRQHandler
                0x08000fe4        0xc CMakeFiles/XHB.elf.dir/Core/Src/stm32f4xx_it.c.obj
                0x08000fe4                TIM1_UP_TIM10_IRQHandler
 .text.TIM1_TRG_COM_TIM11_IRQHandler
                0x08000ff0        0xc CMakeFiles/XHB.elf.dir/Core/Src/stm32f4xx_it.c.obj
                0x08000ff0                TIM1_TRG_COM_TIM11_IRQHandler
 .text.TIM1_CC_IRQHandler
                0x08000ffc        0xc CMakeFiles/XHB.elf.dir/Core/Src/stm32f4xx_it.c.obj
                0x08000ffc                TIM1_CC_IRQHandler
 .text.TIM2_IRQHandler
                0x08001008        0xc CMakeFiles/XHB.elf.dir/Core/Src/stm32f4xx_it.c.obj
                0x08001008                TIM2_IRQHandler
 .text.TIM3_IRQHandler
                0x08001014        0xc CMakeFiles/XHB.elf.dir/Core/Src/stm32f4xx_it.c.obj
                0x08001014                TIM3_IRQHandler
 .text.USART2_IRQHandler
                0x08001020        0xc CMakeFiles/XHB.elf.dir/Core/Src/stm32f4xx_it.c.obj
                0x08001020                USART2_IRQHandler
 .text._sbrk    0x0800102c       0x44 CMakeFiles/XHB.elf.dir/Core/Src/sysmem.c.obj
                0x0800102c                _sbrk
 .text.SystemInit
                0x08001070        0x4 CMakeFiles/XHB.elf.dir/Core/Src/system_stm32f4xx.c.obj
                0x08001070                SystemInit
 .text.MX_TIM1_Init
                0x08001074       0xec CMakeFiles/XHB.elf.dir/Core/Src/tim.c.obj
                0x08001074                MX_TIM1_Init
 .text.HAL_TIM_Base_MspInit
                0x08001160      0x110 CMakeFiles/XHB.elf.dir/Core/Src/tim.c.obj
                0x08001160                HAL_TIM_Base_MspInit
 .text.HAL_TIM_MspPostInit
                0x08001270       0xbc CMakeFiles/XHB.elf.dir/Core/Src/tim.c.obj
                0x08001270                HAL_TIM_MspPostInit
 .text.MX_TIM2_Init
                0x0800132c       0xe0 CMakeFiles/XHB.elf.dir/Core/Src/tim.c.obj
                0x0800132c                MX_TIM2_Init
 .text.MX_TIM3_Init
                0x0800140c      0x11c CMakeFiles/XHB.elf.dir/Core/Src/tim.c.obj
                0x0800140c                MX_TIM3_Init
 .text.MX_USART2_UART_Init
                0x08001528       0x38 CMakeFiles/XHB.elf.dir/Core/Src/usart.c.obj
                0x08001528                MX_USART2_UART_Init
 .text.HAL_UART_MspInit
                0x08001560       0x7c CMakeFiles/XHB.elf.dir/Core/Src/usart.c.obj
                0x08001560                HAL_UART_MspInit
 .text.Reset_Handler
                0x080015dc       0x50 CMakeFiles/XHB.elf.dir/Core/Startup/startup_stm32f411ceux.s.obj
                0x080015dc                Reset_Handler
 .text.Default_Handler
                0x0800162c        0x2 CMakeFiles/XHB.elf.dir/Core/Startup/startup_stm32f411ceux.s.obj
                0x0800162c                RTC_Alarm_IRQHandler
                0x0800162c                EXTI2_IRQHandler
                0x0800162c                SPI4_IRQHandler
                0x0800162c                DMA2_Stream5_IRQHandler
                0x0800162c                DMA1_Stream5_IRQHandler
                0x0800162c                PVD_IRQHandler
                0x0800162c                SDIO_IRQHandler
                0x0800162c                TAMP_STAMP_IRQHandler
                0x0800162c                EXTI3_IRQHandler
                0x0800162c                I2C3_ER_IRQHandler
                0x0800162c                EXTI0_IRQHandler
                0x0800162c                I2C2_EV_IRQHandler
                0x0800162c                DMA1_Stream2_IRQHandler
                0x0800162c                FPU_IRQHandler
                0x0800162c                DMA2_Stream2_IRQHandler
                0x0800162c                SPI1_IRQHandler
                0x0800162c                DMA2_Stream3_IRQHandler
                0x0800162c                USART6_IRQHandler
                0x0800162c                DMA2_Stream0_IRQHandler
                0x0800162c                TIM4_IRQHandler
                0x0800162c                I2C1_EV_IRQHandler
                0x0800162c                DMA1_Stream6_IRQHandler
                0x0800162c                DMA1_Stream1_IRQHandler
                0x0800162c                RCC_IRQHandler
                0x0800162c                Default_Handler
                0x0800162c                EXTI15_10_IRQHandler
                0x0800162c                ADC_IRQHandler
                0x0800162c                DMA1_Stream7_IRQHandler
                0x0800162c                SPI5_IRQHandler
                0x0800162c                TIM5_IRQHandler
                0x0800162c                DMA2_Stream7_IRQHandler
                0x0800162c                I2C3_EV_IRQHandler
                0x0800162c                EXTI9_5_IRQHandler
                0x0800162c                RTC_WKUP_IRQHandler
                0x0800162c                SPI2_IRQHandler
                0x0800162c                DMA1_Stream0_IRQHandler
                0x0800162c                EXTI4_IRQHandler
                0x0800162c                WWDG_IRQHandler
                0x0800162c                OTG_FS_WKUP_IRQHandler
                0x0800162c                EXTI1_IRQHandler
                0x0800162c                I2C2_ER_IRQHandler
                0x0800162c                DMA2_Stream1_IRQHandler
                0x0800162c                FLASH_IRQHandler
                0x0800162c                DMA2_Stream4_IRQHandler
                0x0800162c                USART1_IRQHandler
                0x0800162c                OTG_FS_IRQHandler
                0x0800162c                SPI3_IRQHandler
                0x0800162c                DMA1_Stream4_IRQHandler
                0x0800162c                I2C1_ER_IRQHandler
                0x0800162c                DMA2_Stream6_IRQHandler
                0x0800162c                DMA1_Stream3_IRQHandler
 *fill*         0x0800162e        0x2 
 .text.HAL_InitTick
                0x08001630       0x48 CMakeFiles/XHB.elf.dir/Drivers/STM32F4xx_HAL_Driver/Src/stm32f4xx_hal.c.obj
                0x08001630                HAL_InitTick
 .text.HAL_Init
                0x08001678       0x34 CMakeFiles/XHB.elf.dir/Drivers/STM32F4xx_HAL_Driver/Src/stm32f4xx_hal.c.obj
                0x08001678                HAL_Init
 .text.HAL_IncTick
                0x080016ac       0x18 CMakeFiles/XHB.elf.dir/Drivers/STM32F4xx_HAL_Driver/Src/stm32f4xx_hal.c.obj
                0x080016ac                HAL_IncTick
 .text.HAL_GetTick
                0x080016c4        0xc CMakeFiles/XHB.elf.dir/Drivers/STM32F4xx_HAL_Driver/Src/stm32f4xx_hal.c.obj
                0x080016c4                HAL_GetTick
 .text.HAL_Delay
                0x080016d0       0x24 CMakeFiles/XHB.elf.dir/Drivers/STM32F4xx_HAL_Driver/Src/stm32f4xx_hal.c.obj
                0x080016d0                HAL_Delay
 .text.HAL_NVIC_SetPriorityGrouping
                0x080016f4       0x24 CMakeFiles/XHB.elf.dir/Drivers/STM32F4xx_HAL_Driver/Src/stm32f4xx_hal_cortex.c.obj
                0x080016f4                HAL_NVIC_SetPriorityGrouping
 .text.HAL_NVIC_SetPriority
                0x08001718       0x78 CMakeFiles/XHB.elf.dir/Drivers/STM32F4xx_HAL_Driver/Src/stm32f4xx_hal_cortex.c.obj
                0x08001718                HAL_NVIC_SetPriority
 .text.HAL_NVIC_EnableIRQ
                0x08001790       0x1c CMakeFiles/XHB.elf.dir/Drivers/STM32F4xx_HAL_Driver/Src/stm32f4xx_hal_cortex.c.obj
                0x08001790                HAL_NVIC_EnableIRQ
 .text.HAL_SYSTICK_Config
                0x080017ac       0x30 CMakeFiles/XHB.elf.dir/Drivers/STM32F4xx_HAL_Driver/Src/stm32f4xx_hal_cortex.c.obj
                0x080017ac                HAL_SYSTICK_Config
 .text.HAL_DMA_Abort
                0x080017dc       0x94 CMakeFiles/XHB.elf.dir/Drivers/STM32F4xx_HAL_Driver/Src/stm32f4xx_hal_dma.c.obj
                0x080017dc                HAL_DMA_Abort
 .text.HAL_DMA_Abort_IT
                0x08001870       0x24 CMakeFiles/XHB.elf.dir/Drivers/STM32F4xx_HAL_Driver/Src/stm32f4xx_hal_dma.c.obj
                0x08001870                HAL_DMA_Abort_IT
 .text.HAL_GPIO_Init
                0x08001894      0x1e8 CMakeFiles/XHB.elf.dir/Drivers/STM32F4xx_HAL_Driver/Src/stm32f4xx_hal_gpio.c.obj
                0x08001894                HAL_GPIO_Init
 .text.HAL_GPIO_DeInit
                0x08001a7c      0x128 CMakeFiles/XHB.elf.dir/Drivers/STM32F4xx_HAL_Driver/Src/stm32f4xx_hal_gpio.c.obj
                0x08001a7c                HAL_GPIO_DeInit
 .text.HAL_GPIO_ReadPin
                0x08001ba4        0xc CMakeFiles/XHB.elf.dir/Drivers/STM32F4xx_HAL_Driver/Src/stm32f4xx_hal_gpio.c.obj
                0x08001ba4                HAL_GPIO_ReadPin
 .text.HAL_GPIO_WritePin
                0x08001bb0        0x8 CMakeFiles/XHB.elf.dir/Drivers/STM32F4xx_HAL_Driver/Src/stm32f4xx_hal_gpio.c.obj
                0x08001bb0                HAL_GPIO_WritePin
 .text.HAL_GPIO_TogglePin
                0x08001bb8       0x14 CMakeFiles/XHB.elf.dir/Drivers/STM32F4xx_HAL_Driver/Src/stm32f4xx_hal_gpio.c.obj
                0x08001bb8                HAL_GPIO_TogglePin
 .text.I2C_RequestMemoryWrite
                0x08001bcc      0x1d0 CMakeFiles/XHB.elf.dir/Drivers/STM32F4xx_HAL_Driver/Src/stm32f4xx_hal_i2c.c.obj
 .text.HAL_I2C_Init
                0x08001d9c      0x190 CMakeFiles/XHB.elf.dir/Drivers/STM32F4xx_HAL_Driver/Src/stm32f4xx_hal_i2c.c.obj
                0x08001d9c                HAL_I2C_Init
 .text.HAL_I2C_DeInit
                0x08001f2c       0x34 CMakeFiles/XHB.elf.dir/Drivers/STM32F4xx_HAL_Driver/Src/stm32f4xx_hal_i2c.c.obj
                0x08001f2c                HAL_I2C_DeInit
 .text.HAL_I2C_Master_Transmit
                0x08001f60      0x31c CMakeFiles/XHB.elf.dir/Drivers/STM32F4xx_HAL_Driver/Src/stm32f4xx_hal_i2c.c.obj
                0x08001f60                HAL_I2C_Master_Transmit
 .text.HAL_I2C_Mem_Write
                0x0800227c      0x1e4 CMakeFiles/XHB.elf.dir/Drivers/STM32F4xx_HAL_Driver/Src/stm32f4xx_hal_i2c.c.obj
                0x0800227c                HAL_I2C_Mem_Write
 .text.HAL_RCC_OscConfig
                0x08002460      0x3c4 CMakeFiles/XHB.elf.dir/Drivers/STM32F4xx_HAL_Driver/Src/stm32f4xx_hal_rcc.c.obj
                0x08002460                HAL_RCC_OscConfig
 .text.HAL_RCC_GetSysClockFreq
                0x08002824       0x68 CMakeFiles/XHB.elf.dir/Drivers/STM32F4xx_HAL_Driver/Src/stm32f4xx_hal_rcc.c.obj
                0x08002824                HAL_RCC_GetSysClockFreq
 .text.HAL_RCC_ClockConfig
                0x0800288c      0x13c CMakeFiles/XHB.elf.dir/Drivers/STM32F4xx_HAL_Driver/Src/stm32f4xx_hal_rcc.c.obj
                0x0800288c                HAL_RCC_ClockConfig
 .text.HAL_RCC_GetPCLK1Freq
                0x080029c8       0x20 CMakeFiles/XHB.elf.dir/Drivers/STM32F4xx_HAL_Driver/Src/stm32f4xx_hal_rcc.c.obj
                0x080029c8                HAL_RCC_GetPCLK1Freq
 .text.HAL_RCC_GetPCLK2Freq
                0x080029e8       0x20 CMakeFiles/XHB.elf.dir/Drivers/STM32F4xx_HAL_Driver/Src/stm32f4xx_hal_rcc.c.obj
                0x080029e8                HAL_RCC_GetPCLK2Freq
 .text.HAL_TIM_Base_Init
                0x08002a08       0xe4 CMakeFiles/XHB.elf.dir/Drivers/STM32F4xx_HAL_Driver/Src/stm32f4xx_hal_tim.c.obj
                0x08002a08                HAL_TIM_Base_Init
 .text.HAL_TIM_PWM_MspInit
                0x08002aec        0x4 CMakeFiles/XHB.elf.dir/Drivers/STM32F4xx_HAL_Driver/Src/stm32f4xx_hal_tim.c.obj
                0x08002aec                HAL_TIM_PWM_MspInit
 .text.HAL_TIM_PWM_Init
                0x08002af0       0xe4 CMakeFiles/XHB.elf.dir/Drivers/STM32F4xx_HAL_Driver/Src/stm32f4xx_hal_tim.c.obj
                0x08002af0                HAL_TIM_PWM_Init
 .text.HAL_TIM_PWM_Start
                0x08002bd4       0xb8 CMakeFiles/XHB.elf.dir/Drivers/STM32F4xx_HAL_Driver/Src/stm32f4xx_hal_tim.c.obj
                0x08002bd4                HAL_TIM_PWM_Start
 .text.HAL_TIM_IC_MspInit
                0x08002c8c        0x4 CMakeFiles/XHB.elf.dir/Drivers/STM32F4xx_HAL_Driver/Src/stm32f4xx_hal_tim.c.obj
                0x08002c8c                HAL_TIM_IC_MspInit
 .text.HAL_TIM_IC_Init
                0x08002c90       0xe4 CMakeFiles/XHB.elf.dir/Drivers/STM32F4xx_HAL_Driver/Src/stm32f4xx_hal_tim.c.obj
                0x08002c90                HAL_TIM_IC_Init
 .text.HAL_TIM_IC_Start
                0x08002d74      0x100 CMakeFiles/XHB.elf.dir/Drivers/STM32F4xx_HAL_Driver/Src/stm32f4xx_hal_tim.c.obj
                0x08002d74                HAL_TIM_IC_Start
 .text.HAL_TIM_IC_Stop
                0x08002e74       0x78 CMakeFiles/XHB.elf.dir/Drivers/STM32F4xx_HAL_Driver/Src/stm32f4xx_hal_tim.c.obj
                0x08002e74                HAL_TIM_IC_Stop
 .text.HAL_TIM_IC_Start_IT
                0x08002eec      0x110 CMakeFiles/XHB.elf.dir/Drivers/STM32F4xx_HAL_Driver/Src/stm32f4xx_hal_tim.c.obj
                0x08002eec                HAL_TIM_IC_Start_IT
 .text.HAL_TIM_IC_ConfigChannel
                0x08002ffc      0x198 CMakeFiles/XHB.elf.dir/Drivers/STM32F4xx_HAL_Driver/Src/stm32f4xx_hal_tim.c.obj
                0x08002ffc                HAL_TIM_IC_ConfigChannel
 .text.HAL_TIM_PWM_ConfigChannel
                0x08003194      0x1e4 CMakeFiles/XHB.elf.dir/Drivers/STM32F4xx_HAL_Driver/Src/stm32f4xx_hal_tim.c.obj
                0x08003194                HAL_TIM_PWM_ConfigChannel
 .text.HAL_TIM_ConfigClockSource
                0x08003378      0x154 CMakeFiles/XHB.elf.dir/Drivers/STM32F4xx_HAL_Driver/Src/stm32f4xx_hal_tim.c.obj
                0x08003378                HAL_TIM_ConfigClockSource
 .text.HAL_TIM_PeriodElapsedCallback
                0x080034cc        0x4 CMakeFiles/XHB.elf.dir/Drivers/STM32F4xx_HAL_Driver/Src/stm32f4xx_hal_tim.c.obj
                0x080034cc                HAL_TIM_PeriodElapsedCallback
 .text.HAL_TIM_OC_DelayElapsedCallback
                0x080034d0        0x4 CMakeFiles/XHB.elf.dir/Drivers/STM32F4xx_HAL_Driver/Src/stm32f4xx_hal_tim.c.obj
                0x080034d0                HAL_TIM_OC_DelayElapsedCallback
 .text.HAL_TIM_PWM_PulseFinishedCallback
                0x080034d4        0x4 CMakeFiles/XHB.elf.dir/Drivers/STM32F4xx_HAL_Driver/Src/stm32f4xx_hal_tim.c.obj
                0x080034d4                HAL_TIM_PWM_PulseFinishedCallback
 .text.HAL_TIM_TriggerCallback
                0x080034d8        0x4 CMakeFiles/XHB.elf.dir/Drivers/STM32F4xx_HAL_Driver/Src/stm32f4xx_hal_tim.c.obj
                0x080034d8                HAL_TIM_TriggerCallback
 .text.HAL_TIM_IRQHandler
                0x080034dc      0x154 CMakeFiles/XHB.elf.dir/Drivers/STM32F4xx_HAL_Driver/Src/stm32f4xx_hal_tim.c.obj
                0x080034dc                HAL_TIM_IRQHandler
 .text.HAL_TIMEx_MasterConfigSynchronization
                0x08003630       0x70 CMakeFiles/XHB.elf.dir/Drivers/STM32F4xx_HAL_Driver/Src/stm32f4xx_hal_tim_ex.c.obj
                0x08003630                HAL_TIMEx_MasterConfigSynchronization
 .text.HAL_TIMEx_ConfigBreakDeadTime
                0x080036a0       0x54 CMakeFiles/XHB.elf.dir/Drivers/STM32F4xx_HAL_Driver/Src/stm32f4xx_hal_tim_ex.c.obj
                0x080036a0                HAL_TIMEx_ConfigBreakDeadTime
 .text.HAL_TIMEx_CommutCallback
                0x080036f4        0x4 CMakeFiles/XHB.elf.dir/Drivers/STM32F4xx_HAL_Driver/Src/stm32f4xx_hal_tim_ex.c.obj
                0x080036f4                HAL_TIMEx_CommutCallback
 .text.HAL_TIMEx_BreakCallback
                0x080036f8        0x4 CMakeFiles/XHB.elf.dir/Drivers/STM32F4xx_HAL_Driver/Src/stm32f4xx_hal_tim_ex.c.obj
                0x080036f8                HAL_TIMEx_BreakCallback
 .text.HAL_UART_Init
                0x080036fc      0x124 CMakeFiles/XHB.elf.dir/Drivers/STM32F4xx_HAL_Driver/Src/stm32f4xx_hal_uart.c.obj
                0x080036fc                HAL_UART_Init
 .text.HAL_UART_Transmit
                0x08003820      0x160 CMakeFiles/XHB.elf.dir/Drivers/STM32F4xx_HAL_Driver/Src/stm32f4xx_hal_uart.c.obj
                0x08003820                HAL_UART_Transmit
 .text.HAL_UART_Receive
                0x08003980      0x130 CMakeFiles/XHB.elf.dir/Drivers/STM32F4xx_HAL_Driver/Src/stm32f4xx_hal_uart.c.obj
                0x08003980                HAL_UART_Receive
 .text.HAL_UART_Receive_IT
                0x08003ab0       0x58 CMakeFiles/XHB.elf.dir/Drivers/STM32F4xx_HAL_Driver/Src/stm32f4xx_hal_uart.c.obj
                0x08003ab0                HAL_UART_Receive_IT
 .text.HAL_UART_TxCpltCallback
                0x08003b08        0x4 CMakeFiles/XHB.elf.dir/Drivers/STM32F4xx_HAL_Driver/Src/stm32f4xx_hal_uart.c.obj
                0x08003b08                HAL_UART_TxCpltCallback
 .text.HAL_UART_ErrorCallback
                0x08003b0c        0x4 CMakeFiles/XHB.elf.dir/Drivers/STM32F4xx_HAL_Driver/Src/stm32f4xx_hal_uart.c.obj
                0x08003b0c                HAL_UART_ErrorCallback
 .text.UART_DMAAbortOnError
                0x08003b10       0x10 CMakeFiles/XHB.elf.dir/Drivers/STM32F4xx_HAL_Driver/Src/stm32f4xx_hal_uart.c.obj
 .text.HAL_UARTEx_RxEventCallback
                0x08003b20        0x4 CMakeFiles/XHB.elf.dir/Drivers/STM32F4xx_HAL_Driver/Src/stm32f4xx_hal_uart.c.obj
                0x08003b20                HAL_UARTEx_RxEventCallback
 .text.UART_Receive_IT.part.0.isra.0
                0x08003b24       0xbc CMakeFiles/XHB.elf.dir/Drivers/STM32F4xx_HAL_Driver/Src/stm32f4xx_hal_uart.c.obj
 .text.HAL_UART_IRQHandler
                0x08003be0      0x350 CMakeFiles/XHB.elf.dir/Drivers/STM32F4xx_HAL_Driver/Src/stm32f4xx_hal_uart.c.obj
                0x08003be0                HAL_UART_IRQHandler
 .text.__udivmoddi4
                0x08003f30      0x2bc d:/12.3 rel1/bin/../lib/gcc/arm-none-eabi/12.3.1/thumb/v7e-m/nofp\libgcc.a(_udivmoddi4.o)
                0x08003f30                __udivmoddi4
 .text.stdio_exit_handler
                0x080041ec       0x18 d:/12.3 rel1/bin/../lib/gcc/arm-none-eabi/12.3.1/thumb/v7e-m/nofp\libc.a(libc_a-findfp.o)
 .text.cleanup_stdio
                0x08004204       0x40 d:/12.3 rel1/bin/../lib/gcc/arm-none-eabi/12.3.1/thumb/v7e-m/nofp\libc.a(libc_a-findfp.o)
 .text.global_stdio_init.part.0
                0x08004244       0xf0 d:/12.3 rel1/bin/../lib/gcc/arm-none-eabi/12.3.1/thumb/v7e-m/nofp\libc.a(libc_a-findfp.o)
 .text.__sinit  0x08004334       0x3c d:/12.3 rel1/bin/../lib/gcc/arm-none-eabi/12.3.1/thumb/v7e-m/nofp\libc.a(libc_a-findfp.o)
                0x08004334                __sinit
 .text.__sfp_lock_acquire
                0x08004370        0xc d:/12.3 rel1/bin/../lib/gcc/arm-none-eabi/12.3.1/thumb/v7e-m/nofp\libc.a(libc_a-findfp.o)
                0x08004370                __sfp_lock_acquire
 .text.__sfp_lock_release
                0x0800437c        0xc d:/12.3 rel1/bin/../lib/gcc/arm-none-eabi/12.3.1/thumb/v7e-m/nofp\libc.a(libc_a-findfp.o)
                0x0800437c                __sfp_lock_release
 .text._fwalk_sglue
                0x08004388       0x48 d:/12.3 rel1/bin/../lib/gcc/arm-none-eabi/12.3.1/thumb/v7e-m/nofp\libc.a(libc_a-fwalk.o)
                0x08004388                _fwalk_sglue
 .text.putchar  0x080043d0       0x10 d:/12.3 rel1/bin/../lib/gcc/arm-none-eabi/12.3.1/thumb/v7e-m/nofp\libc.a(libc_a-putchar.o)
                0x080043d0                putchar
 .text.setvbuf  0x080043e0      0x1a4 d:/12.3 rel1/bin/../lib/gcc/arm-none-eabi/12.3.1/thumb/v7e-m/nofp\libc.a(libc_a-setvbuf.o)
                0x080043e0                setvbuf
 .text.__sread  0x08004584       0x24 d:/12.3 rel1/bin/../lib/gcc/arm-none-eabi/12.3.1/thumb/v7e-m/nofp\libc.a(libc_a-stdio.o)
                0x08004584                __sread
 .text.__swrite
                0x080045a8       0x40 d:/12.3 rel1/bin/../lib/gcc/arm-none-eabi/12.3.1/thumb/v7e-m/nofp\libc.a(libc_a-stdio.o)
                0x080045a8                __swrite
 .text.__sseek  0x080045e8       0x24 d:/12.3 rel1/bin/../lib/gcc/arm-none-eabi/12.3.1/thumb/v7e-m/nofp\libc.a(libc_a-stdio.o)
                0x080045e8                __sseek
 .text.__sclose
                0x0800460c        0x8 d:/12.3 rel1/bin/../lib/gcc/arm-none-eabi/12.3.1/thumb/v7e-m/nofp\libc.a(libc_a-stdio.o)
                0x0800460c                __sclose
 .text.memset   0x08004614       0xa4 d:/12.3 rel1/bin/../lib/gcc/arm-none-eabi/12.3.1/thumb/v7e-m/nofp\libc.a(libc_a-memset.o)
                0x08004614                memset
 .text._close_r
                0x080046b8       0x24 d:/12.3 rel1/bin/../lib/gcc/arm-none-eabi/12.3.1/thumb/v7e-m/nofp\libc.a(libc_a-closer.o)
                0x080046b8                _close_r
 .text._lseek_r
                0x080046dc       0x2c d:/12.3 rel1/bin/../lib/gcc/arm-none-eabi/12.3.1/thumb/v7e-m/nofp\libc.a(libc_a-lseekr.o)
                0x080046dc                _lseek_r
 .text._read_r  0x08004708       0x2c d:/12.3 rel1/bin/../lib/gcc/arm-none-eabi/12.3.1/thumb/v7e-m/nofp\libc.a(libc_a-readr.o)
                0x08004708                _read_r
 .text._write_r
                0x08004734       0x2c d:/12.3 rel1/bin/../lib/gcc/arm-none-eabi/12.3.1/thumb/v7e-m/nofp\libc.a(libc_a-writer.o)
                0x08004734                _write_r
 .text.__errno  0x08004760        0xc d:/12.3 rel1/bin/../lib/gcc/arm-none-eabi/12.3.1/thumb/v7e-m/nofp\libc.a(libc_a-errno.o)
                0x08004760                __errno
 .text.__libc_init_array
                0x0800476c       0x50 d:/12.3 rel1/bin/../lib/gcc/arm-none-eabi/12.3.1/thumb/v7e-m/nofp\libc.a(libc_a-init.o)
                0x0800476c                __libc_init_array
 .text.__retarget_lock_init_recursive
                0x080047bc        0x4 d:/12.3 rel1/bin/../lib/gcc/arm-none-eabi/12.3.1/thumb/v7e-m/nofp\libc.a(libc_a-lock.o)
                0x080047bc                __retarget_lock_init_recursive
 .text.__retarget_lock_close_recursive
                0x080047c0        0x4 d:/12.3 rel1/bin/../lib/gcc/arm-none-eabi/12.3.1/thumb/v7e-m/nofp\libc.a(libc_a-lock.o)
                0x080047c0                __retarget_lock_close_recursive
 .text.__retarget_lock_acquire_recursive
                0x080047c4        0x4 d:/12.3 rel1/bin/../lib/gcc/arm-none-eabi/12.3.1/thumb/v7e-m/nofp\libc.a(libc_a-lock.o)
                0x080047c4                __retarget_lock_acquire_recursive
 .text.__retarget_lock_release_recursive
                0x080047c8        0x4 d:/12.3 rel1/bin/../lib/gcc/arm-none-eabi/12.3.1/thumb/v7e-m/nofp\libc.a(libc_a-lock.o)
                0x080047c8                __retarget_lock_release_recursive
 .text.startup.register_fini
                0x080047cc       0x14 d:/12.3 rel1/bin/../lib/gcc/arm-none-eabi/12.3.1/thumb/v7e-m/nofp\libc.a(libc_a-__call_atexit.o)
 .text.atexit   0x080047e0        0xc d:/12.3 rel1/bin/../lib/gcc/arm-none-eabi/12.3.1/thumb/v7e-m/nofp\libc.a(libc_a-atexit.o)
                0x080047e0                atexit
 .text._malloc_trim_r
                0x080047ec       0xb8 d:/12.3 rel1/bin/../lib/gcc/arm-none-eabi/12.3.1/thumb/v7e-m/nofp\libc.a(libc_a-freer.o)
                0x080047ec                _malloc_trim_r
 .text._free_r  0x080048a4      0x1fc d:/12.3 rel1/bin/../lib/gcc/arm-none-eabi/12.3.1/thumb/v7e-m/nofp\libc.a(libc_a-freer.o)
                0x080048a4                _free_r
 .text.malloc   0x08004aa0       0x10 d:/12.3 rel1/bin/../lib/gcc/arm-none-eabi/12.3.1/thumb/v7e-m/nofp\libc.a(libc_a-malloc.o)
                0x08004aa0                malloc
 .text._malloc_r
                0x08004ab0      0x574 d:/12.3 rel1/bin/../lib/gcc/arm-none-eabi/12.3.1/thumb/v7e-m/nofp\libc.a(libc_a-mallocr.o)
                0x08004ab0                _malloc_r
 .text.__malloc_lock
                0x08005024        0xc d:/12.3 rel1/bin/../lib/gcc/arm-none-eabi/12.3.1/thumb/v7e-m/nofp\libc.a(libc_a-mlock.o)
                0x08005024                __malloc_lock
 .text.__malloc_unlock
                0x08005030        0xc d:/12.3 rel1/bin/../lib/gcc/arm-none-eabi/12.3.1/thumb/v7e-m/nofp\libc.a(libc_a-mlock.o)
                0x08005030                __malloc_unlock
 .text._fclose_r
                0x0800503c       0xc0 d:/12.3 rel1/bin/../lib/gcc/arm-none-eabi/12.3.1/thumb/v7e-m/nofp\libc.a(libc_a-fclose.o)
                0x0800503c                _fclose_r
 .text.__sflush_r
                0x080050fc      0x128 d:/12.3 rel1/bin/../lib/gcc/arm-none-eabi/12.3.1/thumb/v7e-m/nofp\libc.a(libc_a-fflush.o)
                0x080050fc                __sflush_r
 .text._fflush_r
                0x08005224       0x54 d:/12.3 rel1/bin/../lib/gcc/arm-none-eabi/12.3.1/thumb/v7e-m/nofp\libc.a(libc_a-fflush.o)
                0x08005224                _fflush_r
 .text.__smakebuf_r
                0x08005278       0xdc d:/12.3 rel1/bin/../lib/gcc/arm-none-eabi/12.3.1/thumb/v7e-m/nofp\libc.a(libc_a-makebuf.o)
                0x08005278                __smakebuf_r
 .text.__swhatbuf_r
                0x08005354       0x60 d:/12.3 rel1/bin/../lib/gcc/arm-none-eabi/12.3.1/thumb/v7e-m/nofp\libc.a(libc_a-makebuf.o)
                0x08005354                __swhatbuf_r
 .text._putc_r  0x080053b4       0x78 d:/12.3 rel1/bin/../lib/gcc/arm-none-eabi/12.3.1/thumb/v7e-m/nofp\libc.a(libc_a-putc.o)
                0x080053b4                _putc_r
 .text.__swbuf_r
                0x0800542c       0xac d:/12.3 rel1/bin/../lib/gcc/arm-none-eabi/12.3.1/thumb/v7e-m/nofp\libc.a(libc_a-wbuf.o)
                0x0800542c                __swbuf_r
 .text.__swsetup_r
                0x080054d8       0xc0 d:/12.3 rel1/bin/../lib/gcc/arm-none-eabi/12.3.1/thumb/v7e-m/nofp\libc.a(libc_a-wsetup.o)
                0x080054d8                __swsetup_r
 .text._fstat_r
                0x08005598       0x2c d:/12.3 rel1/bin/../lib/gcc/arm-none-eabi/12.3.1/thumb/v7e-m/nofp\libc.a(libc_a-fstatr.o)
                0x08005598                _fstat_r
 .text._isatty_r
                0x080055c4       0x24 d:/12.3 rel1/bin/../lib/gcc/arm-none-eabi/12.3.1/thumb/v7e-m/nofp\libc.a(libc_a-isattyr.o)
                0x080055c4                _isatty_r
 .text._sbrk_r  0x080055e8       0x24 d:/12.3 rel1/bin/../lib/gcc/arm-none-eabi/12.3.1/thumb/v7e-m/nofp\libc.a(libc_a-sbrkr.o)
                0x080055e8                _sbrk_r
 .text.__libc_fini_array
                0x0800560c       0x28 d:/12.3 rel1/bin/../lib/gcc/arm-none-eabi/12.3.1/thumb/v7e-m/nofp\libc.a(libc_a-fini.o)
                0x0800560c                __libc_fini_array
 .text.sysconf  0x08005634       0x1c d:/12.3 rel1/bin/../lib/gcc/arm-none-eabi/12.3.1/thumb/v7e-m/nofp\libc.a(libc_a-sysconf.o)
                0x08005634                sysconf
 .text.__register_exitproc
                0x08005650       0x80 d:/12.3 rel1/bin/../lib/gcc/arm-none-eabi/12.3.1/thumb/v7e-m/nofp\libc.a(libc_a-__atexit.o)
                0x08005650                __register_exitproc
 *(.glue_7)
 .glue_7        0x080056d0        0x0 linker stubs
 *(.glue_7t)
 .glue_7t       0x080056d0        0x0 linker stubs
 *(.eh_frame)
 .eh_frame      0x080056d0        0x0 d:/12.3 rel1/bin/../lib/gcc/arm-none-eabi/12.3.1/thumb/v7e-m/nofp/crtbegin.o
 *(.init)
 .init          0x080056d0        0x4 d:/12.3 rel1/bin/../lib/gcc/arm-none-eabi/12.3.1/thumb/v7e-m/nofp/crti.o
                0x080056d0                _init
 .init          0x080056d4        0x8 d:/12.3 rel1/bin/../lib/gcc/arm-none-eabi/12.3.1/thumb/v7e-m/nofp/crtn.o
 *(.fini)
 .fini          0x080056dc        0x4 d:/12.3 rel1/bin/../lib/gcc/arm-none-eabi/12.3.1/thumb/v7e-m/nofp/crti.o
                0x080056dc                _fini
 .fini          0x080056e0        0x8 d:/12.3 rel1/bin/../lib/gcc/arm-none-eabi/12.3.1/thumb/v7e-m/nofp/crtn.o
                0x080056e8                        . = ALIGN (0x4)
                0x080056e8                        _etext = .

.vfp11_veneer   0x080056e8        0x0
 .vfp11_veneer  0x080056e8        0x0 linker stubs

.v4_bx          0x080056e8        0x0
 .v4_bx         0x080056e8        0x0 linker stubs

.iplt           0x080056e8        0x0
 .iplt          0x080056e8        0x0 d:/12.3 rel1/bin/../lib/gcc/arm-none-eabi/12.3.1/thumb/v7e-m/nofp/crtbegin.o

.rodata         0x080056e8       0x18
                0x080056e8                        . = ALIGN (0x4)
 *(.rodata)
 *(.rodata*)
 .rodata.APBPrescTable
                0x080056e8        0x8 CMakeFiles/XHB.elf.dir/Core/Src/system_stm32f4xx.c.obj
                0x080056e8                APBPrescTable
 .rodata.AHBPrescTable
                0x080056f0       0x10 CMakeFiles/XHB.elf.dir/Core/Src/system_stm32f4xx.c.obj
                0x080056f0                AHBPrescTable
                0x08005700                        . = ALIGN (0x4)

.ARM.extab      0x08005700        0x0
                0x08005700                        . = ALIGN (0x4)
 *(.ARM.extab* .gnu.linkonce.armextab.*)
                0x08005700                        . = ALIGN (0x4)

.ARM            0x08005700        0x8
                0x08005700                        . = ALIGN (0x4)
                0x08005700                        __exidx_start = .
 *(.ARM.exidx*)
 .ARM.exidx.text.__udivmoddi4
                0x08005700        0x8 d:/12.3 rel1/bin/../lib/gcc/arm-none-eabi/12.3.1/thumb/v7e-m/nofp\libgcc.a(_udivmoddi4.o)
                0x08005708                        __exidx_end = .
                0x08005708                        . = ALIGN (0x4)

.rel.dyn        0x08005708        0x0
 .rel.iplt      0x08005708        0x0 d:/12.3 rel1/bin/../lib/gcc/arm-none-eabi/12.3.1/thumb/v7e-m/nofp/crtbegin.o

.preinit_array  0x08005708        0x0
                0x08005708                        . = ALIGN (0x4)
                0x08005708                        PROVIDE (__preinit_array_start = .)
 *(.preinit_array*)
                0x08005708                        PROVIDE (__preinit_array_end = .)
                0x08005708                        . = ALIGN (0x4)

.init_array     0x08005708        0x8
                0x08005708                        . = ALIGN (0x4)
                0x08005708                        PROVIDE (__init_array_start = .)
 *(SORT_BY_NAME(.init_array.*))
 .init_array.00000
                0x08005708        0x4 d:/12.3 rel1/bin/../lib/gcc/arm-none-eabi/12.3.1/thumb/v7e-m/nofp\libc.a(libc_a-__call_atexit.o)
 *(.init_array*)
 .init_array    0x0800570c        0x4 d:/12.3 rel1/bin/../lib/gcc/arm-none-eabi/12.3.1/thumb/v7e-m/nofp/crtbegin.o
                0x08005710                        PROVIDE (__init_array_end = .)
                0x08005710                        . = ALIGN (0x4)

.fini_array     0x08005710        0x4
                0x08005710                        . = ALIGN (0x4)
                0x08005710                        PROVIDE (__fini_array_start = .)
 *(SORT_BY_NAME(.fini_array.*))
 *(.fini_array*)
 .fini_array    0x08005710        0x4 d:/12.3 rel1/bin/../lib/gcc/arm-none-eabi/12.3.1/thumb/v7e-m/nofp/crtbegin.o
                0x08005714                        PROVIDE (__fini_array_end = .)
                0x08005714                        . = ALIGN (0x4)
                0x08005714                        _sidata = LOADADDR (.data)

.data           0x20000000      0x558 load address 0x08005714
                0x20000000                        . = ALIGN (0x4)
                0x20000000                        _sdata = .
 *(.data)
 *(.data*)
 .data.SystemCoreClock
                0x20000000        0x4 CMakeFiles/XHB.elf.dir/Core/Src/system_stm32f4xx.c.obj
                0x20000000                SystemCoreClock
 .data.uwTickFreq
                0x20000004        0x1 CMakeFiles/XHB.elf.dir/Drivers/STM32F4xx_HAL_Driver/Src/stm32f4xx_hal.c.obj
                0x20000004                uwTickFreq
 *fill*         0x20000005        0x3 
 .data.uwTickPrio
                0x20000008        0x4 CMakeFiles/XHB.elf.dir/Drivers/STM32F4xx_HAL_Driver/Src/stm32f4xx_hal.c.obj
                0x20000008                uwTickPrio
 .data.__sglue  0x2000000c        0xc d:/12.3 rel1/bin/../lib/gcc/arm-none-eabi/12.3.1/thumb/v7e-m/nofp\libc.a(libc_a-findfp.o)
                0x2000000c                __sglue
 .data._impure_ptr
                0x20000018        0x4 d:/12.3 rel1/bin/../lib/gcc/arm-none-eabi/12.3.1/thumb/v7e-m/nofp\libc.a(libc_a-impure.o)
                0x20000018                _impure_ptr
 *fill*         0x2000001c        0x4 
 .data._impure_data
                0x20000020      0x120 d:/12.3 rel1/bin/../lib/gcc/arm-none-eabi/12.3.1/thumb/v7e-m/nofp\libc.a(libc_a-impure.o)
                0x20000020                _impure_data
 .data.__atexit_recursive_mutex
                0x20000140        0x4 d:/12.3 rel1/bin/../lib/gcc/arm-none-eabi/12.3.1/thumb/v7e-m/nofp\libc.a(libc_a-__call_atexit.o)
                0x20000140                __atexit_recursive_mutex
 .data.__malloc_sbrk_base
                0x20000144        0x4 d:/12.3 rel1/bin/../lib/gcc/arm-none-eabi/12.3.1/thumb/v7e-m/nofp\libc.a(libc_a-mallocr.o)
                0x20000144                __malloc_sbrk_base
 .data.__malloc_trim_threshold
                0x20000148        0x4 d:/12.3 rel1/bin/../lib/gcc/arm-none-eabi/12.3.1/thumb/v7e-m/nofp\libc.a(libc_a-mallocr.o)
                0x20000148                __malloc_trim_threshold
 *fill*         0x2000014c        0x4 
 .data.__malloc_av_
                0x20000150      0x408 d:/12.3 rel1/bin/../lib/gcc/arm-none-eabi/12.3.1/thumb/v7e-m/nofp\libc.a(libc_a-mallocr.o)
                0x20000150                __malloc_av_
 *(.RamFunc)
 *(.RamFunc*)
                0x20000558                        . = ALIGN (0x4)
                0x20000558                        _edata = .

.tm_clone_table
                0x20000558        0x0 load address 0x08005c6c
 .tm_clone_table
                0x20000558        0x0 d:/12.3 rel1/bin/../lib/gcc/arm-none-eabi/12.3.1/thumb/v7e-m/nofp/crtbegin.o
 .tm_clone_table
                0x20000558        0x0 d:/12.3 rel1/bin/../lib/gcc/arm-none-eabi/12.3.1/thumb/v7e-m/nofp/crtend.o

.igot.plt       0x20000558        0x0 load address 0x08005c6c
 .igot.plt      0x20000558        0x0 d:/12.3 rel1/bin/../lib/gcc/arm-none-eabi/12.3.1/thumb/v7e-m/nofp/crtbegin.o
                0x20000558                        . = ALIGN (0x4)

.bss            0x20000558      0x96c load address 0x08005c6c
                0x20000558                        _sbss = .
                0x20000558                        __bss_start__ = _sbss
 *(.bss)
 *(.bss*)
 .bss.completed.1
                0x20000558        0x1 d:/12.3 rel1/bin/../lib/gcc/arm-none-eabi/12.3.1/thumb/v7e-m/nofp/crtbegin.o
 *fill*         0x20000559        0x3 
 .bss.object.0  0x2000055c       0x18 d:/12.3 rel1/bin/../lib/gcc/arm-none-eabi/12.3.1/thumb/v7e-m/nofp/crtbegin.o
 .bss.pADC      0x20000574        0x4 CMakeFiles/XHB.elf.dir/Core/Src/GreySensor.c.obj
                0x20000574                pADC
 .bss.RET       0x20000578        0x2 CMakeFiles/XHB.elf.dir/Core/Src/GreySensor.c.obj
                0x20000578                RET
 *fill*         0x2000057a        0x2 
 .bss.ptr_flag  0x2000057c        0x4 CMakeFiles/XHB.elf.dir/Core/Src/UltraSound.c.obj
                0x2000057c                ptr_flag
 .bss.cnt       0x20000580        0x4 CMakeFiles/XHB.elf.dir/Core/Src/UltraSound.c.obj
                0x20000580                cnt
 *fill*         0x20000584        0x4 
 .bss.hi2c1     0x20000588       0x54 CMakeFiles/XHB.elf.dir/Core/Src/i2c.c.obj
                0x20000588                hi2c1
 .bss.flag      0x200005dc        0x1 CMakeFiles/XHB.elf.dir/Core/Src/main.c.obj
                0x200005dc                flag
 *fill*         0x200005dd        0x3 
 .bss.CNT       0x200005e0        0x4 CMakeFiles/XHB.elf.dir/Core/Src/main.c.obj
                0x200005e0                CNT
 .bss.UART_REC  0x200005e4        0x5 CMakeFiles/XHB.elf.dir/Core/Src/main.c.obj
                0x200005e4                UART_REC
 *fill*         0x200005e9        0x3 
 .bss.ADC_ARR   0x200005ec        0xe CMakeFiles/XHB.elf.dir/Core/Src/main.c.obj
                0x200005ec                ADC_ARR
 *fill*         0x200005fa        0x2 
 .bss.CNT_LEN   0x200005fc        0x4 CMakeFiles/XHB.elf.dir/Core/Src/motor.c.obj
                0x200005fc                CNT_LEN
 .bss.is_1ST_ADC_W
                0x20000600        0x1 CMakeFiles/XHB.elf.dir/Core/Src/motor.c.obj
                0x20000600                is_1ST_ADC_W
 .bss.is_1ST_ADC_B
                0x20000601        0x1 CMakeFiles/XHB.elf.dir/Core/Src/motor.c.obj
                0x20000601                is_1ST_ADC_B
 *fill*         0x20000602        0x2 
 .bss.OLED_GRAM
                0x20000604      0x480 CMakeFiles/XHB.elf.dir/Core/Src/oled.c.obj
                0x20000604                OLED_GRAM
 .bss.gHuart    0x20000a84        0x4 CMakeFiles/XHB.elf.dir/Core/Src/retarget.c.obj
                0x20000a84                gHuart
 .bss.__sbrk_heap_end
                0x20000a88        0x4 CMakeFiles/XHB.elf.dir/Core/Src/sysmem.c.obj
 .bss.htim3     0x20000a8c       0x48 CMakeFiles/XHB.elf.dir/Core/Src/tim.c.obj
                0x20000a8c                htim3
 .bss.htim2     0x20000ad4       0x48 CMakeFiles/XHB.elf.dir/Core/Src/tim.c.obj
                0x20000ad4                htim2
 *fill*         0x20000b1c        0x4 
 .bss.htim1     0x20000b20       0x48 CMakeFiles/XHB.elf.dir/Core/Src/tim.c.obj
                0x20000b20                htim1
 .bss.huart2    0x20000b68       0x44 CMakeFiles/XHB.elf.dir/Core/Src/usart.c.obj
                0x20000b68                huart2
 .bss.uwTick    0x20000bac        0x4 CMakeFiles/XHB.elf.dir/Drivers/STM32F4xx_HAL_Driver/Src/stm32f4xx_hal.c.obj
                0x20000bac                uwTick
 .bss.__sf      0x20000bb0      0x138 d:/12.3 rel1/bin/../lib/gcc/arm-none-eabi/12.3.1/thumb/v7e-m/nofp\libc.a(libc_a-findfp.o)
                0x20000bb0                __sf
 .bss.__stdio_exit_handler
                0x20000ce8        0x4 d:/12.3 rel1/bin/../lib/gcc/arm-none-eabi/12.3.1/thumb/v7e-m/nofp\libc.a(libc_a-findfp.o)
                0x20000ce8                __stdio_exit_handler
 .bss.errno     0x20000cec        0x4 d:/12.3 rel1/bin/../lib/gcc/arm-none-eabi/12.3.1/thumb/v7e-m/nofp\libc.a(libc_a-reent.o)
                0x20000cec                errno
 .bss.__lock___malloc_recursive_mutex
                0x20000cf0        0x1 d:/12.3 rel1/bin/../lib/gcc/arm-none-eabi/12.3.1/thumb/v7e-m/nofp\libc.a(libc_a-lock.o)
                0x20000cf0                __lock___malloc_recursive_mutex
 *fill*         0x20000cf1        0x3 
 .bss.__lock___atexit_recursive_mutex
                0x20000cf4        0x1 d:/12.3 rel1/bin/../lib/gcc/arm-none-eabi/12.3.1/thumb/v7e-m/nofp\libc.a(libc_a-lock.o)
                0x20000cf4                __lock___atexit_recursive_mutex
 *fill*         0x20000cf5        0x3 
 .bss.__lock___sfp_recursive_mutex
                0x20000cf8        0x1 d:/12.3 rel1/bin/../lib/gcc/arm-none-eabi/12.3.1/thumb/v7e-m/nofp\libc.a(libc_a-lock.o)
                0x20000cf8                __lock___sfp_recursive_mutex
 *fill*         0x20000cf9        0x3 
 .bss.__atexit  0x20000cfc        0x4 d:/12.3 rel1/bin/../lib/gcc/arm-none-eabi/12.3.1/thumb/v7e-m/nofp\libc.a(libc_a-__call_atexit.o)
                0x20000cfc                __atexit
 .bss.__malloc_current_mallinfo
                0x20000d00       0x28 d:/12.3 rel1/bin/../lib/gcc/arm-none-eabi/12.3.1/thumb/v7e-m/nofp\libc.a(libc_a-mallocr.o)
                0x20000d00                __malloc_current_mallinfo
 .bss.__malloc_max_total_mem
                0x20000d28        0x4 d:/12.3 rel1/bin/../lib/gcc/arm-none-eabi/12.3.1/thumb/v7e-m/nofp\libc.a(libc_a-mallocr.o)
                0x20000d28                __malloc_max_total_mem
 .bss.__malloc_max_sbrked_mem
                0x20000d2c        0x4 d:/12.3 rel1/bin/../lib/gcc/arm-none-eabi/12.3.1/thumb/v7e-m/nofp\libc.a(libc_a-mallocr.o)
                0x20000d2c                __malloc_max_sbrked_mem
 .bss.__malloc_top_pad
                0x20000d30        0x4 d:/12.3 rel1/bin/../lib/gcc/arm-none-eabi/12.3.1/thumb/v7e-m/nofp\libc.a(libc_a-mallocr.o)
                0x20000d30                __malloc_top_pad
 .bss.__atexit0
                0x20000d34      0x190 d:/12.3 rel1/bin/../lib/gcc/arm-none-eabi/12.3.1/thumb/v7e-m/nofp\libc.a(libc_a-__atexit.o)
                0x20000d34                __atexit0
 *(COMMON)
                0x20000ec4                        . = ALIGN (0x4)
                0x20000ec4                        _ebss = .
                0x20000ec4                        __bss_end__ = _ebss

._user_heap_stack
                0x20000ec4      0x604 load address 0x08005c6c
                0x20000ec8                        . = ALIGN (0x8)
 *fill*         0x20000ec4        0x4 
                [!provide]                        PROVIDE (end = .)
                0x20000ec8                        PROVIDE (_end = .)
                0x200010c8                        . = (. + _Min_Heap_Size)
 *fill*         0x20000ec8      0x200 
                0x200014c8                        . = (. + _Min_Stack_Size)
 *fill*         0x200010c8      0x400 
                0x200014c8                        . = ALIGN (0x8)

/DISCARD/
 libc.a(*)
 libm.a(*)
 libgcc.a(*)

.ARM.attributes
                0x00000000       0x2a
 *(.ARM.attributes)
 .ARM.attributes
                0x00000000       0x1e d:/12.3 rel1/bin/../lib/gcc/arm-none-eabi/12.3.1/thumb/v7e-m/nofp/crti.o
 .ARM.attributes
                0x0000001e       0x2e d:/12.3 rel1/bin/../lib/gcc/arm-none-eabi/12.3.1/thumb/v7e-m/nofp/crtbegin.o
 .ARM.attributes
                0x0000004c       0x2a CMakeFiles/XHB.elf.dir/Core/Src/GreySensor.c.obj
 .ARM.attributes
                0x00000076       0x2a CMakeFiles/XHB.elf.dir/Core/Src/UltraSound.c.obj
 .ARM.attributes
                0x000000a0       0x2a CMakeFiles/XHB.elf.dir/Core/Src/gpio.c.obj
 .ARM.attributes
                0x000000ca       0x2a CMakeFiles/XHB.elf.dir/Core/Src/i2c.c.obj
 .ARM.attributes
                0x000000f4       0x2a CMakeFiles/XHB.elf.dir/Core/Src/main.c.obj
 .ARM.attributes
                0x0000011e       0x2a CMakeFiles/XHB.elf.dir/Core/Src/motor.c.obj
 .ARM.attributes
                0x00000148       0x2a CMakeFiles/XHB.elf.dir/Core/Src/oled.c.obj
 .ARM.attributes
                0x00000172       0x2a CMakeFiles/XHB.elf.dir/Core/Src/retarget.c.obj
 .ARM.attributes
                0x0000019c       0x2a CMakeFiles/XHB.elf.dir/Core/Src/stm32f4xx_hal_msp.c.obj
 .ARM.attributes
                0x000001c6       0x2a CMakeFiles/XHB.elf.dir/Core/Src/stm32f4xx_it.c.obj
 .ARM.attributes
                0x000001f0       0x2a CMakeFiles/XHB.elf.dir/Core/Src/sysmem.c.obj
 .ARM.attributes
                0x0000021a       0x2a CMakeFiles/XHB.elf.dir/Core/Src/system_stm32f4xx.c.obj
 .ARM.attributes
                0x00000244       0x2a CMakeFiles/XHB.elf.dir/Core/Src/tim.c.obj
 .ARM.attributes
                0x0000026e       0x2a CMakeFiles/XHB.elf.dir/Core/Src/usart.c.obj
 .ARM.attributes
                0x00000298       0x21 CMakeFiles/XHB.elf.dir/Core/Startup/startup_stm32f411ceux.s.obj
 .ARM.attributes
                0x000002b9       0x2a CMakeFiles/XHB.elf.dir/Drivers/STM32F4xx_HAL_Driver/Src/stm32f4xx_hal.c.obj
 .ARM.attributes
                0x000002e3       0x2a CMakeFiles/XHB.elf.dir/Drivers/STM32F4xx_HAL_Driver/Src/stm32f4xx_hal_cortex.c.obj
 .ARM.attributes
                0x0000030d       0x2a CMakeFiles/XHB.elf.dir/Drivers/STM32F4xx_HAL_Driver/Src/stm32f4xx_hal_dma.c.obj
 .ARM.attributes
                0x00000337       0x2a CMakeFiles/XHB.elf.dir/Drivers/STM32F4xx_HAL_Driver/Src/stm32f4xx_hal_gpio.c.obj
 .ARM.attributes
                0x00000361       0x2a CMakeFiles/XHB.elf.dir/Drivers/STM32F4xx_HAL_Driver/Src/stm32f4xx_hal_i2c.c.obj
 .ARM.attributes
                0x0000038b       0x2a CMakeFiles/XHB.elf.dir/Drivers/STM32F4xx_HAL_Driver/Src/stm32f4xx_hal_rcc.c.obj
 .ARM.attributes
                0x000003b5       0x2a CMakeFiles/XHB.elf.dir/Drivers/STM32F4xx_HAL_Driver/Src/stm32f4xx_hal_tim.c.obj
 .ARM.attributes
                0x000003df       0x2a CMakeFiles/XHB.elf.dir/Drivers/STM32F4xx_HAL_Driver/Src/stm32f4xx_hal_tim_ex.c.obj
 .ARM.attributes
                0x00000409       0x2a CMakeFiles/XHB.elf.dir/Drivers/STM32F4xx_HAL_Driver/Src/stm32f4xx_hal_uart.c.obj
 .ARM.attributes
                0x00000433       0x1e d:/12.3 rel1/bin/../lib/gcc/arm-none-eabi/12.3.1/thumb/v7e-m/nofp\libgcc.a(_aeabi_uldivmod.o)
 .ARM.attributes
                0x00000451       0x2e d:/12.3 rel1/bin/../lib/gcc/arm-none-eabi/12.3.1/thumb/v7e-m/nofp\libgcc.a(_udivmoddi4.o)
 .ARM.attributes
                0x0000047f       0x1e d:/12.3 rel1/bin/../lib/gcc/arm-none-eabi/12.3.1/thumb/v7e-m/nofp\libgcc.a(_dvmd_tls.o)
 .ARM.attributes
                0x0000049d       0x2e d:/12.3 rel1/bin/../lib/gcc/arm-none-eabi/12.3.1/thumb/v7e-m/nofp\libc.a(libc_a-findfp.o)
 .ARM.attributes
                0x000004cb       0x2e d:/12.3 rel1/bin/../lib/gcc/arm-none-eabi/12.3.1/thumb/v7e-m/nofp\libc.a(libc_a-fwalk.o)
 .ARM.attributes
                0x000004f9       0x2e d:/12.3 rel1/bin/../lib/gcc/arm-none-eabi/12.3.1/thumb/v7e-m/nofp\libc.a(libc_a-putchar.o)
 .ARM.attributes
                0x00000527       0x2e d:/12.3 rel1/bin/../lib/gcc/arm-none-eabi/12.3.1/thumb/v7e-m/nofp\libc.a(libc_a-setvbuf.o)
 .ARM.attributes
                0x00000555       0x2e d:/12.3 rel1/bin/../lib/gcc/arm-none-eabi/12.3.1/thumb/v7e-m/nofp\libc.a(libc_a-stdio.o)
 .ARM.attributes
                0x00000583       0x2e d:/12.3 rel1/bin/../lib/gcc/arm-none-eabi/12.3.1/thumb/v7e-m/nofp\libc.a(libc_a-memset.o)
 .ARM.attributes
                0x000005b1       0x2e d:/12.3 rel1/bin/../lib/gcc/arm-none-eabi/12.3.1/thumb/v7e-m/nofp\libc.a(libc_a-closer.o)
 .ARM.attributes
                0x000005df       0x2e d:/12.3 rel1/bin/../lib/gcc/arm-none-eabi/12.3.1/thumb/v7e-m/nofp\libc.a(libc_a-reent.o)
 .ARM.attributes
                0x0000060d       0x2e d:/12.3 rel1/bin/../lib/gcc/arm-none-eabi/12.3.1/thumb/v7e-m/nofp\libc.a(libc_a-impure.o)
 .ARM.attributes
                0x0000063b       0x2e d:/12.3 rel1/bin/../lib/gcc/arm-none-eabi/12.3.1/thumb/v7e-m/nofp\libc.a(libc_a-lseekr.o)
 .ARM.attributes
                0x00000669       0x2e d:/12.3 rel1/bin/../lib/gcc/arm-none-eabi/12.3.1/thumb/v7e-m/nofp\libc.a(libc_a-readr.o)
 .ARM.attributes
                0x00000697       0x2e d:/12.3 rel1/bin/../lib/gcc/arm-none-eabi/12.3.1/thumb/v7e-m/nofp\libc.a(libc_a-writer.o)
 .ARM.attributes
                0x000006c5       0x2e d:/12.3 rel1/bin/../lib/gcc/arm-none-eabi/12.3.1/thumb/v7e-m/nofp\libc.a(libc_a-errno.o)
 .ARM.attributes
                0x000006f3       0x2e d:/12.3 rel1/bin/../lib/gcc/arm-none-eabi/12.3.1/thumb/v7e-m/nofp\libc.a(libc_a-init.o)
 .ARM.attributes
                0x00000721       0x2e d:/12.3 rel1/bin/../lib/gcc/arm-none-eabi/12.3.1/thumb/v7e-m/nofp\libc.a(libc_a-lock.o)
 .ARM.attributes
                0x0000074f       0x2e d:/12.3 rel1/bin/../lib/gcc/arm-none-eabi/12.3.1/thumb/v7e-m/nofp\libc.a(libc_a-__call_atexit.o)
 .ARM.attributes
                0x0000077d       0x2e d:/12.3 rel1/bin/../lib/gcc/arm-none-eabi/12.3.1/thumb/v7e-m/nofp\libc.a(libc_a-atexit.o)
 .ARM.attributes
                0x000007ab       0x2e d:/12.3 rel1/bin/../lib/gcc/arm-none-eabi/12.3.1/thumb/v7e-m/nofp\libc.a(libc_a-freer.o)
 .ARM.attributes
                0x000007d9       0x2e d:/12.3 rel1/bin/../lib/gcc/arm-none-eabi/12.3.1/thumb/v7e-m/nofp\libc.a(libc_a-malloc.o)
 .ARM.attributes
                0x00000807       0x2e d:/12.3 rel1/bin/../lib/gcc/arm-none-eabi/12.3.1/thumb/v7e-m/nofp\libc.a(libc_a-mallocr.o)
 .ARM.attributes
                0x00000835       0x2e d:/12.3 rel1/bin/../lib/gcc/arm-none-eabi/12.3.1/thumb/v7e-m/nofp\libc.a(libc_a-mlock.o)
 .ARM.attributes
                0x00000863       0x2e d:/12.3 rel1/bin/../lib/gcc/arm-none-eabi/12.3.1/thumb/v7e-m/nofp\libc.a(libc_a-fclose.o)
 .ARM.attributes
                0x00000891       0x2e d:/12.3 rel1/bin/../lib/gcc/arm-none-eabi/12.3.1/thumb/v7e-m/nofp\libc.a(libc_a-fflush.o)
 .ARM.attributes
                0x000008bf       0x2e d:/12.3 rel1/bin/../lib/gcc/arm-none-eabi/12.3.1/thumb/v7e-m/nofp\libc.a(libc_a-makebuf.o)
 .ARM.attributes
                0x000008ed       0x2e d:/12.3 rel1/bin/../lib/gcc/arm-none-eabi/12.3.1/thumb/v7e-m/nofp\libc.a(libc_a-putc.o)
 .ARM.attributes
                0x0000091b       0x2e d:/12.3 rel1/bin/../lib/gcc/arm-none-eabi/12.3.1/thumb/v7e-m/nofp\libc.a(libc_a-wbuf.o)
 .ARM.attributes
                0x00000949       0x2e d:/12.3 rel1/bin/../lib/gcc/arm-none-eabi/12.3.1/thumb/v7e-m/nofp\libc.a(libc_a-wsetup.o)
 .ARM.attributes
                0x00000977       0x2e d:/12.3 rel1/bin/../lib/gcc/arm-none-eabi/12.3.1/thumb/v7e-m/nofp\libc.a(libc_a-fstatr.o)
 .ARM.attributes
                0x000009a5       0x2e d:/12.3 rel1/bin/../lib/gcc/arm-none-eabi/12.3.1/thumb/v7e-m/nofp\libc.a(libc_a-isattyr.o)
 .ARM.attributes
                0x000009d3       0x2e d:/12.3 rel1/bin/../lib/gcc/arm-none-eabi/12.3.1/thumb/v7e-m/nofp\libc.a(libc_a-sbrkr.o)
 .ARM.attributes
                0x00000a01       0x2e d:/12.3 rel1/bin/../lib/gcc/arm-none-eabi/12.3.1/thumb/v7e-m/nofp\libc.a(libc_a-fini.o)
 .ARM.attributes
                0x00000a2f       0x2e d:/12.3 rel1/bin/../lib/gcc/arm-none-eabi/12.3.1/thumb/v7e-m/nofp\libc.a(libc_a-sysconf.o)
 .ARM.attributes
                0x00000a5d       0x2e d:/12.3 rel1/bin/../lib/gcc/arm-none-eabi/12.3.1/thumb/v7e-m/nofp\libc.a(libc_a-__atexit.o)
 .ARM.attributes
                0x00000a8b       0x2e d:/12.3 rel1/bin/../lib/gcc/arm-none-eabi/12.3.1/thumb/v7e-m/nofp/crtend.o
 .ARM.attributes
                0x00000ab9       0x1e d:/12.3 rel1/bin/../lib/gcc/arm-none-eabi/12.3.1/thumb/v7e-m/nofp/crtn.o
OUTPUT(XHB.elf elf32-littlearm)
LOAD linker stubs
LOAD d:/12.3 rel1/bin/../lib/gcc/arm-none-eabi/12.3.1/thumb/v7e-m/nofp\libc.a
LOAD d:/12.3 rel1/bin/../lib/gcc/arm-none-eabi/12.3.1/thumb/v7e-m/nofp\libm.a
LOAD d:/12.3 rel1/bin/../lib/gcc/arm-none-eabi/12.3.1/thumb/v7e-m/nofp\libgcc.a

.comment        0x00000000       0x45
 .comment       0x00000000       0x45 CMakeFiles/XHB.elf.dir/Core/Src/GreySensor.c.obj
                                 0x46 (size before relaxing)
 .comment       0x00000045       0x46 CMakeFiles/XHB.elf.dir/Core/Src/UltraSound.c.obj
 .comment       0x00000045       0x46 CMakeFiles/XHB.elf.dir/Core/Src/gpio.c.obj
 .comment       0x00000045       0x46 CMakeFiles/XHB.elf.dir/Core/Src/i2c.c.obj
 .comment       0x00000045       0x46 CMakeFiles/XHB.elf.dir/Core/Src/main.c.obj
 .comment       0x00000045       0x46 CMakeFiles/XHB.elf.dir/Core/Src/motor.c.obj
 .comment       0x00000045       0x46 CMakeFiles/XHB.elf.dir/Core/Src/oled.c.obj
 .comment       0x00000045       0x46 CMakeFiles/XHB.elf.dir/Core/Src/retarget.c.obj
 .comment       0x00000045       0x46 CMakeFiles/XHB.elf.dir/Core/Src/stm32f4xx_hal_msp.c.obj
 .comment       0x00000045       0x46 CMakeFiles/XHB.elf.dir/Core/Src/stm32f4xx_it.c.obj
 .comment       0x00000045       0x46 CMakeFiles/XHB.elf.dir/Core/Src/sysmem.c.obj
 .comment       0x00000045       0x46 CMakeFiles/XHB.elf.dir/Core/Src/system_stm32f4xx.c.obj
 .comment       0x00000045       0x46 CMakeFiles/XHB.elf.dir/Core/Src/tim.c.obj
 .comment       0x00000045       0x46 CMakeFiles/XHB.elf.dir/Core/Src/usart.c.obj
 .comment       0x00000045       0x46 CMakeFiles/XHB.elf.dir/Drivers/STM32F4xx_HAL_Driver/Src/stm32f4xx_hal.c.obj
 .comment       0x00000045       0x46 CMakeFiles/XHB.elf.dir/Drivers/STM32F4xx_HAL_Driver/Src/stm32f4xx_hal_cortex.c.obj
 .comment       0x00000045       0x46 CMakeFiles/XHB.elf.dir/Drivers/STM32F4xx_HAL_Driver/Src/stm32f4xx_hal_dma.c.obj
 .comment       0x00000045       0x46 CMakeFiles/XHB.elf.dir/Drivers/STM32F4xx_HAL_Driver/Src/stm32f4xx_hal_gpio.c.obj
 .comment       0x00000045       0x46 CMakeFiles/XHB.elf.dir/Drivers/STM32F4xx_HAL_Driver/Src/stm32f4xx_hal_i2c.c.obj
 .comment       0x00000045       0x46 CMakeFiles/XHB.elf.dir/Drivers/STM32F4xx_HAL_Driver/Src/stm32f4xx_hal_rcc.c.obj
 .comment       0x00000045       0x46 CMakeFiles/XHB.elf.dir/Drivers/STM32F4xx_HAL_Driver/Src/stm32f4xx_hal_tim.c.obj
 .comment       0x00000045       0x46 CMakeFiles/XHB.elf.dir/Drivers/STM32F4xx_HAL_Driver/Src/stm32f4xx_hal_tim_ex.c.obj
 .comment       0x00000045       0x46 CMakeFiles/XHB.elf.dir/Drivers/STM32F4xx_HAL_Driver/Src/stm32f4xx_hal_uart.c.obj

.debug_line_str
                0x00000000       0xd2
 .debug_line_str
                0x00000000       0xc6 d:/12.3 rel1/bin/../lib/gcc/arm-none-eabi/12.3.1/thumb/v7e-m/nofp\libgcc.a(_aeabi_uldivmod.o)
 .debug_line_str
                0x000000c6        0xc d:/12.3 rel1/bin/../lib/gcc/arm-none-eabi/12.3.1/thumb/v7e-m/nofp\libgcc.a(_dvmd_tls.o)
                                 0xca (size before relaxing)

.debug_frame    0x00000000      0x968
 .debug_frame   0x00000000       0x2c d:/12.3 rel1/bin/../lib/gcc/arm-none-eabi/12.3.1/thumb/v7e-m/nofp\libgcc.a(_aeabi_uldivmod.o)
 .debug_frame   0x0000002c       0x34 d:/12.3 rel1/bin/../lib/gcc/arm-none-eabi/12.3.1/thumb/v7e-m/nofp\libgcc.a(_udivmoddi4.o)
 .debug_frame   0x00000060      0x13c d:/12.3 rel1/bin/../lib/gcc/arm-none-eabi/12.3.1/thumb/v7e-m/nofp\libc.a(libc_a-findfp.o)
 .debug_frame   0x0000019c       0x34 d:/12.3 rel1/bin/../lib/gcc/arm-none-eabi/12.3.1/thumb/v7e-m/nofp\libc.a(libc_a-fwalk.o)
 .debug_frame   0x000001d0       0x30 d:/12.3 rel1/bin/../lib/gcc/arm-none-eabi/12.3.1/thumb/v7e-m/nofp\libc.a(libc_a-putchar.o)
 .debug_frame   0x00000200       0x3c d:/12.3 rel1/bin/../lib/gcc/arm-none-eabi/12.3.1/thumb/v7e-m/nofp\libc.a(libc_a-setvbuf.o)
 .debug_frame   0x0000023c       0x8c d:/12.3 rel1/bin/../lib/gcc/arm-none-eabi/12.3.1/thumb/v7e-m/nofp\libc.a(libc_a-stdio.o)
 .debug_frame   0x000002c8       0x2c d:/12.3 rel1/bin/../lib/gcc/arm-none-eabi/12.3.1/thumb/v7e-m/nofp\libc.a(libc_a-memset.o)
 .debug_frame   0x000002f4       0x2c d:/12.3 rel1/bin/../lib/gcc/arm-none-eabi/12.3.1/thumb/v7e-m/nofp\libc.a(libc_a-closer.o)
 .debug_frame   0x00000320       0x3c d:/12.3 rel1/bin/../lib/gcc/arm-none-eabi/12.3.1/thumb/v7e-m/nofp\libc.a(libc_a-reent.o)
 .debug_frame   0x0000035c       0x2c d:/12.3 rel1/bin/../lib/gcc/arm-none-eabi/12.3.1/thumb/v7e-m/nofp\libc.a(libc_a-lseekr.o)
 .debug_frame   0x00000388       0x2c d:/12.3 rel1/bin/../lib/gcc/arm-none-eabi/12.3.1/thumb/v7e-m/nofp\libc.a(libc_a-readr.o)
 .debug_frame   0x000003b4       0x2c d:/12.3 rel1/bin/../lib/gcc/arm-none-eabi/12.3.1/thumb/v7e-m/nofp\libc.a(libc_a-writer.o)
 .debug_frame   0x000003e0       0x20 d:/12.3 rel1/bin/../lib/gcc/arm-none-eabi/12.3.1/thumb/v7e-m/nofp\libc.a(libc_a-errno.o)
 .debug_frame   0x00000400       0x2c d:/12.3 rel1/bin/../lib/gcc/arm-none-eabi/12.3.1/thumb/v7e-m/nofp\libc.a(libc_a-init.o)
 .debug_frame   0x0000042c       0xb0 d:/12.3 rel1/bin/../lib/gcc/arm-none-eabi/12.3.1/thumb/v7e-m/nofp\libc.a(libc_a-lock.o)
 .debug_frame   0x000004dc       0x5c d:/12.3 rel1/bin/../lib/gcc/arm-none-eabi/12.3.1/thumb/v7e-m/nofp\libc.a(libc_a-__call_atexit.o)
 .debug_frame   0x00000538       0x20 d:/12.3 rel1/bin/../lib/gcc/arm-none-eabi/12.3.1/thumb/v7e-m/nofp\libc.a(libc_a-atexit.o)
 .debug_frame   0x00000558       0x78 d:/12.3 rel1/bin/../lib/gcc/arm-none-eabi/12.3.1/thumb/v7e-m/nofp\libc.a(libc_a-freer.o)
 .debug_frame   0x000005d0       0x30 d:/12.3 rel1/bin/../lib/gcc/arm-none-eabi/12.3.1/thumb/v7e-m/nofp\libc.a(libc_a-malloc.o)
 .debug_frame   0x00000600       0x48 d:/12.3 rel1/bin/../lib/gcc/arm-none-eabi/12.3.1/thumb/v7e-m/nofp\libc.a(libc_a-mallocr.o)
 .debug_frame   0x00000648       0x30 d:/12.3 rel1/bin/../lib/gcc/arm-none-eabi/12.3.1/thumb/v7e-m/nofp\libc.a(libc_a-mlock.o)
 .debug_frame   0x00000678       0x3c d:/12.3 rel1/bin/../lib/gcc/arm-none-eabi/12.3.1/thumb/v7e-m/nofp\libc.a(libc_a-fclose.o)
 .debug_frame   0x000006b4       0x70 d:/12.3 rel1/bin/../lib/gcc/arm-none-eabi/12.3.1/thumb/v7e-m/nofp\libc.a(libc_a-fflush.o)
 .debug_frame   0x00000724       0x70 d:/12.3 rel1/bin/../lib/gcc/arm-none-eabi/12.3.1/thumb/v7e-m/nofp\libc.a(libc_a-makebuf.o)
 .debug_frame   0x00000794       0x48 d:/12.3 rel1/bin/../lib/gcc/arm-none-eabi/12.3.1/thumb/v7e-m/nofp\libc.a(libc_a-putc.o)
 .debug_frame   0x000007dc       0x4c d:/12.3 rel1/bin/../lib/gcc/arm-none-eabi/12.3.1/thumb/v7e-m/nofp\libc.a(libc_a-wbuf.o)
 .debug_frame   0x00000828       0x2c d:/12.3 rel1/bin/../lib/gcc/arm-none-eabi/12.3.1/thumb/v7e-m/nofp\libc.a(libc_a-wsetup.o)
 .debug_frame   0x00000854       0x2c d:/12.3 rel1/bin/../lib/gcc/arm-none-eabi/12.3.1/thumb/v7e-m/nofp\libc.a(libc_a-fstatr.o)
 .debug_frame   0x00000880       0x2c d:/12.3 rel1/bin/../lib/gcc/arm-none-eabi/12.3.1/thumb/v7e-m/nofp\libc.a(libc_a-isattyr.o)
 .debug_frame   0x000008ac       0x2c d:/12.3 rel1/bin/../lib/gcc/arm-none-eabi/12.3.1/thumb/v7e-m/nofp\libc.a(libc_a-sbrkr.o)
 .debug_frame   0x000008d8       0x34 d:/12.3 rel1/bin/../lib/gcc/arm-none-eabi/12.3.1/thumb/v7e-m/nofp\libc.a(libc_a-fini.o)
 .debug_frame   0x0000090c       0x28 d:/12.3 rel1/bin/../lib/gcc/arm-none-eabi/12.3.1/thumb/v7e-m/nofp\libc.a(libc_a-sysconf.o)
 .debug_frame   0x00000934       0x34 d:/12.3 rel1/bin/../lib/gcc/arm-none-eabi/12.3.1/thumb/v7e-m/nofp\libc.a(libc_a-__atexit.o)
